BL51 BANKED LINKER/LOCATER V6.22.2.0                                                    03/24/2024  22:59:15  PAGE 1


BL51 BANKED LINKER/LOCATER V6.22.2.0, INVOKED BY:
D:\UV4\C51\BIN\BL51.EXE .\Objects\STARTUP.obj, .\Objects\main.obj, .\Objects\Timer.obj, .\Objects\Device.obj, .\Objects\
>> iic.obj, .\Objects\BTN.obj, .\Objects\SEG.obj, .\Objects\ADC.obj TO .\Objects\LQ-Ys PRINT (.\Listings\LQ-Ys.m51) RAMS
>> IZE (256)


MEMORY MODEL: SMALL WITH FLOATING POINT ARITHMETIC


INPUT MODULES INCLUDED:
  .\Objects\STARTUP.obj (?C_STARTUP)
  .\Objects\main.obj (MAIN)
  .\Objects\Timer.obj (TIMER)
  .\Objects\Device.obj (DEVICE)
  .\Objects\iic.obj (IIC)
  .\Objects\BTN.obj (BTN)
  .\Objects\SEG.obj (SEG)
  .\Objects\ADC.obj (ADC)
  D:\UV4\C51\LIB\C51FPS.LIB (?C?FPMUL)
  D:\UV4\C51\LIB\C51FPS.LIB (?C?FPDIV)
  D:\UV4\C51\LIB\C51FPS.LIB (?C?FPCMP)
  D:\UV4\C51\LIB\C51FPS.LIB (?C?FCAST)
  D:\UV4\C51\LIB\C51FPS.LIB (?C?CASTF)
  D:\UV4\C51\LIB\C51FPS.LIB (?C?FPGETOPN)
  D:\UV4\C51\LIB\C51S.LIB (?C_INIT)
  D:\UV4\C51\LIB\C51S.LIB (?C?UIDIV)
  D:\UV4\C51\LIB\C51S.LIB (?C?ULDIV)
  D:\UV4\C51\LIB\C51S.LIB (?C?LNEG)


LINK MAP OF MODULE:  .\Objects\LQ-Ys (?C_STARTUP)


            TYPE    BASE      LENGTH    RELOCATION   SEGMENT NAME
            -----------------------------------------------------

            * * * * * * *   D A T A   M E M O R Y   * * * * * * *
            REG     0000H     0008H     ABSOLUTE     "REG BANK 0"
            DATA    0008H     0009H     UNIT         ?DT?SEG
            DATA    0011H     0009H     UNIT         _DATA_GROUP_
            DATA    001AH     0003H     UNIT         ?DT?BTN
                    001DH     0003H                  *** GAP ***
            BIT     0020H.0   0000H.3   UNIT         ?BI?MAIN
                    0020H.3   0000H.5                *** GAP ***
            DATA    0021H     001DH     UNIT         ?DT?MAIN
            IDATA   003EH     0001H     UNIT         ?STACK

            * * * * * * *   C O D E   M E M O R Y   * * * * * * *
            CODE    0000H     0003H     ABSOLUTE     
            CODE    0003H     0042H     UNIT         ?PR?MINFO_PROCESS?MAIN
            CODE    0045H     001AH     UNIT         ?PR?_I2C_DELAY?IIC
                    005FH     0004H                  *** GAP ***
            CODE    0063H     0003H     ABSOLUTE     
            CODE    0066H     040FH     UNIT         ?C?LIB_CODE
            CODE    0475H     02DDH     UNIT         ?PR?SEG_PROCESS?MAIN
            CODE    0752H     00D4H     UNIT         ?PR?T2ISR?MAIN
            CODE    0826H     008CH     UNIT         ?C_C51STARTUP
            CODE    08B2H     008AH     UNIT         ?PR?BTN_PROCESS?MAIN
BL51 BANKED LINKER/LOCATER V6.22.2.0                                                  03/24/2024  22:59:15  PAGE 2


            CODE    093CH     006FH     UNIT         ?PR?LED_PROCESS?MAIN
            CODE    09ABH     0035H     UNIT         ?PR?_I2CSENDBYTE?IIC
            CODE    09E0H     0030H     UNIT         ?PR?_AD_READ?ADC
            CODE    0A10H     002EH     UNIT         ?PR?SEG_DISPLAY?SEG
            CODE    0A3EH     0026H     UNIT         ?PR?I2CRECEIVEBYTE?IIC
            CODE    0A64H     001FH     UNIT         ?PR?MAIN?MAIN
            CODE    0A83H     0018H     UNIT         ?PR?_I2CSENDACK?IIC
            CODE    0A9BH     0018H     UNIT         ?PR?BTN_READ?BTN
            CODE    0AB3H     0017H     UNIT         ?C_INITSEG
            CODE    0ACAH     0014H     UNIT         ?PR?DEVICE_INIT?DEVICE
            CODE    0ADEH     0013H     UNIT         ?PR?TIMER0_INIT?TIMER
            CODE    0AF1H     0012H     UNIT         ?PR?I2CWAITACK?IIC
            CODE    0B03H     0010H     UNIT         ?CO?SEG
            CODE    0B13H     000FH     UNIT         ?PR?DELAY1000MS?MAIN
            CODE    0B22H     000FH     UNIT         ?PR?I2CSTART?IIC
            CODE    0B31H     000DH     UNIT         ?PR?TIMER2_INIT?TIMER
            CODE    0B3EH     000DH     UNIT         ?PR?_DEVICE_CTRL?DEVICE
            CODE    0B4BH     000CH     UNIT         ?PR?I2CSTOP?IIC



OVERLAY MAP OF MODULE:   .\Objects\LQ-Ys (?C_STARTUP)


SEGMENT                           DATA_GROUP 
  +--> CALLED SEGMENT           START    LENGTH
-----------------------------------------------
?C_C51STARTUP                   -----    -----
  +--> ?PR?MAIN?MAIN
  +--> ?C_INITSEG

?PR?MAIN?MAIN                   -----    -----
  +--> ?PR?TIMER0_INIT?TIMER
  +--> ?PR?TIMER2_INIT?TIMER
  +--> ?PR?DEVICE_INIT?DEVICE
  +--> ?PR?_AD_READ?ADC
  +--> ?PR?DELAY1000MS?MAIN
  +--> ?PR?MINFO_PROCESS?MAIN
  +--> ?PR?BTN_PROCESS?MAIN
  +--> ?PR?SEG_PROCESS?MAIN
  +--> ?PR?LED_PROCESS?MAIN

?PR?DEVICE_INIT?DEVICE          -----    -----
  +--> ?PR?_DEVICE_CTRL?DEVICE

?PR?_AD_READ?ADC                0011H    0002H
  +--> ?PR?I2CSTART?IIC
  +--> ?PR?_I2CSENDBYTE?IIC
  +--> ?PR?I2CWAITACK?IIC
  +--> ?PR?I2CRECEIVEBYTE?IIC
  +--> ?PR?_I2CSENDACK?IIC
  +--> ?PR?I2CSTOP?IIC

?PR?I2CSTART?IIC                -----    -----
  +--> ?PR?_I2C_DELAY?IIC

?PR?_I2CSENDBYTE?IIC            -----    -----
BL51 BANKED LINKER/LOCATER V6.22.2.0                                                  03/24/2024  22:59:15  PAGE 3


  +--> ?PR?_I2C_DELAY?IIC

?PR?I2CWAITACK?IIC              -----    -----
  +--> ?PR?_I2C_DELAY?IIC

?PR?I2CRECEIVEBYTE?IIC          -----    -----
  +--> ?PR?_I2C_DELAY?IIC

?PR?_I2CSENDACK?IIC             -----    -----
  +--> ?PR?_I2C_DELAY?IIC

?PR?I2CSTOP?IIC                 -----    -----
  +--> ?PR?_I2C_DELAY?IIC

?PR?MINFO_PROCESS?MAIN          -----    -----
  +--> ?PR?_AD_READ?ADC

?PR?BTN_PROCESS?MAIN            -----    -----
  +--> ?PR?BTN_READ?BTN

?PR?SEG_PROCESS?MAIN            0011H    0009H
  +--> ?CO?SEG

?PR?LED_PROCESS?MAIN            0011H    0001H
  +--> ?PR?_DEVICE_CTRL?DEVICE

*** NEW ROOT ***************************************************

?PR?T2ISR?MAIN                  -----    -----
  +--> ?PR?SEG_DISPLAY?SEG

?PR?SEG_DISPLAY?SEG             -----    -----
  +--> ?PR?_DEVICE_CTRL?DEVICE



SYMBOL TABLE OF MODULE:  .\Objects\LQ-Ys (?C_STARTUP)

  VALUE           TYPE          NAME
  ----------------------------------

  -------         MODULE        ?C_STARTUP
  C:0826H         SEGMENT       ?C_C51STARTUP
  I:003EH         SEGMENT       ?STACK
  C:0000H         PUBLIC        ?C_STARTUP
  D:00E0H         SYMBOL        ACC
  D:00F0H         SYMBOL        B
  D:0083H         SYMBOL        DPH
  D:0082H         SYMBOL        DPL
  N:0000H         SYMBOL        IBPSTACK
  N:0100H         SYMBOL        IBPSTACKTOP
  N:0080H         SYMBOL        IDATALEN
  C:0829H         SYMBOL        IDATALOOP
  N:0000H         SYMBOL        PBPSTACK
  N:0100H         SYMBOL        PBPSTACKTOP
  N:0000H         SYMBOL        PDATALEN
  N:0000H         SYMBOL        PDATASTART
BL51 BANKED LINKER/LOCATER V6.22.2.0                                                  03/24/2024  22:59:15  PAGE 4


  N:0000H         SYMBOL        PPAGE
  N:0000H         SYMBOL        PPAGEENABLE
  D:00A0H         SYMBOL        PPAGE_SFR
  D:0081H         SYMBOL        SP
  C:0826H         SYMBOL        STARTUP1
  N:0000H         SYMBOL        XBPSTACK
  N:0000H         SYMBOL        XBPSTACKTOP
  N:0000H         SYMBOL        XDATALEN
  N:0000H         SYMBOL        XDATASTART
  C:0000H         LINE#         126
  C:0826H         LINE#         133
  C:0828H         LINE#         134
  C:0829H         LINE#         135
  C:082AH         LINE#         136
  C:082CH         LINE#         185
  C:082FH         LINE#         196
  -------         ENDMOD        ?C_STARTUP

  -------         MODULE        MAIN
  C:0000H         SYMBOL        _ICE_DUMMY_
  D:0080H         PUBLIC        P0
  D:0090H         PUBLIC        P1
  D:00A0H         PUBLIC        P2
  D:00B0H         PUBLIC        P3
  D:00C0H         PUBLIC        P4
  D:00C8H         PUBLIC        P5
  D:0021H         PUBLIC        U1
  D:00E8H         PUBLIC        P6
  D:00F8H         PUBLIC        P7
  D:0025H         PUBLIC        U3
  D:0029H         PUBLIC        Timer_1000ms
  D:002BH         PUBLIC        segcnt
  D:00A8H         PUBLIC        IE
  D:002CH         PUBLIC        keycnt
  C:0B13H         PUBLIC        Delay1000ms
  D:00B8H         PUBLIC        IP
  C:093CH         PUBLIC        LED_Process
  D:002DH         PUBLIC        ftemp
  C:0475H         PUBLIC        SEG_Process
  D:00D8H         PUBLIC        CCON
  C:0A64H         PUBLIC        main
  D:002FH         PUBLIC        mode
  C:08B2H         PUBLIC        BTN_Process
  D:0030H         PUBLIC        utemp
  D:0034H         PUBLIC        freq
  D:0036H         PUBLIC        icnt
  D:0098H         PUBLIC        SCON
  D:0088H         PUBLIC        TCON
  D:0037H         PUBLIC        pcnt
  B:0020H.0       PUBLIC        chl
  C:0003H         PUBLIC        mInfo_Process
  D:008CH         PUBLIC        TH0
  D:008AH         PUBLIC        TL0
  B:0020H.1       PUBLIC        ledflag
  D:0038H         PUBLIC        T
  B:0088H.4       PUBLIC        TR0
  D:003CH         PUBLIC        led_old
BL51 BANKED LINKER/LOCATER V6.22.2.0                                                  03/24/2024  22:59:15  PAGE 5


  B:0020H.2       PUBLIC        keyflag
  C:0752H         PUBLIC        T2ISR
  D:00D0H         PUBLIC        PSW
  D:003DH         PUBLIC        ledcnt
  -------         PROC          MINFO_PROCESS
  C:0003H         LINE#         22
  C:0003H         LINE#         23
  C:0003H         LINE#         24
  C:0007H         LINE#         25
  C:000AH         LINE#         27
  C:0027H         LINE#         28
  C:0044H         LINE#         29
  -------         ENDPROC       MINFO_PROCESS
  -------         PROC          BTN_PROCESS
  C:08B2H         LINE#         33
  C:08B2H         LINE#         34
  C:08B2H         LINE#         35
  C:08B9H         LINE#         36
  C:08BCH         LINE#         38
  C:08BFH         LINE#         40
  C:08C8H         LINE#         41
  C:08D2H         LINE#         42
  C:08DCH         LINE#         43
  C:08DFH         LINE#         45
  C:08DFH         LINE#         47
  C:08EBH         LINE#         48
  C:08EEH         LINE#         50
  C:08EEH         LINE#         52
  C:08F7H         LINE#         53
  C:0904H         LINE#         55
  C:0904H         LINE#         57
  C:090AH         LINE#         58
  C:0911H         LINE#         60
  C:0911H         LINE#         62
  C:0917H         LINE#         63
  C:0924H         LINE#         64
  C:0927H         LINE#         65
  C:0929H         LINE#         66
  C:0929H         LINE#         67
  C:092BH         LINE#         68
  C:092EH         LINE#         70
  C:0937H         LINE#         71
  C:0939H         LINE#         72
  C:093BH         LINE#         73
  C:093BH         LINE#         74
  -------         ENDPROC       BTN_PROCESS
  -------         PROC          SEG_PROCESS
  -------         DO            
  D:0011H         SYMBOL        i
  D:0012H         SYMBOL        buf
  -------         ENDDO         
  C:0475H         LINE#         76
  C:0475H         LINE#         77
  C:0475H         LINE#         81
  C:047CH         LINE#         82
  C:047FH         LINE#         84
  C:0495H         LINE#         85
BL51 BANKED LINKER/LOCATER V6.22.2.0                                                  03/24/2024  22:59:15  PAGE 6


  C:0495H         LINE#         86
  C:049CH         LINE#         87
  C:049FH         LINE#         88
  C:04A2H         LINE#         90
  C:04BBH         LINE#         91
  C:04D1H         LINE#         92
  C:04E7H         LINE#         93
  C:04FDH         LINE#         94
  C:050CH         LINE#         96
  C:050FH         LINE#         97
  C:0520H         LINE#         98
  C:0522H         LINE#         99
  C:052AH         LINE#         100
  C:052AH         LINE#         101
  C:053BH         LINE#         102
  C:0549H         LINE#         103
  C:054DH         LINE#         104
  C:054DH         LINE#         106
  C:054DH         LINE#         107
  C:0550H         LINE#         109
  C:0573H         LINE#         110
  C:0596H         LINE#         111
  C:05B8H         LINE#         112
  C:05DAH         LINE#         113
  C:05FBH         LINE#         114
  C:061CH         LINE#         115
  C:0634H         LINE#         117
  C:0637H         LINE#         118
  C:0648H         LINE#         119
  C:064AH         LINE#         120
  C:0652H         LINE#         121
  C:0652H         LINE#         122
  C:0663H         LINE#         123
  C:0671H         LINE#         124
  C:0675H         LINE#         125
  C:0675H         LINE#         127
  C:0675H         LINE#         128
  C:0678H         LINE#         129
  C:067BH         LINE#         130
  C:0681H         LINE#         132
  C:0686H         LINE#         133
  C:068DH         LINE#         134
  C:06A7H         LINE#         135
  C:06D1H         LINE#         136
  C:06E0H         LINE#         137
  C:06E2H         LINE#         138
  C:06E2H         LINE#         139
  C:06E9H         LINE#         140
  C:06FDH         LINE#         141
  C:0727H         LINE#         142
  C:0751H         LINE#         143
  C:0751H         LINE#         144
  C:0751H         LINE#         145
  C:0751H         LINE#         146
  -------         ENDPROC       SEG_PROCESS
  -------         PROC          LED_PROCESS
  -------         DO            
BL51 BANKED LINKER/LOCATER V6.22.2.0                                                  03/24/2024  22:59:15  PAGE 7


  D:0011H         SYMBOL        led
  -------         ENDDO         
  C:093CH         LINE#         148
  C:093CH         LINE#         149
  C:093CH         LINE#         150
  C:093FH         LINE#         152
  C:0943H         LINE#         153
  C:0946H         LINE#         156
  C:0966H         LINE#         157
  C:097AH         LINE#         158
  C:0987H         LINE#         159
  C:098CH         LINE#         160
  C:0991H         LINE#         161
  C:0994H         LINE#         162
  C:0994H         LINE#         164
  C:099AH         LINE#         166
  C:09A0H         LINE#         167
  C:09A3H         LINE#         168
  C:09AAH         LINE#         169
  C:09AAH         LINE#         170
  -------         ENDPROC       LED_PROCESS
  -------         PROC          DELAY1000MS
  -------         DO            
  D:0007H         SYMBOL        i
  D:0006H         SYMBOL        j
  D:0005H         SYMBOL        k
  -------         ENDDO         
  C:0B13H         LINE#         174
  C:0B13H         LINE#         175
  C:0B13H         LINE#         178
  C:0B14H         LINE#         179
  C:0B15H         LINE#         180
  C:0B17H         LINE#         181
  C:0B19H         LINE#         182
  C:0B1BH         LINE#         184
  C:0B1BH         LINE#         186
  C:0B1BH         LINE#         187
  C:0B1DH         LINE#         188
  C:0B1FH         LINE#         189
  C:0B21H         LINE#         190
  -------         ENDPROC       DELAY1000MS
  -------         PROC          MAIN
  C:0A64H         LINE#         191
  C:0A64H         LINE#         192
  C:0A64H         LINE#         193
  C:0A67H         LINE#         194
  C:0A6AH         LINE#         195
  C:0A6DH         LINE#         196
  C:0A72H         LINE#         197
  C:0A75H         LINE#         199
  C:0A75H         LINE#         200
  C:0A75H         LINE#         201
  C:0A78H         LINE#         203
  C:0A7BH         LINE#         204
  C:0A7EH         LINE#         205
  C:0A81H         LINE#         206
  -------         ENDPROC       MAIN
BL51 BANKED LINKER/LOCATER V6.22.2.0                                                  03/24/2024  22:59:15  PAGE 8


  -------         PROC          T2ISR
  C:0752H         LINE#         209
  C:076FH         LINE#         211
  C:0772H         LINE#         213
  C:0782H         LINE#         214
  C:0792H         LINE#         215
  C:07A2H         LINE#         216
  C:07B2H         LINE#         218
  C:07C3H         LINE#         219
  C:07C9H         LINE#         220
  C:07CBH         LINE#         221
  C:07D5H         LINE#         222
  C:0803H         LINE#         223
  C:0806H         LINE#         224
  C:0809H         LINE#         225
  C:080BH         LINE#         226
  C:080BH         LINE#         227
  -------         ENDPROC       T2ISR
  -------         ENDMOD        MAIN

  -------         MODULE        TIMER
  C:0000H         SYMBOL        _ICE_DUMMY_
  D:0080H         PUBLIC        P0
  D:0090H         PUBLIC        P1
  D:00A0H         PUBLIC        P2
  D:00B0H         PUBLIC        P3
  D:00C0H         PUBLIC        P4
  D:00C8H         PUBLIC        P5
  D:00E8H         PUBLIC        P6
  D:00F8H         PUBLIC        P7
  D:00A8H         PUBLIC        IE
  D:00B8H         PUBLIC        IP
  D:00D8H         PUBLIC        CCON
  C:0ADEH         PUBLIC        Timer0_Init
  C:0B31H         PUBLIC        Timer2_Init
  D:0098H         PUBLIC        SCON
  D:0089H         PUBLIC        TMOD
  D:0088H         PUBLIC        TCON
  D:008EH         PUBLIC        AUXR
  B:0088H.5       PUBLIC        TF0
  D:008CH         PUBLIC        TH0
  D:00D6H         PUBLIC        T2H
  D:008AH         PUBLIC        TL0
  D:00D7H         PUBLIC        T2L
  B:0088H.4       PUBLIC        TR0
  D:00D0H         PUBLIC        PSW
  -------         PROC          TIMER0_INIT
  C:0ADEH         LINE#         3
  C:0ADEH         LINE#         4
  C:0ADEH         LINE#         5
  C:0AE1H         LINE#         6
  C:0AE4H         LINE#         7
  C:0AE7H         LINE#         8
  C:0AEAH         LINE#         9
  C:0AECH         LINE#         10
  C:0AEEH         LINE#         11
  C:0AF0H         LINE#         12
BL51 BANKED LINKER/LOCATER V6.22.2.0                                                  03/24/2024  22:59:15  PAGE 9


  -------         ENDPROC       TIMER0_INIT
  -------         PROC          TIMER2_INIT
  C:0B31H         LINE#         14
  C:0B31H         LINE#         15
  C:0B31H         LINE#         16
  C:0B34H         LINE#         17
  C:0B37H         LINE#         18
  C:0B3AH         LINE#         19
  C:0B3DH         LINE#         20
  -------         ENDPROC       TIMER2_INIT
  -------         ENDMOD        TIMER

  -------         MODULE        DEVICE
  C:0000H         SYMBOL        _ICE_DUMMY_
  D:0080H         PUBLIC        P0
  D:0090H         PUBLIC        P1
  D:00A0H         PUBLIC        P2
  D:00B0H         PUBLIC        P3
  D:00C0H         PUBLIC        P4
  D:00C8H         PUBLIC        P5
  D:00E8H         PUBLIC        P6
  B:00A8H.7       PUBLIC        EA
  D:00F8H         PUBLIC        P7
  D:00A8H         PUBLIC        IE
  D:00B8H         PUBLIC        IP
  D:00D8H         PUBLIC        CCON
  D:0098H         PUBLIC        SCON
  D:0088H         PUBLIC        TCON
  D:00AFH         PUBLIC        IE2
  C:0ACAH         PUBLIC        Device_Init
  C:0B3EH         PUBLIC        _Device_Ctrl
  D:00D0H         PUBLIC        PSW
  -------         PROC          _DEVICE_CTRL
  D:0007H         SYMBOL        p2data
  D:0005H         SYMBOL        p0data
  C:0B3EH         LINE#         3
  C:0B3EH         LINE#         4
  C:0B3EH         LINE#         5
  C:0B45H         LINE#         6
  C:0B47H         LINE#         7
  C:0B4AH         LINE#         8
  -------         ENDPROC       _DEVICE_CTRL
  -------         PROC          DEVICE_INIT
  C:0ACAH         LINE#         10
  C:0ACAH         LINE#         11
  C:0ACAH         LINE#         12
  C:0AD1H         LINE#         13
  C:0AD8H         LINE#         15
  C:0ADBH         LINE#         16
  C:0ADDH         LINE#         17
  -------         ENDPROC       DEVICE_INIT
  -------         ENDMOD        DEVICE

  -------         MODULE        IIC
  C:0000H         SYMBOL        _ICE_DUMMY_
  D:0080H         PUBLIC        P0
  D:0090H         PUBLIC        P1
BL51 BANKED LINKER/LOCATER V6.22.2.0                                                  03/24/2024  22:59:15  PAGE 10


  D:00A0H         PUBLIC        P2
  D:00B0H         PUBLIC        P3
  D:00C0H         PUBLIC        P4
  D:00C8H         PUBLIC        P5
  D:00E8H         PUBLIC        P6
  D:00F8H         PUBLIC        P7
  D:00A8H         PUBLIC        IE
  C:0049H         SYMBOL        _I2C_Delay
  D:00B8H         PUBLIC        IP
  C:0A3EH         PUBLIC        I2CReceiveByte
  D:00D8H         PUBLIC        CCON
  D:0098H         PUBLIC        SCON
  D:0088H         PUBLIC        TCON
  B:00A0H.1       PUBLIC        sda
  B:00A0H.0       PUBLIC        scl
  C:0B22H         PUBLIC        I2CStart
  C:0A83H         PUBLIC        _I2CSendAck
  C:09ABH         PUBLIC        _I2CSendByte
  C:0AF1H         PUBLIC        I2CWaitAck
  C:0B4BH         PUBLIC        I2CStop
  D:00D0H         PUBLIC        PSW
  C:0045H         SYMBOL        L?0021
  -------         PROC          L?0020
  -------         ENDPROC       L?0020
  C:0045H         SYMBOL        L?0021
  -------         PROC          _I2C_DELAY
  D:0007H         SYMBOL        n
  C:0049H         LINE#         11
  C:0049H         LINE#         12
  C:0049H         LINE#         14
  C:0049H         LINE#         15
  C:004EH         LINE#         16
  C:0053H         LINE#         17
  C:0058H         LINE#         18
  C:0058H         LINE#         19
  C:005EH         LINE#         20
  -------         ENDPROC       _I2C_DELAY
  -------         PROC          I2CSTART
  C:0B22H         LINE#         23
  C:0B22H         LINE#         24
  C:0B22H         LINE#         25
  C:0B24H         LINE#         26
  C:0B24H         LINE#         27
  C:0B27H         LINE#         28
  C:0B29H         LINE#         29
  C:0B2EH         LINE#         30
  C:0B30H         LINE#         31
  -------         ENDPROC       I2CSTART
  -------         PROC          I2CSTOP
  C:0B4BH         LINE#         34
  C:0B4BH         LINE#         35
  C:0B4BH         LINE#         36
  C:0B4DH         LINE#         37
  C:0B4DH         LINE#         38
  C:0B50H         LINE#         39
  C:0B52H         LINE#         40
  -------         ENDPROC       I2CSTOP
BL51 BANKED LINKER/LOCATER V6.22.2.0                                                  03/24/2024  22:59:15  PAGE 11


  -------         PROC          _I2CSENDBYTE
  D:0005H         SYMBOL        byt
  -------         DO            
  D:0004H         SYMBOL        i
  -------         ENDDO         
  C:09ABH         LINE#         44
  C:09ADH         LINE#         45
  C:09ADH         LINE#         48
  C:09B9H         LINE#         49
  C:09BBH         LINE#         50
  C:09C0H         LINE#         51
  C:09C4H         LINE#         52
  C:09C6H         LINE#         53
  C:09C8H         LINE#         54
  C:09C8H         LINE#         55
  C:09CAH         LINE#         56
  C:09CAH         LINE#         57
  C:09CFH         LINE#         58
  C:09D1H         LINE#         59
  C:09D5H         LINE#         60
  C:09DAH         LINE#         61
  C:09DDH         LINE#         63
  C:09DFH         LINE#         64
  -------         ENDPROC       _I2CSENDBYTE
  -------         PROC          I2CRECEIVEBYTE
  -------         DO            
  D:0005H         SYMBOL        da
  D:0004H         SYMBOL        i
  -------         ENDDO         
  C:0A3EH         LINE#         67
  C:0A3EH         LINE#         68
  C:0A3EH         LINE#         71
  C:0A4AH         LINE#         72
  C:0A4AH         LINE#         73
  C:0A4DH         LINE#         74
  C:0A51H         LINE#         75
  C:0A54H         LINE#         76
  C:0A57H         LINE#         77
  C:0A59H         LINE#         78
  C:0A5EH         LINE#         79
  C:0A61H         LINE#         80
  C:0A63H         LINE#         81
  -------         ENDPROC       I2CRECEIVEBYTE
  -------         PROC          I2CWAITACK
  -------         DO            
  D:0005H         SYMBOL        ackbit
  -------         ENDDO         
  C:0AF1H         LINE#         84
  C:0AF1H         LINE#         85
  C:0AF1H         LINE#         88
  C:0AF1H         LINE#         89
  C:0AF4H         LINE#         90
  C:0AF9H         LINE#         91
  C:0AFBH         LINE#         92
  C:0B00H         LINE#         94
  C:0B02H         LINE#         95
  -------         ENDPROC       I2CWAITACK
BL51 BANKED LINKER/LOCATER V6.22.2.0                                                  03/24/2024  22:59:15  PAGE 12


  -------         PROC          _I2CSENDACK
  D:0007H         SYMBOL        ackbit
  C:0A83H         LINE#         98
  C:0A83H         LINE#         99
  C:0A83H         LINE#         100
  C:0A85H         LINE#         101
  C:0A8AH         LINE#         102
  C:0A8FH         LINE#         103
  C:0A8FH         LINE#         104
  C:0A92H         LINE#         105
  C:0A94H         LINE#         106
  C:0A96H         LINE#         107
  -------         ENDPROC       _I2CSENDACK
  -------         ENDMOD        IIC

  -------         MODULE        BTN
  C:0000H         SYMBOL        _ICE_DUMMY_
  D:0080H         PUBLIC        P0
  D:0090H         PUBLIC        P1
  D:00A0H         PUBLIC        P2
  D:00B0H         PUBLIC        P3
  D:00C0H         PUBLIC        P4
  D:00C8H         PUBLIC        P5
  D:00E8H         PUBLIC        P6
  D:00F8H         PUBLIC        P7
  D:00A8H         PUBLIC        IE
  D:00B8H         PUBLIC        IP
  D:00D8H         PUBLIC        CCON
  D:0098H         PUBLIC        SCON
  D:0088H         PUBLIC        TCON
  D:001AH         PUBLIC        cont
  D:001BH         PUBLIC        rels
  D:001CH         PUBLIC        pres
  C:0A9BH         PUBLIC        BTN_Read
  D:00D0H         PUBLIC        PSW
  -------         PROC          BTN_READ
  -------         DO            
  D:0007H         SYMBOL        state
  -------         ENDDO         
  C:0A9BH         LINE#         4
  C:0A9BH         LINE#         5
  C:0A9BH         LINE#         6
  C:0AA1H         LINE#         7
  C:0AA4H         LINE#         8
  C:0AABH         LINE#         9
  C:0AB0H         LINE#         10
  C:0AB2H         LINE#         11
  -------         ENDPROC       BTN_READ
  -------         ENDMOD        BTN

  -------         MODULE        SEG
  C:0000H         SYMBOL        _ICE_DUMMY_
  D:0080H         PUBLIC        P0
  D:0090H         PUBLIC        P1
  D:00A0H         PUBLIC        P2
  D:00B0H         PUBLIC        P3
  D:00C0H         PUBLIC        P4
BL51 BANKED LINKER/LOCATER V6.22.2.0                                                  03/24/2024  22:59:15  PAGE 13


  D:00C8H         PUBLIC        P5
  D:00E8H         PUBLIC        P6
  D:00F8H         PUBLIC        P7
  D:00A8H         PUBLIC        IE
  D:00B8H         PUBLIC        IP
  C:0A10H         PUBLIC        SEG_Display
  D:00D8H         PUBLIC        CCON
  D:0098H         PUBLIC        SCON
  D:0088H         PUBLIC        TCON
  C:0B03H         PUBLIC        tab
  D:0009H         PUBLIC        seg_buf
  D:00D0H         PUBLIC        PSW
  -------         PROC          SEG_DISPLAY
  -------         DO            
  D:0008H         SYMBOL        i
  -------         ENDDO         
  C:0A10H         LINE#         24
  C:0A10H         LINE#         25
  C:0A10H         LINE#         27
  C:0A17H         LINE#         28
  C:0A23H         LINE#         29
  C:0A36H         LINE#         30
  C:0A3DH         LINE#         31
  -------         ENDPROC       SEG_DISPLAY
  -------         ENDMOD        SEG

  -------         MODULE        ADC
  C:0000H         SYMBOL        _ICE_DUMMY_
  D:0080H         PUBLIC        P0
  D:0090H         PUBLIC        P1
  D:00A0H         PUBLIC        P2
  D:00B0H         PUBLIC        P3
  D:00C0H         PUBLIC        P4
  D:00C8H         PUBLIC        P5
  D:00E8H         PUBLIC        P6
  D:00F8H         PUBLIC        P7
  D:00A8H         PUBLIC        IE
  D:00B8H         PUBLIC        IP
  D:00D8H         PUBLIC        CCON
  D:0098H         PUBLIC        SCON
  D:0088H         PUBLIC        TCON
  C:09E0H         PUBLIC        _AD_Read
  D:00D0H         PUBLIC        PSW
  -------         PROC          _AD_READ
  D:0011H         SYMBOL        addr
  -------         DO            
  D:0012H         SYMBOL        dat
  -------         ENDDO         
  C:09E0H         LINE#         6
  C:09E2H         LINE#         7
  C:09E2H         LINE#         9
  C:09E5H         LINE#         10
  C:09EAH         LINE#         11
  C:09EDH         LINE#         12
  C:09F2H         LINE#         13
  C:09F5H         LINE#         15
  C:09F8H         LINE#         16
BL51 BANKED LINKER/LOCATER V6.22.2.0                                                  03/24/2024  22:59:15  PAGE 14


  C:09FDH         LINE#         17
  C:0A00H         LINE#         18
  C:0A05H         LINE#         19
  C:0A0AH         LINE#         20
  C:0A0DH         LINE#         22
  C:0A0FH         LINE#         23
  -------         ENDPROC       _AD_READ
  -------         ENDMOD        ADC

  -------         MODULE        ?C?FPMUL
  C:0066H         PUBLIC        ?C?FPMUL
  -------         ENDMOD        ?C?FPMUL

  -------         MODULE        ?C?FPDIV
  C:016FH         PUBLIC        ?C?FPDIV
  -------         ENDMOD        ?C?FPDIV

  -------         MODULE        ?C?FPCMP
  C:020EH         PUBLIC        ?C?FPCMP
  C:020CH         PUBLIC        ?C?FPCMP3
  -------         ENDMOD        ?C?FPCMP

  -------         MODULE        ?C?FCAST
  C:028FH         PUBLIC        ?C?FCASTC
  C:028AH         PUBLIC        ?C?FCASTI
  C:0285H         PUBLIC        ?C?FCASTL
  -------         ENDMOD        ?C?FCAST

  -------         MODULE        ?C?CASTF
  C:02C3H         PUBLIC        ?C?CASTF
  -------         ENDMOD        ?C?CASTF

  -------         MODULE        ?C?UIDIV
  C:0344H         PUBLIC        ?C?UIDIV
  -------         ENDMOD        ?C?UIDIV

  -------         MODULE        ?C?ULDIV
  C:03D5H         PUBLIC        ?C?ULDIV
  -------         ENDMOD        ?C?ULDIV

  -------         MODULE        ?C?LNEG
  C:0467H         PUBLIC        ?C?LNEG
  -------         ENDMOD        ?C?LNEG

Program Size: data=59.3 xdata=0 code=2899
LINK/LOCATE RUN COMPLETE.  0 WARNING(S),  0 ERROR(S)
