C51 COMPILER V9.56.0.0   KBD                                                               02/02/2024 16:59:45 PAGE 1   


C51 COMPILER V9.56.0.0, COMPILATION OF MODULE KBD
OBJECT MODULE PLACED IN .\Objects\KBD.obj
COMPILER INVOKED BY: D:\C51\BIN\C51.EXE KBD.c OPTIMIZE(8,SPEED) BROWSE DEBUG OBJECTEXTEND PRINT(.\Listings\KBD.lst) TABS
                    -(2) OBJECT(.\Objects\KBD.obj)

line level    source

   1          #include "KBD.h"
   2          /*Keyboard ¾ØÕó¼üÅÌ*/
   3          
   4          u8 trg,cont;//Ë²Ê±×´Ì¬£¬³ÖÐø×´Ì¬
   5          
   6          u8 KBD_IO()//¾ØÕó¼üÅÌÉ¨Ãèº¯Êý
   7          {
   8   1        u8 io = 0xff;
   9   1        
  10   1        //ÁÐÉ¨Ãè
  11   1        P3 = 0xf0;P4 = 0xff;
  12   1        if(P44 == 0)  io = 0x70;
  13   1        if(P42 == 0)  io = 0xb0;
  14   1        if(P35 == 0)  io = 0xd0;
  15   1        if(P34 == 0)  io = 0xe0;
  16   1        
  17   1        //ÐÐÉ¨Ãè
  18   1        P3 = 0x0f;P4 = 0x00;
  19   1        if(P33 == 0)  io = io | 0x07;
  20   1        if(P32 == 0)  io = io | 0x0b;
  21   1        if(P31 == 0)  io = io | 0x0d;
  22   1        if(P30 == 0)  io = io | 0x0e;
  23   1        
  24   1        return io;
  25   1      }
  26          
  27          void KBD_Read()//¶ÁÈ¡¾ØÕó¼üÅÌ×´Ì¬º¯Êý
  28          {
  29   1        u8 state = KBD_IO() ^ 0xff;
  30   1        trg = state & (state ^ cont);
  31   1        cont = state;
  32   1      }


MODULE INFORMATION:   STATIC OVERLAYABLE
   CODE SIZE        =     73    ----
   CONSTANT SIZE    =   ----    ----
   XDATA SIZE       =   ----    ----
   PDATA SIZE       =   ----    ----
   DATA SIZE        =      2    ----
   IDATA SIZE       =   ----    ----
   BIT SIZE         =   ----    ----
END OF MODULE INFORMATION.


C51 COMPILATION COMPLETE.  0 WARNING(S),  0 ERROR(S)
