BL51 BANKED LINKER/LOCATER V6.22                                                        02/02/2024  16:59:45  PAGE 1


BL51 BANKED LINKER/LOCATER V6.22, INVOKED BY:
D:\C51\BIN\BL51.EXE .\Objects\STARTUP.obj, .\Objects\main.obj, .\Objects\Device.obj, .\Objects\Timer.obj, .\Objects\Uart
>> .obj, .\Objects\ds1302.obj, .\Objects\KBD.obj, .\Objects\SEG.obj TO .\Objects\LQ-Ys PRINT (.\Listings\LQ-Ys.m51) RAMS
>> IZE (256)


MEMORY MODEL: SMALL


INPUT MODULES INCLUDED:
  .\Objects\STARTUP.obj (?C_STARTUP)
  .\Objects\main.obj (MAIN)
  .\Objects\Device.obj (DEVICE)
  .\Objects\Timer.obj (TIMER)
  .\Objects\Uart.obj (UART)
  .\Objects\ds1302.obj (DS1302)
  .\Objects\KBD.obj (KBD)
  .\Objects\SEG.obj (SEG)
  D:\C51\LIB\C51S.LIB (?C_INIT)
  D:\C51\LIB\C51S.LIB (?C?CLDPTR)
  D:\C51\LIB\C51S.LIB (?C?CLDOPTR)
  D:\C51\LIB\C51S.LIB (?C?CSTPTR)
  D:\C51\LIB\C51S.LIB (?C?CSTOPTR)
  D:\C51\LIB\C51S.LIB (?C?UIDIV)


LINK MAP OF MODULE:  .\Objects\LQ-Ys (?C_STARTUP)


            TYPE    BASE      LENGTH    RELOCATION   SEGMENT NAME
            -----------------------------------------------------

            * * * * * * *   D A T A   M E M O R Y   * * * * * * *
            REG     0000H     0008H     ABSOLUTE     "REG BANK 0"
            DATA    0008H     0010H     UNIT         _DATA_GROUP_
            DATA    0018H     0002H     UNIT         ?DT?KBD
                    001AH     0006H                  *** GAP ***
            BIT     0020H.0   0000H.7   UNIT         ?BI?MAIN
            BIT     0020H.7   0000H.2   UNIT         _BIT_GROUP_
                    0021H.1   0000H.7                *** GAP ***
            DATA    0022H     001DH     UNIT         ?DT?MAIN
            DATA    003FH     0009H     UNIT         ?DT?SEG
            IDATA   0048H     0001H     UNIT         ?STACK

            * * * * * * *   C O D E   M E M O R Y   * * * * * * *
            CODE    0000H     0003H     ABSOLUTE     
            CODE    0003H     0008H     UNIT         ?PR?_SENDBYTE?UART
            CODE    000BH     0003H     ABSOLUTE     
            CODE    000EH     0015H     UNIT         ?PR?DEVICE_INIT?DEVICE
            CODE    0023H     0003H     ABSOLUTE     
            CODE    0026H     0217H     UNIT         ?PR?KBD_PROCESS?MAIN
            CODE    023DH     01A2H     UNIT         ?PR?SEG_PROCESS?MAIN
            CODE    03DFH     0146H     UNIT         ?PR?_MDATE_INCDEC?MAIN
            CODE    0525H     00CFH     UNIT         ?C?LIB_CODE
            CODE    05F4H     00B0H     UNIT         ?PR?T0ISR?MAIN
            CODE    06A4H     00A3H     UNIT         ?PR?LED_PROCESS?MAIN
            CODE    0747H     009FH     UNIT         ?PR?_MTIME_INCDEC?MAIN
            CODE    07E6H     008CH     UNIT         ?C_C51STARTUP
BL51 BANKED LINKER/LOCATER V6.22                                                      02/02/2024  16:59:45  PAGE 2


            CODE    0872H     007AH     UNIT         ?PR?BEEP_PROCESS?MAIN
            CODE    08ECH     0062H     UNIT         ?PR?_DS1302_SET?DS1302
            CODE    094EH     005AH     UNIT         ?PR?_DS1302_READ?DS1302
            CODE    09A8H     003BH     UNIT         ?PR?KBD_IO?KBD
            CODE    09E3H     003AH     UNIT         ?PR?MAIN?MAIN
            CODE    0A1DH     0034H     UNIT         ?PR?_READ_DS1302_BYTE?DS1302
            CODE    0A51H     002EH     UNIT         ?PR?SEG_DISPLAY?SEG
            CODE    0A7FH     0029H     UNIT         ?C_INITSEG
            CODE    0AA8H     0025H     UNIT         ?PR?_UART_SEND?UART
            CODE    0ACDH     0014H     UNIT         ?PR?_WRITE_DS1302_BYTE?DS1302
            CODE    0AE1H     0013H     UNIT         ?PR?MALARM_CLEAR?MAIN
            CODE    0AF4H     0013H     UNIT         ?PR?UART1INIT?UART
            CODE    0B07H     0013H     UNIT         ?PR?_WRITE_DS1302?DS1302
            CODE    0B1AH     0011H     UNIT         ?PR?MALARM_EXIST?MAIN
            CODE    0B2BH     0011H     UNIT         ?CO?MAIN
            CODE    0B3CH     0011H     UNIT         ?PR?TIMER0_INIT?TIMER
            CODE    0B4DH     0010H     UNIT         ?CO?SEG
            CODE    0B5DH     000EH     UNIT         ?PR?KBD_READ?KBD
            CODE    0B6BH     000DH     UNIT         ?PR?_DEVICE_CTRL?DEVICE
            CODE    0B78H     0001H     UNIT         ?PR?U1ISR?MAIN



OVERLAY MAP OF MODULE:   .\Objects\LQ-Ys (?C_STARTUP)


SEGMENT                                  BIT_GROUP          DATA_GROUP 
  +--> CALLED SEGMENT                 START    LENGTH     START    LENGTH
-------------------------------------------------------------------------
?C_C51STARTUP                         -----    -----      -----    -----
  +--> ?PR?MAIN?MAIN
  +--> ?C_INITSEG

?PR?MAIN?MAIN                         -----    -----      -----    -----
  +--> ?PR?TIMER0_INIT?TIMER
  +--> ?PR?UART1INIT?UART
  +--> ?PR?DEVICE_INIT?DEVICE
  +--> ?PR?_DS1302_SET?DS1302
  +--> ?CO?MAIN
  +--> ?PR?_UART_SEND?UART
  +--> ?PR?KBD_PROCESS?MAIN
  +--> ?PR?SEG_PROCESS?MAIN
  +--> ?PR?LED_PROCESS?MAIN
  +--> ?PR?BEEP_PROCESS?MAIN

?PR?DEVICE_INIT?DEVICE                -----    -----      -----    -----
  +--> ?PR?_DEVICE_CTRL?DEVICE

?PR?_DS1302_SET?DS1302                -----    -----      0009H    0006H
  +--> ?PR?_WRITE_DS1302_BYTE?DS1302

?PR?_WRITE_DS1302_BYTE?DS1302         -----    -----      -----    -----
  +--> ?PR?_WRITE_DS1302?DS1302

?PR?_UART_SEND?UART                   -----    -----      0008H    0003H
  +--> ?PR?_SENDBYTE?UART

BL51 BANKED LINKER/LOCATER V6.22                                                      02/02/2024  16:59:45  PAGE 3


?PR?KBD_PROCESS?MAIN                  0020H.7  0000H.1    0008H    0001H
  +--> ?PR?KBD_READ?KBD
  +--> ?PR?MALARM_CLEAR?MAIN
  +--> ?PR?MALARM_EXIST?MAIN
  +--> ?PR?_DS1302_SET?DS1302
  +--> ?PR?_MDATE_INCDEC?MAIN
  +--> ?PR?_MTIME_INCDEC?MAIN
  +--> ?PR?_DEVICE_CTRL?DEVICE

?PR?KBD_READ?KBD                      -----    -----      -----    -----
  +--> ?PR?KBD_IO?KBD

?PR?_MDATE_INCDEC?MAIN                0021H.0  0000H.1    0009H    0009H

?PR?_MTIME_INCDEC?MAIN                0021H.0  0000H.1    0009H    0004H

?PR?SEG_PROCESS?MAIN                  -----    -----      0008H    0005H
  +--> ?CO?SEG
  +--> ?PR?MALARM_EXIST?MAIN

?PR?LED_PROCESS?MAIN                  -----    -----      0008H    0001H
  +--> ?PR?_DEVICE_CTRL?DEVICE

?PR?BEEP_PROCESS?MAIN                 -----    -----      -----    -----
  +--> ?PR?_DEVICE_CTRL?DEVICE

*** NEW ROOT ***************************************************

?PR?T0ISR?MAIN                        -----    -----      -----    -----
  +--> ?PR?SEG_DISPLAY?SEG
  +--> ?PR?_DS1302_READ?DS1302

?PR?SEG_DISPLAY?SEG                   -----    -----      -----    -----
  +--> ?PR?_DEVICE_CTRL?DEVICE

?PR?_DS1302_READ?DS1302               -----    -----      0012H    0006H
  +--> ?PR?_READ_DS1302_BYTE?DS1302

?PR?_READ_DS1302_BYTE?DS1302          -----    -----      -----    -----
  +--> ?PR?_WRITE_DS1302?DS1302



SYMBOL TABLE OF MODULE:  .\Objects\LQ-Ys (?C_STARTUP)

  VALUE           TYPE          NAME
  ----------------------------------

  -------         MODULE        ?C_STARTUP
  C:07E6H         SEGMENT       ?C_C51STARTUP
  I:0048H         SEGMENT       ?STACK
  C:0000H         PUBLIC        ?C_STARTUP
  D:00E0H         SYMBOL        ACC
  D:00F0H         SYMBOL        B
  D:0083H         SYMBOL        DPH
  D:0082H         SYMBOL        DPL
  N:0000H         SYMBOL        IBPSTACK
BL51 BANKED LINKER/LOCATER V6.22                                                      02/02/2024  16:59:45  PAGE 4


  N:0100H         SYMBOL        IBPSTACKTOP
  N:0080H         SYMBOL        IDATALEN
  C:07E9H         SYMBOL        IDATALOOP
  N:0000H         SYMBOL        PBPSTACK
  N:0100H         SYMBOL        PBPSTACKTOP
  N:0000H         SYMBOL        PDATALEN
  N:0000H         SYMBOL        PDATASTART
  N:0000H         SYMBOL        PPAGE
  N:0000H         SYMBOL        PPAGEENABLE
  D:00A0H         SYMBOL        PPAGE_SFR
  D:0081H         SYMBOL        SP
  C:07E6H         SYMBOL        STARTUP1
  N:0000H         SYMBOL        XBPSTACK
  N:0000H         SYMBOL        XBPSTACKTOP
  N:0000H         SYMBOL        XDATALEN
  N:0000H         SYMBOL        XDATASTART
  C:0000H         LINE#         126
  C:07E6H         LINE#         133
  C:07E8H         LINE#         134
  C:07E9H         LINE#         135
  C:07EAH         LINE#         136
  C:07ECH         LINE#         185
  C:07EFH         LINE#         196
  -------         ENDMOD        ?C_STARTUP

  -------         MODULE        MAIN
  C:0000H         SYMBOL        _ICE_DUMMY_
  D:0026H         PUBLIC        al_num
  D:0080H         PUBLIC        P0
  D:0090H         PUBLIC        P1
  B:0020H.2       PUBLIC        eflag
  D:00A0H         PUBLIC        P2
  D:00B0H         PUBLIC        P3
  D:00C0H         PUBLIC        P4
  D:00C8H         PUBLIC        P5
  D:00E8H         PUBLIC        P6
  D:00F8H         PUBLIC        P7
  C:0747H         PUBLIC        _mTime_IncDec
  D:00A8H         PUBLIC        IE
  D:0027H         PUBLIC        alarm
  C:0026H         PUBLIC        KBD_Process
  D:00B8H         PUBLIC        IP
  C:06A4H         PUBLIC        LED_Process
  B:0020H.3       PUBLIC        edit_flash
  D:0030H         PUBLIC        date
  C:023DH         PUBLIC        SEG_Process
  D:0033H         PUBLIC        edit_index
  D:00D8H         PUBLIC        CCON
  C:09E3H         PUBLIC        main
  D:0034H         PUBLIC        mode
  C:0AE1H         PUBLIC        mAlarm_Clear
  D:0035H         PUBLIC        ecnt
  D:0036H         PUBLIC        time
  D:0098H         PUBLIC        SCON
  D:0088H         PUBLIC        TCON
  D:0039H         PUBLIC        temp
  B:0020H.4       PUBLIC        al_flash
BL51 BANKED LINKER/LOCATER V6.22                                                      02/02/2024  16:59:45  PAGE 5


  D:003CH         PUBLIC        cnt
  B:0020H.5       PUBLIC        al_flag
  C:0B1AH         PUBLIC        mAlarm_Exist
  D:003DH         PUBLIC        al_count
  D:003EH         PUBLIC        al_ring
  C:0872H         PUBLIC        BEEP_Process
  B:0020H.6       PUBLIC        ringing
  C:05F4H         PUBLIC        T0ISR
  C:0B78H         PUBLIC        U1ISR
  C:03DFH         PUBLIC        _mDate_IncDec
  D:00D0H         PUBLIC        PSW
  -------         PROC          MALARM_EXIST
  C:0B1AH         LINE#         33
  C:0B1AH         LINE#         34
  C:0B1AH         LINE#         35
  C:0B29H         LINE#         36
  C:0B2AH         LINE#         37
  -------         ENDPROC       MALARM_EXIST
  -------         PROC          MALARM_CLEAR
  -------         DO            
  D:0007H         SYMBOL        i
  -------         ENDDO         
  C:0AE1H         LINE#         39
  C:0AE1H         LINE#         40
  C:0AE1H         LINE#         42
  C:0AE3H         LINE#         43
  C:0AEFH         LINE#         44
  C:0AF3H         LINE#         45
  -------         ENDPROC       MALARM_CLEAR
  -------         PROC          _MTIME_INCDEC
  D:0009H         SYMBOL        t
  D:0005H         SYMBOL        i
  B:0021H.0       SYMBOL        ope
  -------         DO            
  D:0007H         SYMBOL        x
  D:000CH         SYMBOL        max
  -------         ENDDO         
  C:0747H         LINE#         47
  C:074DH         LINE#         48
  C:074DH         LINE#         50
  C:0763H         LINE#         53
  C:076BH         LINE#         54
  C:076EH         LINE#         56
  C:0773H         LINE#         57
  C:078CH         LINE#         58
  C:078CH         LINE#         59
  C:078DH         LINE#         60
  C:07A9H         LINE#         61
  C:07A9H         LINE#         62
  C:07ABH         LINE#         63
  C:07ABH         LINE#         64
  C:07C3H         LINE#         65
  C:07C3H         LINE#         66
  C:07C4H         LINE#         67
  C:07E5H         LINE#         68
  C:07E5H         LINE#         69
  C:07E5H         LINE#         70
BL51 BANKED LINKER/LOCATER V6.22                                                      02/02/2024  16:59:45  PAGE 6


  -------         ENDPROC       _MTIME_INCDEC
  -------         PROC          _MDATE_INCDEC
  D:0009H         SYMBOL        d
  D:000CH         SYMBOL        i
  B:0021H.0       SYMBOL        ope
  -------         DO            
  D:000DH         SYMBOL        x
  D:000EH         SYMBOL        max
  D:000FH         SYMBOL        min
  D:0010H         SYMBOL        year
  -------         ENDDO         
  C:03DFH         LINE#         72
  C:03E7H         LINE#         73
  C:03E7H         LINE#         76
  C:03FFH         LINE#         77
  C:041FH         LINE#         79
  C:042BH         LINE#         80
  C:0433H         LINE#         81
  C:0438H         LINE#         82
  C:0438H         LINE#         83
  C:0449H         LINE#         84
  C:046CH         LINE#         85
  C:0471H         LINE#         86
  C:0474H         LINE#         87
  C:0476H         LINE#         88
  C:0495H         LINE#         89
  C:049AH         LINE#         91
  C:049DH         LINE#         92
  C:04A0H         LINE#         93
  C:04A0H         LINE#         94
  C:04A0H         LINE#         97
  C:04A5H         LINE#         98
  C:04C1H         LINE#         99
  C:04C1H         LINE#         100
  C:04C3H         LINE#         101
  C:04E2H         LINE#         102
  C:04E2H         LINE#         103
  C:04E4H         LINE#         104
  C:04E4H         LINE#         105
  C:0500H         LINE#         106
  C:0500H         LINE#         107
  C:0502H         LINE#         108
  C:0524H         LINE#         109
  C:0524H         LINE#         110
  C:0524H         LINE#         111
  -------         ENDPROC       _MDATE_INCDEC
  -------         PROC          KBD_PROCESS
  -------         DO            
  B:0020H.0       SYMBOL        mflag
  D:0022H         SYMBOL        pcnt
  D:0023H         SYMBOL        ecnt
  -------         DO            
  D:0008H         SYMBOL        i
  B:0020H.7       SYMBOL        tempflag
  B:0020H.7       SYMBOL        flag
  -------         ENDDO         
  -------         DO            
BL51 BANKED LINKER/LOCATER V6.22                                                      02/02/2024  16:59:45  PAGE 7


  B:0020H.7       SYMBOL        flag
  -------         ENDDO         
  -------         ENDDO         
  C:0026H         LINE#         114
  C:0026H         LINE#         115
  C:0026H         LINE#         119
  C:0030H         LINE#         120
  C:0033H         LINE#         121
  C:0036H         LINE#         123
  C:0040H         LINE#         124
  C:0042H         LINE#         125
  C:0049H         LINE#         126
  C:004BH         LINE#         127
  C:004DH         LINE#         128
  C:004FH         LINE#         129
  C:0059H         LINE#         130
  C:0061H         LINE#         131
  C:0061H         LINE#         132
  C:0069H         LINE#         133
  C:006BH         LINE#         134
  C:0072H         LINE#         135
  C:0074H         LINE#         136
  C:0077H         LINE#         137
  C:0079H         LINE#         138
  C:0079H         LINE#         139
  C:0079H         LINE#         141
  C:0083H         LINE#         142
  C:0085H         LINE#         143
  C:008EH         LINE#         144
  C:008EH         LINE#         146
  C:009DH         LINE#         147
  C:009FH         LINE#         148
  C:00A6H         LINE#         149
  C:00A9H         LINE#         150
  C:00ACH         LINE#         151
  C:00ACH         LINE#         152
  C:00ACH         LINE#         154
  C:00B5H         LINE#         157
  C:00BFH         LINE#         158
  C:00C9H         LINE#         159
  C:00CFH         LINE#         160
  C:00D3H         LINE#         161
  C:00D5H         LINE#         162
  C:00D8H         LINE#         163
  C:00DBH         LINE#         164
  C:00F2H         LINE#         165
  C:00F2H         LINE#         166
  C:00F7H         LINE#         167
  C:00FAH         LINE#         168
  C:0111H         LINE#         169
  C:0111H         LINE#         170
  C:0111H         LINE#         171
  C:0116H         LINE#         172
  C:0119H         LINE#         173
  C:0136H         LINE#         174
  C:0136H         LINE#         175
  C:0136H         LINE#         176
BL51 BANKED LINKER/LOCATER V6.22                                                      02/02/2024  16:59:45  PAGE 8


  C:0139H         LINE#         177
  C:0147H         LINE#         178
  C:0147H         LINE#         179
  C:0147H         LINE#         180
  C:014AH         LINE#         181
  C:014CH         LINE#         182
  C:014CH         LINE#         183
  C:0152H         LINE#         184
  C:0155H         LINE#         185
  C:0166H         LINE#         186
  C:016BH         LINE#         187
  C:017FH         LINE#         188
  C:017FH         LINE#         189
  C:0182H         LINE#         190
  C:019DH         LINE#         191
  C:019DH         LINE#         192
  C:01A1H         LINE#         193
  C:01A4H         LINE#         194
  C:01A4H         LINE#         195
  C:01A6H         LINE#         197
  C:01A8H         LINE#         198
  C:01A8H         LINE#         200
  C:01B9H         LINE#         201
  C:01BBH         LINE#         202
  C:01BDH         LINE#         203
  C:01C4H         LINE#         204
  C:01C6H         LINE#         205
  C:01C9H         LINE#         206
  C:01C9H         LINE#         207
  C:01C9H         LINE#         208
  C:01E3H         LINE#         210
  C:01ECH         LINE#         211
  C:01EEH         LINE#         212
  C:01F3H         LINE#         213
  C:01FBH         LINE#         214
  C:0206H         LINE#         215
  C:0211H         LINE#         216
  C:0211H         LINE#         217
  C:021AH         LINE#         218
  C:021AH         LINE#         219
  C:021DH         LINE#         220
  C:021DH         LINE#         222
  C:0224H         LINE#         223
  C:0226H         LINE#         224
  C:0229H         LINE#         225
  C:022CH         LINE#         226
  C:0232H         LINE#         227
  C:0232H         LINE#         229
  C:0236H         LINE#         230
  C:0238H         LINE#         231
  C:023AH         LINE#         232
  C:023CH         LINE#         233
  C:023CH         LINE#         235
  C:023CH         LINE#         236
  -------         ENDPROC       KBD_PROCESS
  -------         PROC          SEG_PROCESS
  -------         DO            
BL51 BANKED LINKER/LOCATER V6.22                                                      02/02/2024  16:59:45  PAGE 9


  D:0008H         SYMBOL        lbit
  D:0009H         SYMBOL        lbit1
  D:000AH         SYMBOL        lbit2
  D:000BH         SYMBOL        edit_index1
  D:000CH         SYMBOL        edit_index2
  -------         ENDDO         
  C:023DH         LINE#         238
  C:023DH         LINE#         239
  C:023DH         LINE#         240
  C:0240H         LINE#         241
  C:0243H         LINE#         243
  C:0253H         LINE#         244
  C:0253H         LINE#         245
  C:025EH         LINE#         246
  C:0265H         LINE#         247
  C:026DH         LINE#         248
  C:0274H         LINE#         249
  C:027CH         LINE#         250
  C:027EH         LINE#         251
  C:0280H         LINE#         253
  C:0280H         LINE#         254
  C:028BH         LINE#         255
  C:0292H         LINE#         256
  C:029AH         LINE#         257
  C:02A1H         LINE#         258
  C:02A9H         LINE#         259
  C:02ABH         LINE#         260
  C:02ADH         LINE#         262
  C:02ADH         LINE#         263
  C:02B7H         LINE#         264
  C:02C6H         LINE#         265
  C:02CCH         LINE#         266
  C:02DDH         LINE#         267
  C:02E3H         LINE#         268
  C:02F4H         LINE#         269
  C:02FAH         LINE#         270
  C:02FBH         LINE#         271
  C:02FBH         LINE#         272
  C:0302H         LINE#         273
  C:0304H         LINE#         274
  C:0306H         LINE#         275
  C:0308H         LINE#         276
  C:030AH         LINE#         277
  C:030CH         LINE#         278
  C:030CH         LINE#         279
  C:030DH         LINE#         281
  C:030DH         LINE#         282
  C:0315H         LINE#         283
  C:0327H         LINE#         284
  C:0337H         LINE#         285
  C:0349H         LINE#         286
  C:0359H         LINE#         287
  C:035FH         LINE#         288
  C:0374H         LINE#         289
  C:0385H         LINE#         290
  C:0387H         LINE#         291
  C:0387H         LINE#         292
BL51 BANKED LINKER/LOCATER V6.22                                                      02/02/2024  16:59:45  PAGE 10


  C:038EH         LINE#         293
  C:0395H         LINE#         294
  C:0395H         LINE#         295
  C:03AAH         LINE#         296
  C:03BBH         LINE#         297
  C:03CDH         LINE#         298
  C:03DEH         LINE#         299
  C:03DEH         LINE#         300
  C:03DEH         LINE#         301
  -------         ENDPROC       SEG_PROCESS
  -------         PROC          LED_PROCESS
  -------         DO            
  D:0008H         SYMBOL        led
  -------         ENDDO         
  C:06A4H         LINE#         303
  C:06A4H         LINE#         304
  C:06A4H         LINE#         306
  C:06BAH         LINE#         307
  C:06BCH         LINE#         308
  C:06BEH         LINE#         309
  C:06C0H         LINE#         310
  C:06C5H         LINE#         311
  C:06CAH         LINE#         312
  C:06CDH         LINE#         313
  C:06CDH         LINE#         314
  C:06D8H         LINE#         315
  C:06E4H         LINE#         316
  C:06E9H         LINE#         317
  C:06EEH         LINE#         318
  C:06F1H         LINE#         319
  C:06F1H         LINE#         320
  C:06F1H         LINE#         321
  C:06F7H         LINE#         322
  C:0703H         LINE#         324
  C:0706H         LINE#         325
  C:070BH         LINE#         326
  C:0717H         LINE#         327
  C:071CH         LINE#         328
  C:0721H         LINE#         329
  C:0724H         LINE#         330
  C:0724H         LINE#         331
  C:0724H         LINE#         332
  C:0724H         LINE#         333
  C:0727H         LINE#         334
  C:0733H         LINE#         335
  C:0738H         LINE#         336
  C:073DH         LINE#         337
  C:0740H         LINE#         338
  C:0740H         LINE#         339
  C:0740H         LINE#         341
  -------         ENDPROC       LED_PROCESS
  -------         PROC          BEEP_PROCESS
  -------         DO            
  D:0007H         SYMBOL        i
  B:0020H.1       SYMBOL        flag
  -------         ENDDO         
  C:0872H         LINE#         344
BL51 BANKED LINKER/LOCATER V6.22                                                      02/02/2024  16:59:45  PAGE 11


  C:0872H         LINE#         345
  C:0872H         LINE#         348
  C:0877H         LINE#         349
  C:0879H         LINE#         350
  C:089EH         LINE#         351
  C:08A0H         LINE#         352
  C:08A2H         LINE#         353
  C:08A4H         LINE#         354
  C:08A6H         LINE#         355
  C:08A6H         LINE#         356
  C:08AAH         LINE#         357
  C:08AAH         LINE#         360
  C:08ADH         LINE#         361
  C:08B3H         LINE#         362
  C:08BAH         LINE#         363
  C:08BCH         LINE#         364
  C:08BEH         LINE#         365
  C:08C0H         LINE#         366
  C:08CAH         LINE#         367
  C:08D1H         LINE#         368
  C:08D3H         LINE#         369
  C:08D3H         LINE#         370
  C:08D3H         LINE#         371
  C:08DAH         LINE#         372
  C:08E1H         LINE#         373
  C:08E4H         LINE#         374
  C:08E6H         LINE#         375
  C:08E8H         LINE#         376
  C:08EBH         LINE#         377
  C:08EBH         LINE#         378
  -------         ENDPROC       BEEP_PROCESS
  -------         PROC          MAIN
  C:09E3H         LINE#         380
  C:09E3H         LINE#         381
  C:09E3H         LINE#         382
  C:09E6H         LINE#         383
  C:09E9H         LINE#         384
  C:09ECH         LINE#         385
  C:09FEH         LINE#         386
  C:0A07H         LINE#         388
  C:0A07H         LINE#         389
  C:0A07H         LINE#         390
  C:0A0AH         LINE#         391
  C:0A0DH         LINE#         392
  C:0A10H         LINE#         393
  C:0A18H         LINE#         394
  C:0A1BH         LINE#         395
  -------         ENDPROC       MAIN
  -------         PROC          T0ISR
  -------         DO            
  D:0024H         SYMBOL        rcnt
  D:0025H         SYMBOL        acnt
  -------         ENDDO         
  C:05F4H         LINE#         398
  C:0611H         LINE#         401
  C:0614H         LINE#         402
  C:0616H         LINE#         403
BL51 BANKED LINKER/LOCATER V6.22                                                      02/02/2024  16:59:45  PAGE 12


  C:061DH         LINE#         404
  C:061FH         LINE#         405
  C:0625H         LINE#         406
  C:0637H         LINE#         407
  C:063AH         LINE#         408
  C:063AH         LINE#         409
  C:063DH         LINE#         410
  C:063FH         LINE#         411
  C:064AH         LINE#         412
  C:0655H         LINE#         413
  C:0660H         LINE#         414
  C:0669H         LINE#         415
  C:0670H         LINE#         416
  C:0672H         LINE#         417
  C:0675H         LINE#         418
  C:0675H         LINE#         419
  C:0675H         LINE#         420
  C:067BH         LINE#         421
  C:067DH         LINE#         422
  C:0684H         LINE#         423
  C:0686H         LINE#         424
  C:0689H         LINE#         425
  C:0689H         LINE#         426
  C:0689H         LINE#         427
  C:0689H         LINE#         428
  -------         ENDPROC       T0ISR
  -------         PROC          U1ISR
  C:0B78H         LINE#         430
  C:0B78H         LINE#         436
  -------         ENDPROC       U1ISR
  -------         ENDMOD        MAIN

  -------         MODULE        DEVICE
  C:0000H         SYMBOL        _ICE_DUMMY_
  D:0080H         PUBLIC        P0
  D:0090H         PUBLIC        P1
  D:00A0H         PUBLIC        P2
  D:00B0H         PUBLIC        P3
  D:00C0H         PUBLIC        P4
  D:00C8H         PUBLIC        P5
  D:00E8H         PUBLIC        P6
  B:00A8H.7       PUBLIC        EA
  D:00F8H         PUBLIC        P7
  D:00A8H         PUBLIC        IE
  B:00A8H.4       PUBLIC        ES
  D:00B8H         PUBLIC        IP
  D:00D8H         PUBLIC        CCON
  D:0098H         PUBLIC        SCON
  D:0088H         PUBLIC        TCON
  B:00A8H.1       PUBLIC        ET0
  C:000EH         PUBLIC        Device_Init
  C:0B6BH         PUBLIC        _Device_Ctrl
  D:00D0H         PUBLIC        PSW
  -------         PROC          _DEVICE_CTRL
  D:0007H         SYMBOL        p2data
  D:0005H         SYMBOL        p0data
  C:0B6BH         LINE#         3
BL51 BANKED LINKER/LOCATER V6.22                                                      02/02/2024  16:59:45  PAGE 13


  C:0B6BH         LINE#         6
  C:0B6BH         LINE#         7
  C:0B72H         LINE#         8
  C:0B74H         LINE#         9
  C:0B77H         LINE#         10
  -------         ENDPROC       _DEVICE_CTRL
  -------         PROC          DEVICE_INIT
  C:000EH         LINE#         12
  C:000EH         LINE#         13
  C:000EH         LINE#         14
  C:0015H         LINE#         15
  C:001CH         LINE#         18
  C:001EH         LINE#         19
  C:0020H         LINE#         20
  C:0022H         LINE#         21
  -------         ENDPROC       DEVICE_INIT
  -------         ENDMOD        DEVICE

  -------         MODULE        TIMER
  C:0000H         SYMBOL        _ICE_DUMMY_
  D:0080H         PUBLIC        P0
  D:0090H         PUBLIC        P1
  D:00A0H         PUBLIC        P2
  D:00B0H         PUBLIC        P3
  D:00C0H         PUBLIC        P4
  D:00C8H         PUBLIC        P5
  D:00E8H         PUBLIC        P6
  D:00F8H         PUBLIC        P7
  D:00A8H         PUBLIC        IE
  D:00B8H         PUBLIC        IP
  D:00D8H         PUBLIC        CCON
  C:0B3CH         PUBLIC        Timer0_Init
  D:0098H         PUBLIC        SCON
  D:0089H         PUBLIC        TMOD
  D:0088H         PUBLIC        TCON
  D:008EH         PUBLIC        AUXR
  B:0088H.5       PUBLIC        TF0
  D:008CH         PUBLIC        TH0
  D:008AH         PUBLIC        TL0
  B:0088H.4       PUBLIC        TR0
  D:00D0H         PUBLIC        PSW
  -------         PROC          TIMER0_INIT
  C:0B3CH         LINE#         3
  C:0B3CH         LINE#         4
  C:0B3CH         LINE#         5
  C:0B3FH         LINE#         6
  C:0B42H         LINE#         7
  C:0B45H         LINE#         8
  C:0B48H         LINE#         9
  C:0B4AH         LINE#         10
  C:0B4CH         LINE#         11
  -------         ENDPROC       TIMER0_INIT
  -------         ENDMOD        TIMER

  -------         MODULE        UART
  C:0000H         SYMBOL        _ICE_DUMMY_
  D:0080H         PUBLIC        P0
BL51 BANKED LINKER/LOCATER V6.22                                                      02/02/2024  16:59:45  PAGE 14


  D:0090H         PUBLIC        P1
  D:00A0H         PUBLIC        P2
  D:00B0H         PUBLIC        P3
  D:00C0H         PUBLIC        P4
  D:00C8H         PUBLIC        P5
  D:00E8H         PUBLIC        P6
  D:00F8H         PUBLIC        P7
  C:0AA8H         PUBLIC        _Uart_Send
  D:00A8H         PUBLIC        IE
  D:00B8H         PUBLIC        IP
  B:0098H.1       PUBLIC        TI
  C:0003H         PUBLIC        _SendByte
  D:00D8H         PUBLIC        CCON
  D:0099H         PUBLIC        SBUF
  D:0098H         PUBLIC        SCON
  D:0088H         PUBLIC        TCON
  D:008EH         PUBLIC        AUXR
  D:00D6H         PUBLIC        T2H
  D:00D7H         PUBLIC        T2L
  C:0AF4H         PUBLIC        Uart1Init
  D:00D0H         PUBLIC        PSW
  -------         PROC          UART1INIT
  C:0AF4H         LINE#         3
  C:0AF4H         LINE#         4
  C:0AF4H         LINE#         5
  C:0AF7H         LINE#         6
  C:0AFAH         LINE#         7
  C:0AFDH         LINE#         8
  C:0B00H         LINE#         9
  C:0B03H         LINE#         10
  C:0B06H         LINE#         11
  -------         ENDPROC       UART1INIT
  -------         PROC          _SENDBYTE
  D:0007H         SYMBOL        dat
  C:0003H         LINE#         13
  C:0003H         LINE#         14
  C:0003H         LINE#         15
  C:0005H         LINE#         16
  C:0008H         LINE#         17
  C:000AH         LINE#         18
  -------         ENDPROC       _SENDBYTE
  -------         PROC          _UART_SEND
  D:0008H         SYMBOL        dat
  C:0AA8H         LINE#         20
  C:0AAEH         LINE#         21
  C:0AAEH         LINE#         22
  C:0AB9H         LINE#         23
  C:0ACCH         LINE#         24
  -------         ENDPROC       _UART_SEND
  -------         ENDMOD        UART

  -------         MODULE        DS1302
  C:0000H         SYMBOL        _ICE_DUMMY_
  D:0080H         PUBLIC        P0
  D:0090H         PUBLIC        P1
  D:00A0H         PUBLIC        P2
  D:00B0H         PUBLIC        P3
BL51 BANKED LINKER/LOCATER V6.22                                                      02/02/2024  16:59:45  PAGE 15


  D:00C0H         PUBLIC        P4
  D:00C8H         PUBLIC        P5
  D:00E8H         PUBLIC        P6
  D:00F8H         PUBLIC        P7
  D:00A8H         PUBLIC        IE
  D:00B8H         PUBLIC        IP
  D:00D8H         PUBLIC        CCON
  D:0098H         PUBLIC        SCON
  D:0088H         PUBLIC        TCON
  C:094EH         PUBLIC        _DS1302_Read
  C:0A1DH         PUBLIC        _Read_Ds1302_Byte
  B:00A0H.3       PUBLIC        SDA
  B:0090H.7       PUBLIC        SCK
  C:0ACDH         PUBLIC        _Write_Ds1302_Byte
  C:08ECH         PUBLIC        _DS1302_Set
  C:0B07H         PUBLIC        _Write_Ds1302
  B:0090H.3       PUBLIC        RST
  D:00D0H         PUBLIC        PSW
  -------         PROC          _WRITE_DS1302
  D:0007H         SYMBOL        temp
  -------         DO            
  D:0006H         SYMBOL        i
  -------         ENDDO         
  C:0B07H         LINE#         8
  C:0B07H         LINE#         9
  C:0B07H         LINE#         11
  C:0B09H         LINE#         12
  C:0B09H         LINE#         13
  C:0B0BH         LINE#         14
  C:0B0FH         LINE#         15
  C:0B13H         LINE#         16
  C:0B15H         LINE#         17
  C:0B19H         LINE#         18
  -------         ENDPROC       _WRITE_DS1302
  -------         PROC          _WRITE_DS1302_BYTE
  D:0007H         SYMBOL        address
  D:0005H         SYMBOL        dat
  C:0ACDH         LINE#         21
  C:0ACDH         LINE#         22
  C:0ACDH         LINE#         23
  C:0AD0H         LINE#         24
  C:0AD3H         LINE#         25
  C:0AD6H         LINE#         26
  C:0AD9H         LINE#         27
  C:0ADEH         LINE#         28
  C:0AE0H         LINE#         29
  -------         ENDPROC       _WRITE_DS1302_BYTE
  -------         PROC          _READ_DS1302_BYTE
  D:0007H         SYMBOL        address
  -------         DO            
  D:0007H         SYMBOL        i
  D:0005H         SYMBOL        temp
  -------         ENDDO         
  C:0A1DH         LINE#         32
  C:0A1DH         LINE#         33
  C:0A1DH         LINE#         34
  C:0A1FH         LINE#         35
BL51 BANKED LINKER/LOCATER V6.22                                                      02/02/2024  16:59:45  PAGE 16


  C:0A22H         LINE#         36
  C:0A25H         LINE#         37
  C:0A28H         LINE#         38
  C:0A2BH         LINE#         39
  C:0A2DH         LINE#         40
  C:0A2DH         LINE#         41
  C:0A2FH         LINE#         42
  C:0A33H         LINE#         43
  C:0A36H         LINE#         44
  C:0A39H         LINE#         45
  C:0A3BH         LINE#         46
  C:0A3FH         LINE#         47
  C:0A42H         LINE#         48
  C:0A45H         LINE#         49
  C:0A48H         LINE#         50
  C:0A4BH         LINE#         51
  C:0A4EH         LINE#         52
  C:0A50H         LINE#         53
  -------         ENDPROC       _READ_DS1302_BYTE
  -------         PROC          _DS1302_SET
  D:0001H         SYMBOL        time
  D:000CH         SYMBOL        date
  C:08ECH         LINE#         56
  C:08ECH         LINE#         57
  C:08ECH         LINE#         58
  C:08F3H         LINE#         60
  C:08FCH         LINE#         61
  C:0908H         LINE#         62
  C:0914H         LINE#         63
  C:0923H         LINE#         64
  C:0935H         LINE#         65
  C:0947H         LINE#         67
  -------         ENDPROC       _DS1302_SET
  -------         PROC          _DS1302_READ
  D:0012H         SYMBOL        time
  D:0015H         SYMBOL        date
  -------         DO            
  D:0004H         SYMBOL        i
  -------         ENDDO         
  C:094EH         LINE#         70
  C:0954H         LINE#         71
  C:0954H         LINE#         73
  C:0956H         LINE#         74
  C:0971H         LINE#         75
  C:0975H         LINE#         76
  C:0984H         LINE#         77
  C:0996H         LINE#         78
  -------         ENDPROC       _DS1302_READ
  -------         ENDMOD        DS1302

  -------         MODULE        KBD
  C:0000H         SYMBOL        _ICE_DUMMY_
  D:0080H         PUBLIC        P0
  D:0090H         PUBLIC        P1
  D:00A0H         PUBLIC        P2
  D:00B0H         PUBLIC        P3
  D:00C0H         PUBLIC        P4
BL51 BANKED LINKER/LOCATER V6.22                                                      02/02/2024  16:59:45  PAGE 17


  D:00C8H         PUBLIC        P5
  D:00E8H         PUBLIC        P6
  D:00F8H         PUBLIC        P7
  D:00A8H         PUBLIC        IE
  D:00B8H         PUBLIC        IP
  D:00D8H         PUBLIC        CCON
  C:0B5DH         PUBLIC        KBD_Read
  B:00B0H.0       PUBLIC        P30
  B:00B0H.1       PUBLIC        P31
  D:0098H         PUBLIC        SCON
  B:00B0H.2       PUBLIC        P32
  D:0088H         PUBLIC        TCON
  D:0018H         PUBLIC        cont
  B:00C0H.2       PUBLIC        P42
  B:00B0H.3       PUBLIC        P33
  B:00B0H.4       PUBLIC        P34
  B:00C0H.4       PUBLIC        P44
  B:00B0H.5       PUBLIC        P35
  C:09A8H         PUBLIC        KBD_IO
  D:0019H         PUBLIC        trg
  D:00D0H         PUBLIC        PSW
  -------         PROC          KBD_IO
  -------         DO            
  D:0007H         SYMBOL        io
  -------         ENDDO         
  C:09A8H         LINE#         6
  C:09A8H         LINE#         7
  C:09A8H         LINE#         8
  C:09AAH         LINE#         11
  C:09B0H         LINE#         12
  C:09B5H         LINE#         13
  C:09BAH         LINE#         14
  C:09BFH         LINE#         15
  C:09C4H         LINE#         18
  C:09CAH         LINE#         19
  C:09D0H         LINE#         20
  C:09D6H         LINE#         21
  C:09DCH         LINE#         22
  C:09E2H         LINE#         24
  C:09E2H         LINE#         25
  -------         ENDPROC       KBD_IO
  -------         PROC          KBD_READ
  -------         DO            
  D:0007H         SYMBOL        state
  -------         ENDDO         
  C:0B5DH         LINE#         27
  C:0B5DH         LINE#         28
  C:0B5DH         LINE#         29
  C:0B63H         LINE#         30
  C:0B68H         LINE#         31
  C:0B6AH         LINE#         32
  -------         ENDPROC       KBD_READ
  -------         ENDMOD        KBD

  -------         MODULE        SEG
  C:0000H         SYMBOL        _ICE_DUMMY_
  D:0080H         PUBLIC        P0
BL51 BANKED LINKER/LOCATER V6.22                                                      02/02/2024  16:59:45  PAGE 18


  D:0090H         PUBLIC        P1
  D:00A0H         PUBLIC        P2
  D:00B0H         PUBLIC        P3
  D:00C0H         PUBLIC        P4
  D:00C8H         PUBLIC        P5
  D:00E8H         PUBLIC        P6
  D:00F8H         PUBLIC        P7
  D:00A8H         PUBLIC        IE
  D:00B8H         PUBLIC        IP
  C:0A51H         PUBLIC        SEG_Display
  D:00D8H         PUBLIC        CCON
  D:0098H         PUBLIC        SCON
  D:0088H         PUBLIC        TCON
  C:0B4DH         PUBLIC        tab
  D:0040H         PUBLIC        seg_buf
  D:00D0H         PUBLIC        PSW
  -------         PROC          SEG_DISPLAY
  -------         DO            
  D:003FH         SYMBOL        i
  -------         ENDDO         
  C:0A51H         LINE#         25
  C:0A51H         LINE#         26
  C:0A51H         LINE#         28
  C:0A58H         LINE#         29
  C:0A64H         LINE#         30
  C:0A77H         LINE#         31
  C:0A7EH         LINE#         32
  -------         ENDPROC       SEG_DISPLAY
  -------         ENDMOD        SEG

  -------         MODULE        ?C?CLDPTR
  C:0525H         PUBLIC        ?C?CLDPTR
  -------         ENDMOD        ?C?CLDPTR

  -------         MODULE        ?C?CLDOPTR
  C:053EH         PUBLIC        ?C?CLDOPTR
  -------         ENDMOD        ?C?CLDOPTR

  -------         MODULE        ?C?CSTPTR
  C:056BH         PUBLIC        ?C?CSTPTR
  -------         ENDMOD        ?C?CSTPTR

  -------         MODULE        ?C?CSTOPTR
  C:057DH         PUBLIC        ?C?CSTOPTR
  -------         ENDMOD        ?C?CSTOPTR

  -------         MODULE        ?C?UIDIV
  C:059FH         PUBLIC        ?C?UIDIV
  -------         ENDMOD        ?C?UIDIV

Program Size: data=66.1 xdata=0 code=2937
LINK/LOCATE RUN COMPLETE.  0 WARNING(S),  0 ERROR(S)
