C51 COMPILER V9.56.0.0   DS1302                                                            02/19/2024 18:03:15 PAGE 1   


C51 COMPILER V9.56.0.0, COMPILATION OF MODULE DS1302
OBJECT MODULE PLACED IN .\Objects\DS1302.obj
COMPILER INVOKED BY: D:\C51\BIN\C51.EXE DS1302.c OPTIMIZE(8,SPEED) BROWSE DEBUG OBJECTEXTEND PRINT(.\Listings\DS1302.lst
                    -) TABS(2) OBJECT(.\Objects\DS1302.obj)

line level    source

   1          #include "DS1302.h"
   2          
   3          void Write_Ds1302(unsigned  char temp) 
   4          {
   5   1        unsigned char i;
   6   1        for (i=0;i<8;i++)       
   7   1        { 
   8   2          SCK = 0;
   9   2          SDA = temp&0x01;
  10   2          temp>>=1; 
  11   2          SCK=1;
  12   2        }
  13   1      }   
  14          
  15          void Write_Ds1302_Byte( unsigned char address,unsigned char dat )     
  16          {
  17   1        RST=0;  _nop_();
  18   1        SCK=0;  _nop_();
  19   1        RST=1;  _nop_();  
  20   1        Write_Ds1302(address);  
  21   1        Write_Ds1302(dat);    
  22   1        RST=0; 
  23   1      }
  24          
  25          unsigned char Read_Ds1302_Byte ( unsigned char address )
  26          {
  27   1        unsigned char i,temp=0x00;
  28   1        RST=0;  _nop_();
  29   1        SCK=0;  _nop_();
  30   1        RST=1;  _nop_();
  31   1        Write_Ds1302(address);
  32   1        for (i=0;i<8;i++)   
  33   1        {   
  34   2          SCK=0;
  35   2          temp>>=1; 
  36   2          if(SDA)
  37   2          temp|=0x80; 
  38   2          SCK=1;
  39   2        } 
  40   1        RST=0;  _nop_();
  41   1        SCK=0;  _nop_();
  42   1        SCK=1;  _nop_();
  43   1        SDA=0;  _nop_();
  44   1        SDA=1;  _nop_();
  45   1        return (temp);      
  46   1      }
  47          
  48          
  49          void DS1302_Set(u8* time)//DS1302时间设置
  50          {
  51   1        Write_Ds1302_Byte(0x8e,0x00);//打开写保护
  52   1        
  53   1        Write_Ds1302_Byte(0x84,time[0]);//写时分秒
  54   1        Write_Ds1302_Byte(0x82,time[1]);
C51 COMPILER V9.56.0.0   DS1302                                                            02/19/2024 18:03:15 PAGE 2   

  55   1        Write_Ds1302_Byte(0x80,time[2]);
  56   1        
  57   1        Write_Ds1302_Byte(0x8e,0x80);//关闭写保护
  58   1      }
  59          
  60          void DS1302_Read(u8* time)//读取DS1302时间，指针返回数据
  61          {
  62   1        u8 i;
  63   1        for(i = 0; i <3; i++){
  64   2          time[i] = Read_Ds1302_Byte(0x85 - i*2);//读时分秒
  65   2        }
  66   1      }


MODULE INFORMATION:   STATIC OVERLAYABLE
   CODE SIZE        =    178    ----
   CONSTANT SIZE    =   ----    ----
   XDATA SIZE       =   ----    ----
   PDATA SIZE       =   ----    ----
   DATA SIZE        =   ----       3
   IDATA SIZE       =   ----    ----
   BIT SIZE         =   ----    ----
END OF MODULE INFORMATION.


C51 COMPILATION COMPLETE.  0 WARNING(S),  0 ERROR(S)
