BL51 BANKED LINKER/LOCATER V6.22                                                        02/04/2024  18:05:12  PAGE 1


BL51 BANKED LINKER/LOCATER V6.22, INVOKED BY:
D:\C51\BIN\BL51.EXE .\Objects\STARTUP.obj, .\Objects\main.obj, .\Objects\Device.obj, .\Objects\Timer.obj, .\Objects\iic.
>> obj, .\Objects\onewire.obj, .\Objects\Uart.obj, .\Objects\ds1302.obj, .\Objects\KBD.obj, .\Objects\SEG.obj, .\Objects
>> \Ultra.obj, .\Objects\ADDA.obj, .\Objects\DS18B20.obj, .\Objects\EEPROM.obj TO .\Objects\LQ-Ys PRINT (.\Listings\LQ-Y
>> s.m51) RAMSIZE (256) CODE (0X0000-0XEFF8) XDATA (0X0000-0X06FF)


MEMORY MODEL: COMPACT WITH FLOATING POINT ARITHMETIC


INPUT MODULES INCLUDED:
  .\Objects\STARTUP.obj (?C_STARTUP)
  .\Objects\main.obj (MAIN)
  .\Objects\Device.obj (DEVICE)
  .\Objects\Timer.obj (TIMER)
  .\Objects\iic.obj (IIC)
  .\Objects\onewire.obj (ONEWIRE)
  .\Objects\Uart.obj (UART)
  .\Objects\ds1302.obj (DS1302)
  .\Objects\KBD.obj (KBD)
  .\Objects\SEG.obj (SEG)
  .\Objects\Ultra.obj (ULTRA)
  .\Objects\ADDA.obj (ADDA)
  .\Objects\DS18B20.obj (DS18B20)
  .\Objects\EEPROM.obj (EEPROM)
  D:\C51\LIB\C51FPC.LIB (?C?FPMUL)
  D:\C51\LIB\C51FPC.LIB (?C?FPDIV)
  D:\C51\LIB\C51FPC.LIB (?C?FCAST)
  D:\C51\LIB\C51FPC.LIB (?C?CASTF)
  D:\C51\LIB\C51FPC.LIB (PRINTF)
  D:\C51\LIB\C51FPC.LIB (?C?FPGETOPN)
  D:\C51\LIB\C51FPC.LIB (?C?FPROUND)
  D:\C51\LIB\C51FPC.LIB (?C?FPCONVERT)
  D:\C51\LIB\C51FPC.LIB (?C?FPADD)
  D:\C51\LIB\C51FPC.LIB (?C?FTNPWR)
  D:\C51\LIB\C51C.LIB (?C_INIT)
  D:\C51\LIB\C51C.LIB (?C?CLDPTR)
  D:\C51\LIB\C51C.LIB (?C?CLDOPTR)
  D:\C51\LIB\C51C.LIB (?C?CSTPTR)
  D:\C51\LIB\C51C.LIB (?C?CSTOPTR)
  D:\C51\LIB\C51C.LIB (?C?LNEG)
  D:\C51\LIB\C51C.LIB (?C?LSTPDATA)
  D:\C51\LIB\C51C.LIB (?C?PLDIPDATA)
  D:\C51\LIB\C51C.LIB (?C?PSTPDATA)
  D:\C51\LIB\C51C.LIB (?C?CCASE)
  D:\C51\LIB\C51C.LIB (PUTCHAR)
  D:\C51\LIB\C51C.LIB (?C?MEMSET)


LINK MAP OF MODULE:  .\Objects\LQ-Ys (?C_STARTUP)


            TYPE    BASE      LENGTH    RELOCATION   SEGMENT NAME
            -----------------------------------------------------

            * * * * * * *   D A T A   M E M O R Y   * * * * * * *
            REG     0000H     0008H     ABSOLUTE     "REG BANK 0"
            DATA    0008H     0005H     UNIT         _DATA_GROUP_
BL51 BANKED LINKER/LOCATER V6.22                                                      02/04/2024  18:05:12  PAGE 2


                    000DH     0013H                  *** GAP ***
            BIT     0020H.0   0001H.1   UNIT         ?BI?MAIN
            BIT     0021H.1   0001H.1   UNIT         _BIT_GROUP_
                    0022H.2   0000H.6                *** GAP ***
            IDATA   0023H     0001H     UNIT         ?STACK

            * * * * * * *  X D A T A   M E M O R Y  * * * * * * *
            XDATA   0000H     0046H     INPAGE       ?PD?MAIN
            XDATA   0046H     0002H     INPAGE       ?PD?KBD
            XDATA   0048H     0009H     INPAGE       ?PD?SEG
            XDATA   0051H     001DH     INPAGE       _PDATA_GROUP_

            * * * * * * *   C O D E   M E M O R Y   * * * * * * *
            CODE    0000H     0003H     ABSOLUTE     
            CODE    0003H     0008H     UNIT         ?PR?_SENDBYTE?UART
            CODE    000BH     0003H     ABSOLUTE     
            CODE    000EH     0015H     UNIT         ?PR?DELAY750MS?MAIN
            CODE    0023H     0003H     ABSOLUTE     
            CODE    0026H     05FEH     UNIT         ?C?LIB_CODE
            CODE    0624H     046EH     UNIT         ?PR?PRINTF?PRINTF
            CODE    0A92H     026BH     UNIT         ?PR?KBD_PROCESS?MAIN
            CODE    0CFDH     0194H     UNIT         ?PR?SEG_PORCESS?MAIN
            CODE    0E91H     0141H     UNIT         ?PR?UART_PROCESS?MAIN
            CODE    0FD2H     00E8H     UNIT         ?PR?MINFO_PROCESS?MAIN
            CODE    10BAH     00A0H     UNIT         ?PR?T0ISR?MAIN
            CODE    115AH     008CH     UNIT         ?C_C51STARTUP
            CODE    11E6H     006CH     UNIT         ?CO?MAIN
            CODE    1252H     0067H     UNIT         ?PR?MAIN?MAIN
            CODE    12B9H     0061H     UNIT         ?PR?_EEPROM_READ?EEPROM
            CODE    131AH     005BH     UNIT         ?PR?MPW_SHIFT?MAIN
            CODE    1375H     0050H     UNIT         ?PR?_EEPROM_WRITE?EEPROM
            CODE    13C5H     003FH     UNIT         ?PR?KBD_IO?KBD
            CODE    1404H     003DH     UNIT         ?PR?LED_PROCESS?MAIN
            CODE    1441H     003BH     UNIT         ?PR?READ_TEMPER?DS18B20
            CODE    147CH     0039H     UNIT         ?PR?ULTRA_READ?ULTRA
            CODE    14B5H     0038H     UNIT         ?PR?_AD_READ?ADDA
            CODE    14EDH     0035H     UNIT         ?PR?_READ_DS1302_BYTE?DS1302
            CODE    1522H     0034H     UNIT         ?PR?_MTIME_INS?MAIN
            CODE    1556H     0034H     UNIT         ?PR?_UART_SEND?UART
            CODE    158AH     0033H     UNIT         ?PR?MINFO_READ?MAIN
            CODE    15BDH     0031H     UNIT         ?PR?_DS1302_READ?DS1302
            CODE    15EEH     0031H     UNIT         ?PR?SEG_DISPLAY?SEG
            CODE    161FH     002FH     UNIT         ?PR?_DS1302_SET?DS1302
            CODE    164EH     002DH     UNIT         ?PR?_I2CSENDBYTE?IIC
            CODE    167BH     0028H     UNIT         ?C_INITSEG
            CODE    16A3H     0027H     UNIT         ?PR?INIT_DS18B20?ONEWIRE
            CODE    16CAH     0027H     UNIT         ?PR?PUTCHAR?PUTCHAR
            CODE    16F1H     0025H     UNIT         ?PR?U1ISR?MAIN
            CODE    1716H     0024H     UNIT         ?PR?_DA_WRITE?ADDA
            CODE    173AH     001FH     UNIT         ?PR?_WRITE_DS18B20?ONEWIRE
            CODE    1759H     001EH     UNIT         ?PR?I2CRECEIVEBYTE?IIC
            CODE    1777H     001BH     UNIT         ?PR?READ_DS18B20?ONEWIRE
            CODE    1792H     001AH     UNIT         ?PR?_DELAY_ONEWIRE?ONEWIRE
            CODE    17ACH     0019H     UNIT         ?PR?MPW_ISCORRECT?MAIN
            CODE    17C5H     0017H     UNIT         ?PR?_MPW_INS?MAIN
            CODE    17DCH     0017H     UNIT         ?PR?I2CSENDACK?IIC
            CODE    17F3H     0015H     UNIT         ?PR?DEVICE_INIT?DEVICE
BL51 BANKED LINKER/LOCATER V6.22                                                      02/04/2024  18:05:12  PAGE 3


            CODE    1808H     0014H     UNIT         ?PR?_WRITE_DS1302?DS1302
            CODE    181CH     0014H     UNIT         ?PR?_WRITE_DS1302_BYTE?DS1302
            CODE    1830H     0013H     UNIT         ?PR?UART1INIT?UART
            CODE    1843H     0012H     UNIT         ?PR?MPW_DEL?MAIN
            CODE    1855H     0012H     UNIT         ?PR?I2CWAITACK?IIC
            CODE    1867H     0012H     UNIT         ?PR?ULTRA_INIT?ULTRA
            CODE    1879H     0011H     UNIT         ?PR?TIMER0_INIT?TIMER
            CODE    188AH     0011H     UNIT         ?PR?KBD_READ?KBD
            CODE    189BH     0010H     UNIT         ?PR?MPW_CLEAR?MAIN
            CODE    18ABH     0010H     UNIT         ?CO?SEG
            CODE    18BBH     000FH     UNIT         ?PR?_DEVICE_CTRL?DEVICE
            CODE    18CAH     000FH     UNIT         ?PR?I2CSTART?IIC
            CODE    18D9H     000CH     UNIT         ?PR?_I2C_DELAY?IIC
            CODE    18E5H     000CH     UNIT         ?PR?I2CSTOP?IIC
            CODE    18F1H     0009H     UNIT         ?PR?DELAY12US?ULTRA
            CODE    18FAH     0008H     UNIT         ?PR?_I2C_DELAY?EEPROM



OVERLAY MAP OF MODULE:   .\Objects\LQ-Ys (?C_STARTUP)


SEGMENT                                  BIT_GROUP          DATA_GROUP          PDATA_GROUP
  +--> CALLED SEGMENT                 START    LENGTH     START    LENGTH     START    LENGTH
---------------------------------------------------------------------------------------------
?C_C51STARTUP                         -----    -----      -----    -----      -----    -----
  +--> ?PR?MAIN?MAIN
  +--> ?C_INITSEG

?PR?MAIN?MAIN                         -----    -----      -----    -----      -----    -----
  +--> ?PR?READ_TEMPER?DS18B20
  +--> ?PR?ULTRA_READ?ULTRA
  +--> ?PR?DELAY750MS?MAIN
  +--> ?PR?TIMER0_INIT?TIMER
  +--> ?PR?UART1INIT?UART
  +--> ?PR?DEVICE_INIT?DEVICE
  +--> ?PR?_DS1302_SET?DS1302
  +--> ?PR?_EEPROM_WRITE?EEPROM
  +--> ?PR?_EEPROM_READ?EEPROM
  +--> ?CO?MAIN
  +--> ?PR?_UART_SEND?UART
  +--> ?PR?KBD_PROCESS?MAIN
  +--> ?PR?LED_PROCESS?MAIN
  +--> ?PR?SEG_PORCESS?MAIN
  +--> ?PR?UART_PROCESS?MAIN
  +--> ?PR?MINFO_PROCESS?MAIN
  +--> ?PR?MINFO_READ?MAIN

?PR?READ_TEMPER?DS18B20               -----    -----      -----    -----      0051H    0001H
  +--> ?PR?INIT_DS18B20?ONEWIRE
  +--> ?PR?_WRITE_DS18B20?ONEWIRE
  +--> ?PR?READ_DS18B20?ONEWIRE

?PR?INIT_DS18B20?ONEWIRE              0021H.1  0000H.1    -----    -----      -----    -----
  +--> ?PR?_DELAY_ONEWIRE?ONEWIRE

?PR?_WRITE_DS18B20?ONEWIRE            -----    -----      -----    -----      -----    -----
BL51 BANKED LINKER/LOCATER V6.22                                                      02/04/2024  18:05:12  PAGE 4


  +--> ?PR?_DELAY_ONEWIRE?ONEWIRE

?PR?READ_DS18B20?ONEWIRE              -----    -----      -----    -----      -----    -----
  +--> ?PR?_DELAY_ONEWIRE?ONEWIRE

?PR?ULTRA_READ?ULTRA                  -----    -----      -----    -----      -----    -----
  +--> ?PR?ULTRA_INIT?ULTRA

?PR?ULTRA_INIT?ULTRA                  -----    -----      -----    -----      -----    -----
  +--> ?PR?DELAY12US?ULTRA

?PR?DELAY12US?ULTRA                   -----    -----      0008H    0001H      -----    -----

?PR?DELAY750MS?MAIN                   -----    -----      0008H    0003H      -----    -----

?PR?DEVICE_INIT?DEVICE                -----    -----      -----    -----      -----    -----
  +--> ?PR?_DEVICE_CTRL?DEVICE

?PR?_DS1302_SET?DS1302                -----    -----      -----    -----      -----    -----
  +--> ?PR?_WRITE_DS1302_BYTE?DS1302

?PR?_WRITE_DS1302_BYTE?DS1302         -----    -----      -----    -----      -----    -----
  +--> ?PR?_WRITE_DS1302?DS1302

?PR?_EEPROM_WRITE?EEPROM              -----    -----      -----    -----      0052H    0005H
  +--> ?PR?I2CSTART?IIC
  +--> ?PR?_I2CSENDBYTE?IIC
  +--> ?PR?I2CWAITACK?IIC
  +--> ?PR?_I2C_DELAY?EEPROM
  +--> ?PR?I2CSTOP?IIC

?PR?I2CSTART?IIC                      -----    -----      -----    -----      -----    -----
  +--> ?PR?_I2C_DELAY?IIC

?PR?_I2CSENDBYTE?IIC                  -----    -----      -----    -----      -----    -----
  +--> ?PR?_I2C_DELAY?IIC

?PR?I2CWAITACK?IIC                    -----    -----      -----    -----      -----    -----
  +--> ?PR?_I2C_DELAY?IIC

?PR?I2CSTOP?IIC                       -----    -----      -----    -----      -----    -----
  +--> ?PR?_I2C_DELAY?IIC

?PR?_EEPROM_READ?EEPROM               -----    -----      -----    -----      0052H    0005H
  +--> ?PR?I2CSTART?IIC
  +--> ?PR?_I2CSENDBYTE?IIC
  +--> ?PR?I2CWAITACK?IIC
  +--> ?PR?I2CRECEIVEBYTE?IIC
  +--> ?PR?I2CSENDACK?IIC
  +--> ?PR?I2CSTOP?IIC

?PR?I2CRECEIVEBYTE?IIC                -----    -----      -----    -----      -----    -----
  +--> ?PR?_I2C_DELAY?IIC

?PR?I2CSENDACK?IIC                    0021H.1  0000H.1    -----    -----      -----    -----
  +--> ?PR?_I2C_DELAY?IIC

BL51 BANKED LINKER/LOCATER V6.22                                                      02/04/2024  18:05:12  PAGE 5


?PR?_UART_SEND?UART                   -----    -----      -----    -----      0054H    0003H
  +--> ?PR?_SENDBYTE?UART

?PR?KBD_PROCESS?MAIN                  -----    -----      -----    -----      0051H    0001H
  +--> ?PR?KBD_READ?KBD
  +--> ?PR?_MPW_INS?MAIN
  +--> ?PR?MPW_ISCORRECT?MAIN
  +--> ?PR?_DEVICE_CTRL?DEVICE
  +--> ?PR?MPW_CLEAR?MAIN
  +--> ?PR?MPW_DEL?MAIN
  +--> ?PR?_EEPROM_READ?EEPROM
  +--> ?PR?_MTIME_INS?MAIN
  +--> ?PR?_DS1302_SET?DS1302
  +--> ?PR?_EEPROM_WRITE?EEPROM

?PR?KBD_READ?KBD                      -----    -----      -----    -----      -----    -----
  +--> ?PR?KBD_IO?KBD

?PR?_MPW_INS?MAIN                     -----    -----      -----    -----      -----    -----
  +--> ?PR?MPW_SHIFT?MAIN

?PR?MPW_SHIFT?MAIN                    0021H.1  0000H.1    -----    -----      -----    -----

?PR?MPW_DEL?MAIN                      -----    -----      -----    -----      -----    -----
  +--> ?PR?MPW_SHIFT?MAIN

?PR?LED_PROCESS?MAIN                  -----    -----      -----    -----      0051H    0001H
  +--> ?PR?_DEVICE_CTRL?DEVICE

?PR?SEG_PORCESS?MAIN                  -----    -----      -----    -----      0051H    0001H
  +--> ?CO?SEG

?PR?UART_PROCESS?MAIN                 -----    -----      -----    -----      0051H    0001H
  +--> ?PR?_DS1302_SET?DS1302
  +--> ?CO?MAIN
  +--> ?PR?_UART_SEND?UART

?PR?MINFO_PROCESS?MAIN                -----    -----      -----    -----      0051H    0003H
  +--> ?CO?MAIN
  +--> ?PR?PRINTF?PRINTF
  +--> ?PR?_UART_SEND?UART

?PR?PRINTF?PRINTF                     0021H.1  0001H.1    0008H    0005H      0054H    0017H
  +--> ?PR?PUTCHAR?PUTCHAR

?PR?MINFO_READ?MAIN                   -----    -----      -----    -----      -----    -----
  +--> ?PR?READ_TEMPER?DS18B20
  +--> ?PR?ULTRA_READ?ULTRA
  +--> ?PR?_AD_READ?ADDA
  +--> ?PR?_DA_WRITE?ADDA

?PR?_AD_READ?ADDA                     -----    -----      -----    -----      0051H    0002H
  +--> ?PR?I2CSTART?IIC
  +--> ?PR?_I2CSENDBYTE?IIC
  +--> ?PR?I2CWAITACK?IIC
  +--> ?PR?I2CRECEIVEBYTE?IIC
  +--> ?PR?I2CSENDACK?IIC
BL51 BANKED LINKER/LOCATER V6.22                                                      02/04/2024  18:05:12  PAGE 6


  +--> ?PR?I2CSTOP?IIC

?PR?_DA_WRITE?ADDA                    -----    -----      -----    -----      0051H    0001H
  +--> ?PR?I2CSTART?IIC
  +--> ?PR?_I2CSENDBYTE?IIC
  +--> ?PR?I2CWAITACK?IIC
  +--> ?PR?I2CSTOP?IIC

*** NEW ROOT ***************************************************

?PR?T0ISR?MAIN                        -----    -----      -----    -----      -----    -----
  +--> ?PR?SEG_DISPLAY?SEG
  +--> ?PR?_DS1302_READ?DS1302

?PR?SEG_DISPLAY?SEG                   -----    -----      -----    -----      -----    -----
  +--> ?PR?_DEVICE_CTRL?DEVICE

?PR?_DS1302_READ?DS1302               -----    -----      -----    -----      006BH    0003H
  +--> ?PR?_READ_DS1302_BYTE?DS1302

?PR?_READ_DS1302_BYTE?DS1302          -----    -----      -----    -----      -----    -----
  +--> ?PR?_WRITE_DS1302?DS1302



SYMBOL TABLE OF MODULE:  .\Objects\LQ-Ys (?C_STARTUP)

  VALUE           TYPE          NAME
  ----------------------------------

  -------         MODULE        ?C_STARTUP
  C:115AH         SEGMENT       ?C_C51STARTUP
  I:0023H         SEGMENT       ?STACK
  C:0000H         PUBLIC        ?C_STARTUP
  D:00E0H         SYMBOL        ACC
  D:00F0H         SYMBOL        B
  D:0083H         SYMBOL        DPH
  D:0082H         SYMBOL        DPL
  N:0000H         SYMBOL        IBPSTACK
  N:0100H         SYMBOL        IBPSTACKTOP
  N:0080H         SYMBOL        IDATALEN
  C:115DH         SYMBOL        IDATALOOP
  N:0000H         SYMBOL        PBPSTACK
  N:0100H         SYMBOL        PBPSTACKTOP
  N:0000H         SYMBOL        PDATALEN
  N:0000H         SYMBOL        PDATASTART
  N:0000H         SYMBOL        PPAGE
  N:0000H         SYMBOL        PPAGEENABLE
  D:00A0H         SYMBOL        PPAGE_SFR
  D:0081H         SYMBOL        SP
  C:115AH         SYMBOL        STARTUP1
  N:0000H         SYMBOL        XBPSTACK
  N:0000H         SYMBOL        XBPSTACKTOP
  N:0000H         SYMBOL        XDATALEN
  N:0000H         SYMBOL        XDATASTART
  C:0000H         LINE#         126
  C:115AH         LINE#         133
BL51 BANKED LINKER/LOCATER V6.22                                                      02/04/2024  18:05:12  PAGE 7


  C:115CH         LINE#         134
  C:115DH         LINE#         135
  C:115EH         LINE#         136
  C:1160H         LINE#         185
  C:1163H         LINE#         196
  -------         ENDMOD        ?C_STARTUP

  -------         MODULE        MAIN
  C:0000H         SYMBOL        _ICE_DUMMY_
  D:0080H         PUBLIC        P0
  D:0090H         PUBLIC        P1
  D:00A0H         PUBLIC        P2
  D:00B0H         PUBLIC        P3
  D:00C0H         PUBLIC        P4
  D:00C8H         PUBLIC        P5
  D:00E8H         PUBLIC        P6
  D:00F8H         PUBLIC        P7
  C:17ACH         PUBLIC        mPW_IsCorrect
  C:1522H         PUBLIC        _mTime_Ins
  C:1843H         PUBLIC        mPW_Del
  X:0000H         PUBLIC        rindex
  D:00A8H         PUBLIC        IE
  X:0001H         PUBLIC        alarm
  X:0004H         PUBLIC        temper
  B:0020H.2       PUBLIC        flash
  B:0020H.3       PUBLIC        uflag
  X:0008H         PUBLIC        keycnt
  C:0A92H         PUBLIC        KBD_Process
  B:00A8H.4       PUBLIC        ES
  D:00B8H         PUBLIC        IP
  C:1404H         PUBLIC        LED_Process
  B:0020H.4       PUBLIC        light
  B:0020H.5       PUBLIC        tempb
  B:0098H.0       PUBLIC        RI
  C:17C5H         PUBLIC        _mPW_Ins
  C:0CFDH         PUBLIC        SEG_Porcess
  D:00D8H         PUBLIC        CCON
  C:1252H         PUBLIC        main
  X:0009H         PUBLIC        mode
  X:000AH         PUBLIC        fcnt
  X:000BH         PUBLIC        icnt
  X:000CH         PUBLIC        time
  D:0099H         PUBLIC        SBUF
  X:000FH         PUBLIC        recv
  X:0019H         PUBLIC        mcnt
  D:0098H         PUBLIC        SCON
  D:0088H         PUBLIC        TCON
  X:001AH         PUBLIC        dist
  X:001BH         PUBLIC        temp
  X:001FH         PUBLIC        ucnt
  C:0FD2H         PUBLIC        mInfo_Process
  B:0020H.6       PUBLIC        editflag
  X:0020H         PUBLIC        cnt
  B:0020H.7       PUBLIC        editmode
  C:158AH         PUBLIC        mInfo_Read
  X:0021H         PUBLIC        str
  C:189BH         PUBLIC        mPW_Clear
BL51 BANKED LINKER/LOCATER V6.22                                                      02/04/2024  18:05:12  PAGE 8


  C:0E91H         PUBLIC        Uart_Process
  X:0035H         PUBLIC        pw_index
  B:0021H.0       PUBLIC        uartmode
  C:000EH         PUBLIC        Delay750ms
  C:10BAH         PUBLIC        T0ISR
  C:16F1H         PUBLIC        U1ISR
  C:131AH         PUBLIC        mPW_Shift
  X:0036H         PUBLIC        password
  D:00D0H         PUBLIC        PSW
  X:003EH         PUBLIC        pw_input
  -------         PROC          MPW_SHIFT
  B:0021H.1       SYMBOL        lr
  -------         DO            
  D:0007H         SYMBOL        i
  -------         ENDDO         
  C:131AH         LINE#         40
  C:131AH         LINE#         41
  C:131AH         LINE#         43
  C:131DH         LINE#         44
  C:1327H         LINE#         45
  C:1333H         LINE#         46
  C:1336H         LINE#         47
  C:1338H         LINE#         48
  C:133AH         LINE#         49
  C:133AH         LINE#         50
  C:133FH         LINE#         51
  C:1341H         LINE#         52
  C:134DH         LINE#         53
  C:134FH         LINE#         54
  C:1351H         LINE#         55
  C:1353H         LINE#         56
  C:1353H         LINE#         57
  C:135EH         LINE#         58
  C:136AH         LINE#         59
  C:136DH         LINE#         60
  C:1374H         LINE#         61
  C:1374H         LINE#         62
  C:1374H         LINE#         63
  -------         ENDPROC       MPW_SHIFT
  -------         PROC          _MPW_INS
  D:0005H         SYMBOL        b
  C:17C5H         LINE#         65
  C:17C7H         LINE#         66
  C:17C7H         LINE#         67
  C:17CDH         LINE#         68
  C:17D2H         LINE#         69
  C:17D7H         LINE#         70
  C:17DBH         LINE#         71
  C:17DBH         LINE#         72
  -------         ENDPROC       _MPW_INS
  -------         PROC          MPW_DEL
  C:1843H         LINE#         74
  C:1843H         LINE#         75
  C:1843H         LINE#         76
  C:184AH         LINE#         77
  C:184FH         LINE#         78
  C:1854H         LINE#         79
BL51 BANKED LINKER/LOCATER V6.22                                                      02/04/2024  18:05:12  PAGE 9


  C:1854H         LINE#         80
  -------         ENDPROC       MPW_DEL
  -------         PROC          MPW_CLEAR
  -------         DO            
  D:0007H         SYMBOL        i
  -------         ENDDO         
  C:189BH         LINE#         82
  C:189BH         LINE#         84
  C:189BH         LINE#         85
  C:18A5H         LINE#         86
  C:18A5H         LINE#         87
  C:18AAH         LINE#         88
  -------         ENDPROC       MPW_CLEAR
  -------         PROC          MPW_ISCORRECT
  -------         DO            
  D:0007H         SYMBOL        i
  -------         ENDDO         
  C:17ACH         LINE#         90
  C:17ACH         LINE#         91
  C:17ACH         LINE#         93
  C:17AEH         LINE#         94
  C:17BCH         LINE#         95
  C:17BEH         LINE#         96
  C:17C3H         LINE#         97
  C:17C4H         LINE#         98
  -------         ENDPROC       MPW_ISCORRECT
  -------         PROC          _MTIME_INS
  D:0007H         SYMBOL        dat
  C:1522H         LINE#         100
  C:1522H         LINE#         101
  C:1522H         LINE#         102
  C:1536H         LINE#         103
  C:1547H         LINE#         105
  C:1553H         LINE#         106
  C:1555H         LINE#         107
  -------         ENDPROC       _MTIME_INS
  -------         PROC          MINFO_READ
  C:158AH         LINE#         114
  C:158AH         LINE#         115
  C:158AH         LINE#         116
  C:1592H         LINE#         117
  C:159FH         LINE#         119
  C:15AEH         LINE#         120
  C:15B0H         LINE#         121
  C:15B7H         LINE#         122
  C:15BCH         LINE#         123
  -------         ENDPROC       MINFO_READ
  -------         PROC          KBD_PROCESS
  -------         DO            
  X:0051H         SYMBOL        i
  -------         ENDDO         
  -------         DO            
  X:0051H         SYMBOL        i
  -------         ENDDO         
  C:0A92H         LINE#         125
  C:0A92H         LINE#         126
  C:0A92H         LINE#         127
BL51 BANKED LINKER/LOCATER V6.22                                                      02/04/2024  18:05:12  PAGE 10


  C:0A9DH         LINE#         128
  C:0AA0H         LINE#         129
  C:0AA4H         LINE#         132
  C:0AACH         LINE#         134
  C:0AB7H         LINE#         135
  C:0AC2H         LINE#         136
  C:0ACDH         LINE#         137
  C:0AD8H         LINE#         138
  C:0AE3H         LINE#         139
  C:0AEEH         LINE#         140
  C:0AF9H         LINE#         141
  C:0B04H         LINE#         142
  C:0B0FH         LINE#         143
  C:0B1AH         LINE#         145
  C:0B20H         LINE#         146
  C:0B25H         LINE#         147
  C:0B2AH         LINE#         148
  C:0B31H         LINE#         149
  C:0B34H         LINE#         151
  C:0B34H         LINE#         152
  C:0B34H         LINE#         153
  C:0B37H         LINE#         154
  C:0B3EH         LINE#         155
  C:0B3EH         LINE#         156
  C:0B3EH         LINE#         157
  C:0B47H         LINE#         159
  C:0B4DH         LINE#         160
  C:0B52H         LINE#         161
  C:0B58H         LINE#         162
  C:0B5BH         LINE#         163
  C:0B5BH         LINE#         164
  C:0B5BH         LINE#         165
  C:0B65H         LINE#         166
  C:0B68H         LINE#         167
  C:0B68H         LINE#         168
  C:0B68H         LINE#         171
  C:0B6FH         LINE#         172
  C:0B76H         LINE#         173
  C:0B7BH         LINE#         174
  C:0B81H         LINE#         175
  C:0B84H         LINE#         176
  C:0B84H         LINE#         177
  C:0B84H         LINE#         178
  C:0B8CH         LINE#         179
  C:0B8DH         LINE#         180
  C:0B8DH         LINE#         182
  C:0B94H         LINE#         183
  C:0B99H         LINE#         184
  C:0B9BH         LINE#         185
  C:0B9EH         LINE#         187
  C:0B9EH         LINE#         188
  C:0BA2H         LINE#         189
  C:0BA7H         LINE#         190
  C:0BA9H         LINE#         191
  C:0BACH         LINE#         193
  C:0BACH         LINE#         195
  C:0BB0H         LINE#         196
BL51 BANKED LINKER/LOCATER V6.22                                                      02/04/2024  18:05:12  PAGE 11


  C:0BB5H         LINE#         197
  C:0BB8H         LINE#         199
  C:0BB8H         LINE#         201
  C:0BBCH         LINE#         202
  C:0BBFH         LINE#         204
  C:0BBFH         LINE#         205
  C:0BBFH         LINE#         207
  C:0BCFH         LINE#         208
  C:0BD2H         LINE#         210
  C:0BD7H         LINE#         211
  C:0BDBH         LINE#         212
  C:0BEAH         LINE#         213
  C:0BF5H         LINE#         214
  C:0BF5H         LINE#         215
  C:0BF5H         LINE#         216
  C:0C05H         LINE#         217
  C:0C09H         LINE#         218
  C:0C18H         LINE#         219
  C:0C21H         LINE#         220
  C:0C21H         LINE#         221
  C:0C25H         LINE#         222
  C:0C27H         LINE#         223
  C:0C29H         LINE#         224
  C:0C29H         LINE#         226
  C:0C63H         LINE#         227
  C:0C67H         LINE#         228
  C:0C6BH         LINE#         229
  C:0C6FH         LINE#         230
  C:0C73H         LINE#         231
  C:0C77H         LINE#         232
  C:0C7BH         LINE#         233
  C:0C7FH         LINE#         234
  C:0C83H         LINE#         235
  C:0C87H         LINE#         236
  C:0C8EH         LINE#         238
  C:0C94H         LINE#         239
  C:0C98H         LINE#         240
  C:0C9FH         LINE#         242
  C:0C9FH         LINE#         243
  C:0CA4H         LINE#         244
  C:0CAFH         LINE#         245
  C:0CAFH         LINE#         247
  C:0CB3H         LINE#         248
  C:0CC2H         LINE#         249
  C:0CCBH         LINE#         250
  C:0CDBH         LINE#         251
  C:0CDBH         LINE#         252
  C:0CDDH         LINE#         253
  C:0CDFH         LINE#         254
  C:0CE6H         LINE#         255
  C:0CE8H         LINE#         256
  C:0CE8H         LINE#         257
  C:0CE8H         LINE#         259
  C:0CEEH         LINE#         260
  C:0CF5H         LINE#         261
  C:0CFAH         LINE#         262
  C:0CFCH         LINE#         264
BL51 BANKED LINKER/LOCATER V6.22                                                      02/04/2024  18:05:12  PAGE 12


  C:0CFCH         LINE#         265
  C:0CFCH         LINE#         267
  C:0CFCH         LINE#         268
  -------         ENDPROC       KBD_PROCESS
  -------         PROC          SEG_PORCESS
  -------         DO            
  X:0051H         SYMBOL        i
  -------         ENDDO         
  C:0CFDH         LINE#         270
  C:0CFDH         LINE#         271
  C:0CFDH         LINE#         272
  C:0D1CH         LINE#         273
  C:0D1CH         LINE#         275
  C:0D2CH         LINE#         276
  C:0D38H         LINE#         277
  C:0D48H         LINE#         279
  C:0D4FH         LINE#         280
  C:0D56H         LINE#         281
  C:0D56H         LINE#         283
  C:0D56H         LINE#         284
  C:0D64H         LINE#         285
  C:0D6AH         LINE#         286
  C:0D75H         LINE#         287
  C:0D7BH         LINE#         288
  C:0D86H         LINE#         289
  C:0D8CH         LINE#         291
  C:0D91H         LINE#         292
  C:0D93H         LINE#         293
  C:0D93H         LINE#         294
  C:0D95H         LINE#         295
  C:0D95H         LINE#         296
  C:0D97H         LINE#         297
  C:0D97H         LINE#         298
  C:0D97H         LINE#         299
  C:0D99H         LINE#         301
  C:0D99H         LINE#         302
  C:0D99H         LINE#         303
  C:0DA7H         LINE#         304
  C:0DADH         LINE#         305
  C:0DB8H         LINE#         306
  C:0DBEH         LINE#         307
  C:0DC9H         LINE#         308
  C:0DCFH         LINE#         310
  C:0DD4H         LINE#         311
  C:0DD6H         LINE#         312
  C:0DD6H         LINE#         313
  C:0DD8H         LINE#         314
  C:0DD8H         LINE#         315
  C:0DDBH         LINE#         316
  C:0DDEH         LINE#         317
  C:0DDEH         LINE#         318
  C:0DDFH         LINE#         320
  C:0DDFH         LINE#         321
  C:0DF4H         LINE#         322
  C:0DFEH         LINE#         323
  C:0E10H         LINE#         324
  C:0E14H         LINE#         325
BL51 BANKED LINKER/LOCATER V6.22                                                      02/04/2024  18:05:12  PAGE 13


  C:0E40H         LINE#         326
  C:0E60H         LINE#         327
  C:0E89H         LINE#         328
  C:0E90H         LINE#         329
  C:0E90H         LINE#         330
  C:0E90H         LINE#         331
  -------         ENDPROC       SEG_PORCESS
  -------         PROC          LED_PROCESS
  -------         DO            
  X:0051H         SYMBOL        led
  -------         ENDDO         
  C:1404H         LINE#         333
  C:1404H         LINE#         334
  C:1404H         LINE#         336
  C:1417H         LINE#         337
  C:141EH         LINE#         338
  C:1425H         LINE#         339
  C:142CH         LINE#         340
  C:1433H         LINE#         341
  C:1438H         LINE#         342
  C:1438H         LINE#         343
  -------         ENDPROC       LED_PROCESS
  -------         PROC          UART_PROCESS
  -------         DO            
  X:0051H         SYMBOL        i
  -------         ENDDO         
  -------         DO            
  X:0051H         SYMBOL        i
  -------         ENDDO         
  C:0E91H         LINE#         346
  C:0E91H         LINE#         347
  C:0E91H         LINE#         348
  C:0E9CH         LINE#         349
  C:0EA0H         LINE#         350
  C:0EA6H         LINE#         351
  C:0EB0H         LINE#         352
  C:0EDCH         LINE#         353
  C:0EEBH         LINE#         354
  C:0EFEH         LINE#         355
  C:0F11H         LINE#         356
  C:0F22H         LINE#         357
  C:0F22H         LINE#         358
  C:0F28H         LINE#         359
  C:0F33H         LINE#         360
  C:0F33H         LINE#         362
  C:0F37H         LINE#         363
  C:0F46H         LINE#         364
  C:0F4FH         LINE#         365
  C:0F4FH         LINE#         366
  C:0F58H         LINE#         367
  C:0F58H         LINE#         368
  C:0F58H         LINE#         369
  C:0F5AH         LINE#         370
  C:0F61H         LINE#         371
  C:0F7AH         LINE#         372
  C:0F7CH         LINE#         373
  C:0F85H         LINE#         374
BL51 BANKED LINKER/LOCATER V6.22                                                      02/04/2024  18:05:12  PAGE 14


  C:0F89H         LINE#         375
  C:0F89H         LINE#         376
  C:0F8BH         LINE#         377
  C:0F97H         LINE#         379
  C:0F9BH         LINE#         380
  C:0FAAH         LINE#         381
  C:0FB3H         LINE#         382
  C:0FBCH         LINE#         383
  C:0FBCH         LINE#         384
  C:0FCDH         LINE#         385
  C:0FD1H         LINE#         386
  C:0FD1H         LINE#         387
  C:0FD1H         LINE#         388
  -------         ENDPROC       UART_PROCESS
  -------         PROC          MINFO_PROCESS
  -------         DO            
  B:0020H.0       SYMBOL        flag1
  B:0020H.1       SYMBOL        flag2
  X:0051H         SYMBOL        hour
  X:0052H         SYMBOL        min
  X:0053H         SYMBOL        sec
  -------         ENDDO         
  C:0FD2H         LINE#         390
  C:0FD2H         LINE#         391
  C:0FD2H         LINE#         395
  C:0FE5H         LINE#         396
  C:0FF8H         LINE#         397
  C:100BH         LINE#         399
  C:1018H         LINE#         400
  C:1034H         LINE#         401
  C:103DH         LINE#         402
  C:103FH         LINE#         403
  C:103FH         LINE#         404
  C:104BH         LINE#         405
  C:104DH         LINE#         407
  C:1054H         LINE#         408
  C:1064H         LINE#         409
  C:109EH         LINE#         410
  C:10A7H         LINE#         413
  C:10A9H         LINE#         414
  C:10A9H         LINE#         415
  C:10B9H         LINE#         416
  C:10B9H         LINE#         418
  -------         ENDPROC       MINFO_PROCESS
  -------         PROC          DELAY750MS
  -------         DO            
  D:0008H         SYMBOL        i
  D:0009H         SYMBOL        j
  D:000AH         SYMBOL        k
  -------         ENDDO         
  C:000EH         LINE#         421
  C:000EH         LINE#         422
  C:000EH         LINE#         425
  C:000FH         LINE#         426
  C:0010H         LINE#         427
  C:0013H         LINE#         428
  C:0016H         LINE#         429
BL51 BANKED LINKER/LOCATER V6.22                                                      02/04/2024  18:05:12  PAGE 15


  C:0019H         LINE#         431
  C:0019H         LINE#         433
  C:0019H         LINE#         434
  C:001CH         LINE#         435
  C:001FH         LINE#         436
  C:0022H         LINE#         437
  -------         ENDPROC       DELAY750MS
  -------         PROC          MAIN
  C:1252H         LINE#         438
  C:1252H         LINE#         439
  C:1252H         LINE#         440
  C:1255H         LINE#         441
  C:1258H         LINE#         442
  C:125BH         LINE#         443
  C:125EH         LINE#         444
  C:1261H         LINE#         445
  C:1264H         LINE#         446
  C:126DH         LINE#         448
  C:127DH         LINE#         449
  C:128DH         LINE#         450
  C:1296H         LINE#         451
  C:1296H         LINE#         452
  C:1296H         LINE#         453
  C:129BH         LINE#         454
  C:129EH         LINE#         455
  C:12A1H         LINE#         456
  C:12A4H         LINE#         457
  C:12A7H         LINE#         459
  C:12AAH         LINE#         461
  C:12B2H         LINE#         462
  C:12B4H         LINE#         463
  C:12B7H         LINE#         464
  C:12B7H         LINE#         465
  -------         ENDPROC       MAIN
  -------         PROC          T0ISR
  C:10BAH         LINE#         468
  C:10DEH         LINE#         470
  C:10E3H         LINE#         471
  C:10E8H         LINE#         472
  C:10EBH         LINE#         474
  C:10F3H         LINE#         475
  C:10FCH         LINE#         476
  C:1101H         LINE#         477
  C:1105H         LINE#         478
  C:1108H         LINE#         479
  C:110DH         LINE#         480
  C:1111H         LINE#         481
  C:1111H         LINE#         482
  C:1132H         LINE#         483
  C:1134H         LINE#         484
  C:1138H         LINE#         485
  C:1138H         LINE#         486
  -------         ENDPROC       T0ISR
  -------         PROC          U1ISR
  C:16F1H         LINE#         488
  C:16FAH         LINE#         490
  C:16FDH         LINE#         491
BL51 BANKED LINKER/LOCATER V6.22                                                      02/04/2024  18:05:12  PAGE 16


  C:1706H         LINE#         492
  C:170BH         LINE#         493
  C:170DH         LINE#         494
  C:170FH         LINE#         495
  C:170FH         LINE#         496
  -------         ENDPROC       U1ISR
  -------         ENDMOD        MAIN

  -------         MODULE        DEVICE
  C:0000H         SYMBOL        _ICE_DUMMY_
  D:0080H         PUBLIC        P0
  D:0090H         PUBLIC        P1
  D:00A0H         PUBLIC        P2
  D:00B0H         PUBLIC        P3
  D:00C0H         PUBLIC        P4
  D:00C8H         PUBLIC        P5
  D:00E8H         PUBLIC        P6
  B:00A8H.7       PUBLIC        EA
  D:00F8H         PUBLIC        P7
  D:00A8H         PUBLIC        IE
  B:00A8H.4       PUBLIC        ES
  D:00B8H         PUBLIC        IP
  D:00D8H         PUBLIC        CCON
  D:0098H         PUBLIC        SCON
  D:0088H         PUBLIC        TCON
  B:00A8H.1       PUBLIC        ET0
  C:17F3H         PUBLIC        Device_Init
  C:18BBH         PUBLIC        _Device_Ctrl
  D:00D0H         PUBLIC        PSW
  -------         PROC          _DEVICE_CTRL
  D:0007H         SYMBOL        p2data
  D:0005H         SYMBOL        p0data
  C:18BBH         LINE#         3
  C:18BBH         LINE#         6
  C:18BBH         LINE#         7
  C:18C2H         LINE#         8
  C:18C6H         LINE#         9
  C:18C9H         LINE#         10
  -------         ENDPROC       _DEVICE_CTRL
  -------         PROC          DEVICE_INIT
  C:17F3H         LINE#         12
  C:17F3H         LINE#         13
  C:17F3H         LINE#         14
  C:17FAH         LINE#         15
  C:1801H         LINE#         18
  C:1803H         LINE#         19
  C:1805H         LINE#         20
  C:1807H         LINE#         21
  -------         ENDPROC       DEVICE_INIT
  -------         ENDMOD        DEVICE

  -------         MODULE        TIMER
  C:0000H         SYMBOL        _ICE_DUMMY_
  D:0080H         PUBLIC        P0
  D:0090H         PUBLIC        P1
  D:00A0H         PUBLIC        P2
  D:00B0H         PUBLIC        P3
BL51 BANKED LINKER/LOCATER V6.22                                                      02/04/2024  18:05:12  PAGE 17


  D:00C0H         PUBLIC        P4
  D:00C8H         PUBLIC        P5
  D:00E8H         PUBLIC        P6
  D:00F8H         PUBLIC        P7
  D:00A8H         PUBLIC        IE
  D:00B8H         PUBLIC        IP
  D:00D8H         PUBLIC        CCON
  C:1879H         PUBLIC        Timer0_Init
  D:0098H         PUBLIC        SCON
  D:0089H         PUBLIC        TMOD
  D:0088H         PUBLIC        TCON
  D:008EH         PUBLIC        AUXR
  B:0088H.5       PUBLIC        TF0
  D:008CH         PUBLIC        TH0
  D:008AH         PUBLIC        TL0
  B:0088H.4       PUBLIC        TR0
  D:00D0H         PUBLIC        PSW
  -------         PROC          TIMER0_INIT
  C:1879H         LINE#         3
  C:1879H         LINE#         4
  C:1879H         LINE#         5
  C:187CH         LINE#         6
  C:187FH         LINE#         7
  C:1882H         LINE#         8
  C:1885H         LINE#         9
  C:1887H         LINE#         10
  C:1889H         LINE#         11
  -------         ENDPROC       TIMER0_INIT
  -------         ENDMOD        TIMER

  -------         MODULE        IIC
  C:0000H         SYMBOL        _ICE_DUMMY_
  D:0080H         PUBLIC        P0
  D:0090H         PUBLIC        P1
  D:00A0H         PUBLIC        P2
  D:00B0H         PUBLIC        P3
  D:00C0H         PUBLIC        P4
  D:00C8H         PUBLIC        P5
  D:00E8H         PUBLIC        P6
  D:00F8H         PUBLIC        P7
  D:00A8H         PUBLIC        IE
  C:18DDH         SYMBOL        _I2C_Delay
  D:00B8H         PUBLIC        IP
  C:1759H         PUBLIC        I2CReceiveByte
  D:00D8H         PUBLIC        CCON
  D:0098H         PUBLIC        SCON
  D:0088H         PUBLIC        TCON
  B:00A0H.1       PUBLIC        sda
  B:00A0H.0       PUBLIC        scl
  C:18CAH         PUBLIC        I2CStart
  C:17DCH         PUBLIC        I2CSendAck
  C:164EH         PUBLIC        _I2CSendByte
  C:1855H         PUBLIC        I2CWaitAck
  C:18E5H         PUBLIC        I2CStop
  D:00D0H         PUBLIC        PSW
  C:18D9H         SYMBOL        L?0021
  -------         PROC          L?0020
BL51 BANKED LINKER/LOCATER V6.22                                                      02/04/2024  18:05:12  PAGE 18


  -------         ENDPROC       L?0020
  C:18D9H         SYMBOL        L?0021
  -------         PROC          _I2C_DELAY
  D:0007H         SYMBOL        n
  C:18DDH         LINE#         10
  C:18DDH         LINE#         11
  C:18DDH         LINE#         12
  C:18DEH         LINE#         13
  C:18E4H         LINE#         14
  -------         ENDPROC       _I2C_DELAY
  -------         PROC          I2CSTART
  C:18CAH         LINE#         17
  C:18CAH         LINE#         18
  C:18CAH         LINE#         19
  C:18CCH         LINE#         20
  C:18CCH         LINE#         21
  C:18CFH         LINE#         22
  C:18D1H         LINE#         23
  C:18D6H         LINE#         24
  C:18D8H         LINE#         25
  -------         ENDPROC       I2CSTART
  -------         PROC          I2CSTOP
  C:18E5H         LINE#         28
  C:18E5H         LINE#         29
  C:18E5H         LINE#         30
  C:18E7H         LINE#         31
  C:18E7H         LINE#         32
  C:18EAH         LINE#         33
  C:18ECH         LINE#         34
  -------         ENDPROC       I2CSTOP
  -------         PROC          _I2CSENDBYTE
  D:0005H         SYMBOL        byt
  -------         DO            
  D:0004H         SYMBOL        i
  -------         ENDDO         
  C:164EH         LINE#         38
  C:1650H         LINE#         39
  C:1650H         LINE#         42
  C:1652H         LINE#         43
  C:1654H         LINE#         44
  C:1659H         LINE#         45
  C:165DH         LINE#         46
  C:165FH         LINE#         47
  C:1661H         LINE#         48
  C:1661H         LINE#         49
  C:1663H         LINE#         50
  C:1663H         LINE#         51
  C:1668H         LINE#         52
  C:166AH         LINE#         53
  C:166EH         LINE#         54
  C:1673H         LINE#         55
  C:1678H         LINE#         57
  C:167AH         LINE#         58
  -------         ENDPROC       _I2CSENDBYTE
  -------         PROC          I2CRECEIVEBYTE
  -------         DO            
  D:0005H         SYMBOL        da
BL51 BANKED LINKER/LOCATER V6.22                                                      02/04/2024  18:05:12  PAGE 19


  D:0004H         SYMBOL        i
  -------         ENDDO         
  C:1759H         LINE#         61
  C:1759H         LINE#         62
  C:1759H         LINE#         65
  C:175BH         LINE#         66
  C:175BH         LINE#         67
  C:175EH         LINE#         68
  C:1762H         LINE#         69
  C:1765H         LINE#         70
  C:1768H         LINE#         71
  C:176AH         LINE#         72
  C:176FH         LINE#         73
  C:1774H         LINE#         74
  C:1776H         LINE#         75
  -------         ENDPROC       I2CRECEIVEBYTE
  -------         PROC          I2CWAITACK
  -------         DO            
  D:0005H         SYMBOL        ackbit
  -------         ENDDO         
  C:1855H         LINE#         78
  C:1855H         LINE#         79
  C:1855H         LINE#         82
  C:1855H         LINE#         83
  C:1858H         LINE#         84
  C:185DH         LINE#         85
  C:185FH         LINE#         86
  C:1864H         LINE#         88
  C:1866H         LINE#         89
  -------         ENDPROC       I2CWAITACK
  -------         PROC          I2CSENDACK
  B:0021H.1       SYMBOL        ackbit
  C:17DCH         LINE#         92
  C:17DCH         LINE#         93
  C:17DCH         LINE#         94
  C:17DEH         LINE#         95
  C:17E2H         LINE#         96
  C:17E7H         LINE#         97
  C:17E7H         LINE#         98
  C:17EAH         LINE#         99
  C:17ECH         LINE#         100
  C:17EEH         LINE#         101
  -------         ENDPROC       I2CSENDACK
  -------         ENDMOD        IIC

  -------         MODULE        ONEWIRE
  C:0000H         SYMBOL        _ICE_DUMMY_
  D:0080H         PUBLIC        P0
  D:0090H         PUBLIC        P1
  D:00A0H         PUBLIC        P2
  D:00B0H         PUBLIC        P3
  D:00C0H         PUBLIC        P4
  C:1777H         PUBLIC        Read_DS18B20
  D:00C8H         PUBLIC        P5
  D:00E8H         PUBLIC        P6
  D:00F8H         PUBLIC        P7
  D:00A8H         PUBLIC        IE
BL51 BANKED LINKER/LOCATER V6.22                                                      02/04/2024  18:05:12  PAGE 20


  C:1796H         PUBLIC        _Delay_OneWire
  C:173AH         PUBLIC        _Write_DS18B20
  B:0090H.4       PUBLIC        DQ
  D:00B8H         PUBLIC        IP
  C:16A3H         PUBLIC        init_ds18b20
  D:00D8H         PUBLIC        CCON
  D:0098H         PUBLIC        SCON
  D:0088H         PUBLIC        TCON
  D:00D0H         PUBLIC        PSW
  C:1792H         SYMBOL        L?0019
  -------         PROC          L?0018
  -------         ENDPROC       L?0018
  C:1792H         SYMBOL        L?0019
  -------         PROC          _DELAY_ONEWIRE
  D:0006H         SYMBOL        t
  -------         DO            
  D:0005H         SYMBOL        i
  -------         ENDDO         
  C:1796H         LINE#         8
  C:1796H         LINE#         9
  C:1796H         LINE#         11
  C:17A0H         LINE#         12
  C:17ABH         LINE#         13
  C:17ABH         LINE#         14
  -------         ENDPROC       _DELAY_ONEWIRE
  -------         PROC          _WRITE_DS18B20
  D:0001H         SYMBOL        dat
  -------         DO            
  D:0003H         SYMBOL        i
  -------         ENDDO         
  C:173AH         LINE#         17
  C:173CH         LINE#         18
  C:173CH         LINE#         20
  C:173EH         LINE#         21
  C:173EH         LINE#         22
  C:1740H         LINE#         23
  C:1744H         LINE#         24
  C:1747H         LINE#         25
  C:1749H         LINE#         26
  C:174DH         LINE#         27
  C:1752H         LINE#         28
  -------         ENDPROC       _WRITE_DS18B20
  -------         PROC          READ_DS18B20
  -------         DO            
  D:0003H         SYMBOL        i
  D:0004H         SYMBOL        dat
  -------         ENDDO         
  C:1777H         LINE#         32
  C:1777H         LINE#         33
  C:1777H         LINE#         37
  C:1779H         LINE#         38
  C:1779H         LINE#         39
  C:177BH         LINE#         40
  C:177FH         LINE#         41
  C:1781H         LINE#         42
  C:1784H         LINE#         43
  C:1784H         LINE#         44
BL51 BANKED LINKER/LOCATER V6.22                                                      02/04/2024  18:05:12  PAGE 21


  C:1787H         LINE#         45
  C:1787H         LINE#         46
  C:178AH         LINE#         47
  C:178FH         LINE#         48
  C:1791H         LINE#         49
  -------         ENDPROC       READ_DS18B20
  -------         PROC          INIT_DS18B20
  -------         DO            
  B:0021H.1       SYMBOL        initflag
  -------         ENDDO         
  C:16A3H         LINE#         52
  C:16A3H         LINE#         53
  C:16A3H         LINE#         54
  C:16A5H         LINE#         56
  C:16A7H         LINE#         57
  C:16AEH         LINE#         58
  C:16B0H         LINE#         59
  C:16B7H         LINE#         60
  C:16B9H         LINE#         61
  C:16C0H         LINE#         62
  C:16C4H         LINE#         63
  C:16C7H         LINE#         65
  C:16C9H         LINE#         66
  -------         ENDPROC       INIT_DS18B20
  -------         ENDMOD        ONEWIRE

  -------         MODULE        UART
  C:0000H         SYMBOL        _ICE_DUMMY_
  D:0080H         PUBLIC        P0
  D:0090H         PUBLIC        P1
  D:00A0H         PUBLIC        P2
  D:00B0H         PUBLIC        P3
  D:00C0H         PUBLIC        P4
  D:00C8H         PUBLIC        P5
  D:00E8H         PUBLIC        P6
  D:00F8H         PUBLIC        P7
  C:1556H         PUBLIC        _Uart_Send
  D:00A8H         PUBLIC        IE
  D:00B8H         PUBLIC        IP
  B:0098H.1       PUBLIC        TI
  C:0003H         PUBLIC        _SendByte
  D:00D8H         PUBLIC        CCON
  D:0099H         PUBLIC        SBUF
  D:0098H         PUBLIC        SCON
  D:0088H         PUBLIC        TCON
  D:008EH         PUBLIC        AUXR
  D:00D6H         PUBLIC        T2H
  D:00D7H         PUBLIC        T2L
  C:1830H         PUBLIC        Uart1Init
  D:00D0H         PUBLIC        PSW
  -------         PROC          UART1INIT
  C:1830H         LINE#         3
  C:1830H         LINE#         4
  C:1830H         LINE#         5
  C:1833H         LINE#         6
  C:1836H         LINE#         7
  C:1839H         LINE#         8
BL51 BANKED LINKER/LOCATER V6.22                                                      02/04/2024  18:05:12  PAGE 22


  C:183CH         LINE#         9
  C:183FH         LINE#         10
  C:1842H         LINE#         11
  -------         ENDPROC       UART1INIT
  -------         PROC          _SENDBYTE
  D:0007H         SYMBOL        dat
  C:0003H         LINE#         13
  C:0003H         LINE#         14
  C:0003H         LINE#         15
  C:0005H         LINE#         16
  C:0008H         LINE#         17
  C:000AH         LINE#         18
  -------         ENDPROC       _SENDBYTE
  -------         PROC          _UART_SEND
  X:0054H         SYMBOL        dat
  C:1556H         LINE#         20
  C:1560H         LINE#         21
  C:1560H         LINE#         22
  C:156FH         LINE#         23
  C:1587H         LINE#         24
  C:1589H         LINE#         25
  -------         ENDPROC       _UART_SEND
  -------         ENDMOD        UART

  -------         MODULE        DS1302
  C:0000H         SYMBOL        _ICE_DUMMY_
  D:0080H         PUBLIC        P0
  D:0090H         PUBLIC        P1
  D:00A0H         PUBLIC        P2
  D:00B0H         PUBLIC        P3
  D:00C0H         PUBLIC        P4
  D:00C8H         PUBLIC        P5
  D:00E8H         PUBLIC        P6
  D:00F8H         PUBLIC        P7
  D:00A8H         PUBLIC        IE
  D:00B8H         PUBLIC        IP
  D:00D8H         PUBLIC        CCON
  D:0098H         PUBLIC        SCON
  D:0088H         PUBLIC        TCON
  C:15BDH         PUBLIC        _DS1302_Read
  C:14EDH         PUBLIC        _Read_Ds1302_Byte
  B:00A0H.3       PUBLIC        SDA
  B:0090H.7       PUBLIC        SCK
  C:181CH         PUBLIC        _Write_Ds1302_Byte
  C:161FH         PUBLIC        _DS1302_Set
  C:1808H         PUBLIC        _Write_Ds1302
  B:0090H.3       PUBLIC        RST
  D:00D0H         PUBLIC        PSW
  -------         PROC          _WRITE_DS1302
  D:0007H         SYMBOL        temp
  -------         DO            
  D:0006H         SYMBOL        i
  -------         ENDDO         
  C:1808H         LINE#         8
  C:1808H         LINE#         9
  C:1808H         LINE#         11
  C:180AH         LINE#         12
BL51 BANKED LINKER/LOCATER V6.22                                                      02/04/2024  18:05:12  PAGE 23


  C:180AH         LINE#         13
  C:180CH         LINE#         14
  C:1810H         LINE#         15
  C:1814H         LINE#         16
  C:1816H         LINE#         17
  C:181BH         LINE#         18
  -------         ENDPROC       _WRITE_DS1302
  -------         PROC          _WRITE_DS1302_BYTE
  D:0007H         SYMBOL        address
  D:0005H         SYMBOL        dat
  C:181CH         LINE#         20
  C:181CH         LINE#         21
  C:181CH         LINE#         22
  C:181FH         LINE#         23
  C:1822H         LINE#         24
  C:1825H         LINE#         25
  C:1828H         LINE#         26
  C:182DH         LINE#         27
  C:182FH         LINE#         28
  -------         ENDPROC       _WRITE_DS1302_BYTE
  -------         PROC          _READ_DS1302_BYTE
  D:0007H         SYMBOL        address
  -------         DO            
  D:0007H         SYMBOL        i
  D:0005H         SYMBOL        temp
  -------         ENDDO         
  C:14EDH         LINE#         30
  C:14EDH         LINE#         31
  C:14EDH         LINE#         32
  C:14EFH         LINE#         33
  C:14F2H         LINE#         34
  C:14F5H         LINE#         35
  C:14F8H         LINE#         36
  C:14FBH         LINE#         37
  C:14FDH         LINE#         38
  C:14FDH         LINE#         39
  C:14FFH         LINE#         40
  C:1503H         LINE#         41
  C:1506H         LINE#         42
  C:1509H         LINE#         43
  C:150BH         LINE#         44
  C:1510H         LINE#         45
  C:1513H         LINE#         46
  C:1516H         LINE#         47
  C:1519H         LINE#         48
  C:151CH         LINE#         49
  C:151FH         LINE#         50
  C:1521H         LINE#         51
  -------         ENDPROC       _READ_DS1302_BYTE
  -------         PROC          _DS1302_SET
  D:0001H         SYMBOL        time
  C:161FH         LINE#         54
  C:161FH         LINE#         55
  C:161FH         LINE#         56
  C:1626H         LINE#         58
  C:162FH         LINE#         59
  C:163BH         LINE#         60
BL51 BANKED LINKER/LOCATER V6.22                                                      02/04/2024  18:05:12  PAGE 24


  C:1647H         LINE#         62
  -------         ENDPROC       _DS1302_SET
  -------         PROC          _DS1302_READ
  X:006BH         SYMBOL        time
  -------         DO            
  D:0004H         SYMBOL        i
  -------         ENDDO         
  C:15BDH         LINE#         65
  C:15C7H         LINE#         66
  C:15C7H         LINE#         68
  C:15C9H         LINE#         69
  C:15E8H         LINE#         70
  C:15EDH         LINE#         71
  -------         ENDPROC       _DS1302_READ
  -------         ENDMOD        DS1302

  -------         MODULE        KBD
  C:0000H         SYMBOL        _ICE_DUMMY_
  D:0080H         PUBLIC        P0
  D:0090H         PUBLIC        P1
  D:00A0H         PUBLIC        P2
  D:00B0H         PUBLIC        P3
  D:00C0H         PUBLIC        P4
  D:00C8H         PUBLIC        P5
  D:00E8H         PUBLIC        P6
  D:00F8H         PUBLIC        P7
  D:00A8H         PUBLIC        IE
  D:00B8H         PUBLIC        IP
  D:00D8H         PUBLIC        CCON
  C:188AH         PUBLIC        KBD_Read
  B:00B0H.0       PUBLIC        P30
  B:00B0H.1       PUBLIC        P31
  D:0098H         PUBLIC        SCON
  B:00B0H.2       PUBLIC        P32
  D:0088H         PUBLIC        TCON
  X:0046H         PUBLIC        cont
  B:00C0H.2       PUBLIC        P42
  B:00B0H.3       PUBLIC        P33
  B:00B0H.4       PUBLIC        P34
  B:00C0H.4       PUBLIC        P44
  B:00B0H.5       PUBLIC        P35
  C:13C5H         PUBLIC        KBD_IO
  X:0047H         PUBLIC        trg
  D:00D0H         PUBLIC        PSW
  -------         PROC          KBD_IO
  -------         DO            
  D:0007H         SYMBOL        io
  -------         ENDDO         
  C:13C5H         LINE#         6
  C:13C5H         LINE#         7
  C:13C5H         LINE#         8
  C:13C7H         LINE#         11
  C:13CDH         LINE#         12
  C:13D2H         LINE#         13
  C:13D7H         LINE#         14
  C:13DCH         LINE#         15
  C:13E1H         LINE#         18
BL51 BANKED LINKER/LOCATER V6.22                                                      02/04/2024  18:05:12  PAGE 25


  C:13E7H         LINE#         19
  C:13EEH         LINE#         20
  C:13F5H         LINE#         21
  C:13FCH         LINE#         22
  C:1403H         LINE#         24
  C:1403H         LINE#         25
  -------         ENDPROC       KBD_IO
  -------         PROC          KBD_READ
  -------         DO            
  D:0007H         SYMBOL        state
  -------         ENDDO         
  C:188AH         LINE#         27
  C:188AH         LINE#         28
  C:188AH         LINE#         29
  C:1890H         LINE#         30
  C:1897H         LINE#         31
  C:189AH         LINE#         32
  -------         ENDPROC       KBD_READ
  -------         ENDMOD        KBD

  -------         MODULE        SEG
  C:0000H         SYMBOL        _ICE_DUMMY_
  D:0080H         PUBLIC        P0
  D:0090H         PUBLIC        P1
  D:00A0H         PUBLIC        P2
  D:00B0H         PUBLIC        P3
  D:00C0H         PUBLIC        P4
  D:00C8H         PUBLIC        P5
  D:00E8H         PUBLIC        P6
  D:00F8H         PUBLIC        P7
  D:00A8H         PUBLIC        IE
  D:00B8H         PUBLIC        IP
  C:15EEH         PUBLIC        SEG_Display
  D:00D8H         PUBLIC        CCON
  D:0098H         PUBLIC        SCON
  D:0088H         PUBLIC        TCON
  C:18ABH         PUBLIC        tab
  X:0049H         PUBLIC        seg_buf
  D:00D0H         PUBLIC        PSW
  -------         PROC          SEG_DISPLAY
  -------         DO            
  X:0048H         SYMBOL        i
  -------         ENDDO         
  C:15EEH         LINE#         25
  C:15EEH         LINE#         26
  C:15EEH         LINE#         28
  C:15F5H         LINE#         29
  C:1602H         LINE#         30
  C:1617H         LINE#         31
  C:161EH         LINE#         32
  -------         ENDPROC       SEG_DISPLAY
  -------         ENDMOD        SEG

  -------         MODULE        ULTRA
  C:0000H         SYMBOL        _ICE_DUMMY_
  D:0080H         PUBLIC        P0
  D:0090H         PUBLIC        P1
BL51 BANKED LINKER/LOCATER V6.22                                                      02/04/2024  18:05:12  PAGE 26


  C:1867H         PUBLIC        Ultra_Init
  D:00A0H         PUBLIC        P2
  D:00B0H         PUBLIC        P3
  D:00C0H         PUBLIC        P4
  D:00C8H         PUBLIC        P5
  D:00E8H         PUBLIC        P6
  D:00F8H         PUBLIC        P7
  D:00A8H         PUBLIC        IE
  D:00B8H         PUBLIC        IP
  D:00D8H         PUBLIC        CCON
  D:0098H         PUBLIC        SCON
  D:0089H         PUBLIC        TMOD
  D:0088H         PUBLIC        TCON
  C:18F1H         PUBLIC        Delay12us
  B:0090H.1       PUBLIC        Rx
  B:0088H.7       PUBLIC        TF1
  B:0090H.0       PUBLIC        Tx
  D:008DH         PUBLIC        TH1
  D:008BH         PUBLIC        TL1
  B:0088H.6       PUBLIC        TR1
  C:147CH         PUBLIC        Ultra_Read
  D:00D0H         PUBLIC        PSW
  -------         PROC          DELAY12US
  -------         DO            
  D:0008H         SYMBOL        i
  -------         ENDDO         
  C:18F1H         LINE#         5
  C:18F1H         LINE#         6
  C:18F1H         LINE#         9
  C:18F2H         LINE#         10
  C:18F3H         LINE#         11
  C:18F6H         LINE#         12
  C:18F9H         LINE#         13
  -------         ENDPROC       DELAY12US
  -------         PROC          ULTRA_INIT
  -------         DO            
  D:0007H         SYMBOL        i
  -------         ENDDO         
  C:1867H         LINE#         15
  C:1867H         LINE#         16
  C:1867H         LINE#         18
  C:1869H         LINE#         19
  C:186BH         LINE#         20
  C:186EH         LINE#         21
  C:1870H         LINE#         22
  C:1873H         LINE#         23
  C:1878H         LINE#         24
  -------         ENDPROC       ULTRA_INIT
  -------         PROC          ULTRA_READ
  -------         DO            
  D:0006H         SYMBOL        t
  -------         ENDDO         
  C:147CH         LINE#         26
  C:147CH         LINE#         27
  C:147CH         LINE#         30
  C:147FH         LINE#         31
  C:1484H         LINE#         32
BL51 BANKED LINKER/LOCATER V6.22                                                      02/04/2024  18:05:12  PAGE 27


  C:1487H         LINE#         33
  C:1489H         LINE#         34
  C:148FH         LINE#         35
  C:1491H         LINE#         36
  C:1494H         LINE#         37
  C:149CH         LINE#         38
  C:14B0H         LINE#         39
  C:14B0H         LINE#         40
  C:14B0H         LINE#         41
  C:14B2H         LINE#         42
  C:14B4H         LINE#         43
  C:14B4H         LINE#         44
  -------         ENDPROC       ULTRA_READ
  -------         ENDMOD        ULTRA

  -------         MODULE        ADDA
  C:0000H         SYMBOL        _ICE_DUMMY_
  D:0080H         PUBLIC        P0
  D:0090H         PUBLIC        P1
  D:00A0H         PUBLIC        P2
  D:00B0H         PUBLIC        P3
  D:00C0H         PUBLIC        P4
  D:00C8H         PUBLIC        P5
  D:00E8H         PUBLIC        P6
  D:00F8H         PUBLIC        P7
  D:00A8H         PUBLIC        IE
  D:00B8H         PUBLIC        IP
  D:00D8H         PUBLIC        CCON
  D:0098H         PUBLIC        SCON
  D:0088H         PUBLIC        TCON
  C:14B5H         PUBLIC        _AD_Read
  C:1716H         PUBLIC        _DA_Write
  D:00D0H         PUBLIC        PSW
  -------         PROC          _AD_READ
  X:0051H         SYMBOL        addr
  -------         DO            
  X:0052H         SYMBOL        dat
  -------         ENDDO         
  C:14B5H         LINE#         5
  C:14B9H         LINE#         6
  C:14B9H         LINE#         8
  C:14BCH         LINE#         9
  C:14C1H         LINE#         10
  C:14C4H         LINE#         11
  C:14CBH         LINE#         12
  C:14CEH         LINE#         14
  C:14D1H         LINE#         15
  C:14D6H         LINE#         16
  C:14D9H         LINE#         17
  C:14E0H         LINE#         18
  C:14E5H         LINE#         19
  C:14E8H         LINE#         21
  C:14ECH         LINE#         22
  -------         ENDPROC       _AD_READ
  -------         PROC          _DA_WRITE
  X:0051H         SYMBOL        addr
  C:1716H         LINE#         24
BL51 BANKED LINKER/LOCATER V6.22                                                      02/04/2024  18:05:12  PAGE 28


  C:171AH         LINE#         25
  C:171AH         LINE#         26
  C:171DH         LINE#         27
  C:1722H         LINE#         28
  C:1725H         LINE#         29
  C:172AH         LINE#         30
  C:172DH         LINE#         31
  C:1734H         LINE#         32
  C:1737H         LINE#         33
  -------         ENDPROC       _DA_WRITE
  -------         ENDMOD        ADDA

  -------         MODULE        DS18B20
  C:0000H         SYMBOL        _ICE_DUMMY_
  D:0080H         PUBLIC        P0
  D:0090H         PUBLIC        P1
  D:00A0H         PUBLIC        P2
  D:00B0H         PUBLIC        P3
  D:00C0H         PUBLIC        P4
  D:00C8H         PUBLIC        P5
  D:00E8H         PUBLIC        P6
  D:00F8H         PUBLIC        P7
  D:00A8H         PUBLIC        IE
  D:00B8H         PUBLIC        IP
  D:00D8H         PUBLIC        CCON
  D:0098H         PUBLIC        SCON
  D:0088H         PUBLIC        TCON
  C:1441H         PUBLIC        Read_Temper
  D:00D0H         PUBLIC        PSW
  -------         PROC          READ_TEMPER
  -------         DO            
  X:0051H         SYMBOL        low
  D:0007H         SYMBOL        high
  -------         ENDDO         
  C:1441H         LINE#         3
  C:1441H         LINE#         4
  C:1441H         LINE#         7
  C:1444H         LINE#         8
  C:1449H         LINE#         9
  C:144EH         LINE#         11
  C:1451H         LINE#         12
  C:1456H         LINE#         13
  C:145BH         LINE#         15
  C:1462H         LINE#         16
  C:1465H         LINE#         18
  C:147BH         LINE#         19
  -------         ENDPROC       READ_TEMPER
  -------         ENDMOD        DS18B20

  -------         MODULE        EEPROM
  C:0000H         SYMBOL        _ICE_DUMMY_
  D:0080H         PUBLIC        P0
  D:0090H         PUBLIC        P1
  D:00A0H         PUBLIC        P2
  D:00B0H         PUBLIC        P3
  D:00C0H         PUBLIC        P4
  D:00C8H         PUBLIC        P5
BL51 BANKED LINKER/LOCATER V6.22                                                      02/04/2024  18:05:12  PAGE 29


  D:00E8H         PUBLIC        P6
  D:00F8H         PUBLIC        P7
  D:00A8H         PUBLIC        IE
  C:18FAH         SYMBOL        _I2C_Delay
  D:00B8H         PUBLIC        IP
  D:00D8H         PUBLIC        CCON
  C:12B9H         PUBLIC        _EEPROM_Read
  D:0098H         PUBLIC        SCON
  D:0088H         PUBLIC        TCON
  C:1375H         PUBLIC        _EEPROM_Write
  D:00D0H         PUBLIC        PSW
  -------         PROC          _I2C_DELAY
  D:0007H         SYMBOL        n
  C:18FAH         LINE#         3
  C:18FAH         LINE#         4
  C:18FAH         LINE#         5
  C:18FBH         LINE#         6
  C:1901H         LINE#         7
  -------         ENDPROC       _I2C_DELAY
  -------         PROC          _EEPROM_WRITE
  X:0052H         SYMBOL        dat
  X:0055H         SYMBOL        addr
  X:0056H         SYMBOL        num
  C:1375H         LINE#         9
  C:1382H         LINE#         10
  C:1382H         LINE#         11
  C:1385H         LINE#         12
  C:138AH         LINE#         13
  C:138DH         LINE#         15
  C:1394H         LINE#         16
  C:1397H         LINE#         18
  C:13A0H         LINE#         19
  C:13B8H         LINE#         20
  C:13BBH         LINE#         21
  C:13C0H         LINE#         22
  C:13C2H         LINE#         24
  -------         ENDPROC       _EEPROM_WRITE
  -------         PROC          _EEPROM_READ
  X:0052H         SYMBOL        dat
  X:0055H         SYMBOL        addr
  X:0056H         SYMBOL        num
  C:12B9H         LINE#         27
  C:12C6H         LINE#         28
  C:12C6H         LINE#         29
  C:12C9H         LINE#         30
  C:12CEH         LINE#         31
  C:12D1H         LINE#         33
  C:12D8H         LINE#         34
  C:12DBH         LINE#         36
  C:12DEH         LINE#         37
  C:12E3H         LINE#         38
  C:12E6H         LINE#         40
  C:12EFH         LINE#         41
  C:1307H         LINE#         42
  C:1310H         LINE#         43
  C:1315H         LINE#         44
  C:1317H         LINE#         46
BL51 BANKED LINKER/LOCATER V6.22                                                      02/04/2024  18:05:12  PAGE 30


  -------         ENDPROC       _EEPROM_READ
  -------         ENDMOD        EEPROM

  -------         MODULE        ?C?FPMUL
  C:0026H         PUBLIC        ?C?FPMUL
  -------         ENDMOD        ?C?FPMUL

  -------         MODULE        ?C?FPDIV
  C:012FH         PUBLIC        ?C?FPDIV
  -------         ENDMOD        ?C?FPDIV

  -------         MODULE        ?C?FCAST
  C:01D6H         PUBLIC        ?C?FCASTC
  C:01D1H         PUBLIC        ?C?FCASTI
  C:01CCH         PUBLIC        ?C?FCASTL
  -------         ENDMOD        ?C?FCAST

  -------         MODULE        ?C?CASTF
  C:020AH         PUBLIC        ?C?CASTF
  -------         ENDMOD        ?C?CASTF

  -------         MODULE        PRINTF
  X:0054H         PUBLIC        ?_PRINTF?BYTE
  X:0054H         PUBLIC        ?_SPRINTF?BYTE
  C:0686H         PUBLIC        _PRINTF
  C:0680H         PUBLIC        _SPRINTF
  -------         ENDMOD        PRINTF

  -------         MODULE        ?C?FPROUND
  C:028BH         PUBLIC        ?C?FPROUND
  -------         ENDMOD        ?C?FPROUND

  -------         MODULE        ?C?FPCONVERT
  C:02BAH         PUBLIC        ?C?FPCONVERT
  -------         ENDMOD        ?C?FPCONVERT

  -------         MODULE        ?C?FPADD
  C:03C4H         PUBLIC        ?C?FPADD
  C:03C0H         PUBLIC        ?C?FPSUB
  -------         ENDMOD        ?C?FPADD

  -------         MODULE        ?C?FTNPWR
  C:04E5H         PUBLIC        ?C?FTNPWR
  -------         ENDMOD        ?C?FTNPWR

  -------         MODULE        ?C?CLDPTR
  C:0525H         PUBLIC        ?C?CLDPTR
  -------         ENDMOD        ?C?CLDPTR

  -------         MODULE        ?C?CLDOPTR
  C:053EH         PUBLIC        ?C?CLDOPTR
  -------         ENDMOD        ?C?CLDOPTR

  -------         MODULE        ?C?CSTPTR
  C:056BH         PUBLIC        ?C?CSTPTR
  -------         ENDMOD        ?C?CSTPTR

BL51 BANKED LINKER/LOCATER V6.22                                                      02/04/2024  18:05:12  PAGE 31


  -------         MODULE        ?C?CSTOPTR
  C:057DH         PUBLIC        ?C?CSTOPTR
  -------         ENDMOD        ?C?CSTOPTR

  -------         MODULE        ?C?LNEG
  C:059FH         PUBLIC        ?C?LNEG
  -------         ENDMOD        ?C?LNEG

  -------         MODULE        ?C?LSTPDATA
  C:05ADH         PUBLIC        ?C?LSTPDATA
  -------         ENDMOD        ?C?LSTPDATA

  -------         MODULE        ?C?PLDIPDATA
  C:05B9H         PUBLIC        ?C?PLDIPDATA
  -------         ENDMOD        ?C?PLDIPDATA

  -------         MODULE        ?C?PSTPDATA
  C:05C9H         PUBLIC        ?C?PSTPDATA
  -------         ENDMOD        ?C?PSTPDATA

  -------         MODULE        ?C?CCASE
  C:05D2H         PUBLIC        ?C?CCASE
  -------         ENDMOD        ?C?CCASE

  -------         MODULE        PUTCHAR
  C:16CAH         PUBLIC        _PUTCHAR
  -------         ENDMOD        PUTCHAR

  -------         MODULE        ?C?MEMSET
  C:05F8H         PUBLIC        ?C?MEMSET
  -------         ENDMOD        ?C?MEMSET

Program Size: data=16.2 xdata=110 code=6402
LINK/LOCATE RUN COMPLETE.  0 WARNING(S),  0 ERROR(S)
