BL51 BANKED LINKER/LOCATER V6.22.2.0                                                    03/16/2024  14:33:30  PAGE 1


BL51 BANKED LINKER/LOCATER V6.22.2.0, INVOKED BY:
D:\UV4\C51\BIN\BL51.EXE .\Objects\STARTUP.obj, .\Objects\main.obj, .\Objects\Timer.obj, .\Objects\Device.obj, .\Objects\
>> iic.obj, .\Objects\KBD.obj, .\Objects\SEG.obj, .\Objects\ADDA.obj, .\Objects\EEPROM.obj TO .\Objects\LQ-Ys PRINT (.\L
>> istings\LQ-Ys.m51) RAMSIZE (256)


MEMORY MODEL: SMALL WITH FLOATING POINT ARITHMETIC


INPUT MODULES INCLUDED:
  .\Objects\STARTUP.obj (?C_STARTUP)
  .\Objects\main.obj (MAIN)
  .\Objects\Timer.obj (TIMER)
  .\Objects\Device.obj (DEVICE)
  .\Objects\iic.obj (IIC)
  .\Objects\KBD.obj (KBD)
  .\Objects\SEG.obj (SEG)
  .\Objects\ADDA.obj (ADDA)
  .\Objects\EEPROM.obj (EEPROM)
  D:\UV4\C51\LIB\C51FPS.LIB (?C?FPADD)
  D:\UV4\C51\LIB\C51FPS.LIB (?C?FPMUL)
  D:\UV4\C51\LIB\C51FPS.LIB (?C?FPCMP)
  D:\UV4\C51\LIB\C51FPS.LIB (?C?FCAST)
  D:\UV4\C51\LIB\C51FPS.LIB (?C?CASTF)
  D:\UV4\C51\LIB\C51FPS.LIB (?C?FPGETOPN)
  D:\UV4\C51\LIB\C51S.LIB (?C_INIT)
  D:\UV4\C51\LIB\C51S.LIB (?C?CLDPTR)
  D:\UV4\C51\LIB\C51S.LIB (?C?CSTPTR)
  D:\UV4\C51\LIB\C51S.LIB (?C?UIDIV)
  D:\UV4\C51\LIB\C51S.LIB (?C?ULDIV)
  D:\UV4\C51\LIB\C51S.LIB (?C?LNEG)
  D:\UV4\C51\LIB\C51S.LIB (?C?ULCMP)


LINK MAP OF MODULE:  .\Objects\LQ-Ys (?C_STARTUP)


            TYPE    BASE      LENGTH    RELOCATION   SEGMENT NAME
            -----------------------------------------------------

            * * * * * * *   D A T A   M E M O R Y   * * * * * * *
            REG     0000H     0008H     ABSOLUTE     "REG BANK 0"
            DATA    0008H     0016H     UNIT         ?DT?MAIN
            DATA    001EH     0002H     UNIT         ?DT?KBD
            BIT     0020H.0   0000H.2   UNIT         ?BI?MAIN
            BIT     0020H.2   0000H.1   UNIT         _BIT_GROUP_
                    0020H.3   0000H.5                *** GAP ***
            DATA    0021H     0009H     UNIT         ?DT?SEG
            DATA    002AH     0009H     UNIT         _DATA_GROUP_
            IDATA   0033H     0001H     UNIT         ?STACK

            * * * * * * *   C O D E   M E M O R Y   * * * * * * *
            CODE    0000H     0003H     ABSOLUTE     
            CODE    0003H     0054H     UNIT         ?PR?_EEPROM_READ?EEPROM
            CODE    0057H     000CH     UNIT         ?PR?_I2C_DELAY?IIC
            CODE    0063H     0003H     ABSOLUTE     
            CODE    0066H     04A3H     UNIT         ?C?LIB_CODE
            CODE    0509H     0256H     UNIT         ?PR?SEG_PROCESS?MAIN
BL51 BANKED LINKER/LOCATER V6.22.2.0                                                  03/16/2024  14:33:30  PAGE 2


            CODE    075FH     00F0H     UNIT         ?PR?KBD_PROCESS?MAIN
            CODE    084FH     00B3H     UNIT         ?PR?T2ISR?MAIN
            CODE    0902H     008CH     UNIT         ?C_C51STARTUP
            CODE    098EH     007AH     UNIT         ?PR?MINFO_PROCESS?MAIN
            CODE    0A08H     0044H     UNIT         ?PR?_EEPROM_WRITE?EEPROM
            CODE    0A4CH     0040H     UNIT         ?PR?MAIN?MAIN
            CODE    0A8CH     003BH     UNIT         ?PR?KBD_IO?KBD
            CODE    0AC7H     0038H     UNIT         ?PR?LED_PROCESS?MAIN
            CODE    0AFFH     0035H     UNIT         ?PR?_I2CSENDBYTE?IIC
            CODE    0B34H     0030H     UNIT         ?PR?_AD_READ?ADDA
            CODE    0B64H     002EH     UNIT         ?PR?SEG_DISPLAY?SEG
            CODE    0B92H     0026H     UNIT         ?PR?I2CRECEIVEBYTE?IIC
            CODE    0BB8H     0025H     UNIT         ?C_INITSEG
            CODE    0BDDH     0017H     UNIT         ?PR?I2CSENDACK?IIC
            CODE    0BF4H     0014H     UNIT         ?PR?DEVICE_INIT?DEVICE
            CODE    0C08H     0012H     UNIT         ?PR?I2CWAITACK?IIC
            CODE    0C1AH     0010H     UNIT         ?CO?SEG
            CODE    0C2AH     000FH     UNIT         ?PR?I2CSTART?IIC
            CODE    0C39H     000EH     UNIT         ?PR?KBD_READ?KBD
            CODE    0C47H     000DH     UNIT         ?PR?TIMER2_INIT?TIMER
            CODE    0C54H     000DH     UNIT         ?PR?_DEVICE_CTRL?DEVICE
            CODE    0C61H     000CH     UNIT         ?PR?I2CSTOP?IIC
            CODE    0C6DH     0008H     UNIT         ?PR?_I2C_DELAY?EEPROM



OVERLAY MAP OF MODULE:   .\Objects\LQ-Ys (?C_STARTUP)


SEGMENT                             BIT_GROUP          DATA_GROUP 
  +--> CALLED SEGMENT            START    LENGTH     START    LENGTH
--------------------------------------------------------------------
?C_C51STARTUP                    -----    -----      -----    -----
  +--> ?PR?MAIN?MAIN
  +--> ?C_INITSEG

?PR?MAIN?MAIN                    -----    -----      -----    -----
  +--> ?PR?TIMER2_INIT?TIMER
  +--> ?PR?DEVICE_INIT?DEVICE
  +--> ?PR?_AD_READ?ADDA
  +--> ?PR?_EEPROM_READ?EEPROM
  +--> ?PR?MINFO_PROCESS?MAIN
  +--> ?PR?KBD_PROCESS?MAIN
  +--> ?PR?SEG_PROCESS?MAIN
  +--> ?PR?LED_PROCESS?MAIN

?PR?DEVICE_INIT?DEVICE           -----    -----      -----    -----
  +--> ?PR?_DEVICE_CTRL?DEVICE

?PR?_AD_READ?ADDA                -----    -----      002AH    0002H
  +--> ?PR?I2CSTART?IIC
  +--> ?PR?_I2CSENDBYTE?IIC
  +--> ?PR?I2CWAITACK?IIC
  +--> ?PR?I2CRECEIVEBYTE?IIC
  +--> ?PR?I2CSENDACK?IIC
  +--> ?PR?I2CSTOP?IIC

BL51 BANKED LINKER/LOCATER V6.22.2.0                                                  03/16/2024  14:33:30  PAGE 3


?PR?I2CSTART?IIC                 -----    -----      -----    -----
  +--> ?PR?_I2C_DELAY?IIC

?PR?_I2CSENDBYTE?IIC             -----    -----      -----    -----
  +--> ?PR?_I2C_DELAY?IIC

?PR?I2CWAITACK?IIC               -----    -----      -----    -----
  +--> ?PR?_I2C_DELAY?IIC

?PR?I2CRECEIVEBYTE?IIC           -----    -----      -----    -----
  +--> ?PR?_I2C_DELAY?IIC

?PR?I2CSENDACK?IIC               0020H.2  0000H.1    -----    -----
  +--> ?PR?_I2C_DELAY?IIC

?PR?I2CSTOP?IIC                  -----    -----      -----    -----
  +--> ?PR?_I2C_DELAY?IIC

?PR?_EEPROM_READ?EEPROM          -----    -----      002AH    0005H
  +--> ?PR?I2CSTART?IIC
  +--> ?PR?_I2CSENDBYTE?IIC
  +--> ?PR?I2CWAITACK?IIC
  +--> ?PR?I2CRECEIVEBYTE?IIC
  +--> ?PR?I2CSENDACK?IIC
  +--> ?PR?I2CSTOP?IIC

?PR?MINFO_PROCESS?MAIN           -----    -----      -----    -----
  +--> ?PR?_AD_READ?ADDA

?PR?KBD_PROCESS?MAIN             -----    -----      -----    -----
  +--> ?PR?KBD_READ?KBD
  +--> ?PR?_EEPROM_WRITE?EEPROM

?PR?KBD_READ?KBD                 -----    -----      -----    -----
  +--> ?PR?KBD_IO?KBD

?PR?_EEPROM_WRITE?EEPROM         -----    -----      002AH    0005H
  +--> ?PR?I2CSTART?IIC
  +--> ?PR?_I2CSENDBYTE?IIC
  +--> ?PR?I2CWAITACK?IIC
  +--> ?PR?_I2C_DELAY?EEPROM
  +--> ?PR?I2CSTOP?IIC

?PR?SEG_PROCESS?MAIN             -----    -----      002AH    0009H
  +--> ?CO?SEG

?PR?LED_PROCESS?MAIN             -----    -----      -----    -----
  +--> ?PR?_DEVICE_CTRL?DEVICE

*** NEW ROOT ***************************************************

?PR?T2ISR?MAIN                   -----    -----      -----    -----
  +--> ?PR?SEG_DISPLAY?SEG

?PR?SEG_DISPLAY?SEG              -----    -----      -----    -----
  +--> ?PR?_DEVICE_CTRL?DEVICE

BL51 BANKED LINKER/LOCATER V6.22.2.0                                                  03/16/2024  14:33:30  PAGE 4




SYMBOL TABLE OF MODULE:  .\Objects\LQ-Ys (?C_STARTUP)

  VALUE           TYPE          NAME
  ----------------------------------

  -------         MODULE        ?C_STARTUP
  C:0902H         SEGMENT       ?C_C51STARTUP
  I:0033H         SEGMENT       ?STACK
  C:0000H         PUBLIC        ?C_STARTUP
  D:00E0H         SYMBOL        ACC
  D:00F0H         SYMBOL        B
  D:0083H         SYMBOL        DPH
  D:0082H         SYMBOL        DPL
  N:0000H         SYMBOL        IBPSTACK
  N:0100H         SYMBOL        IBPSTACKTOP
  N:0080H         SYMBOL        IDATALEN
  C:0905H         SYMBOL        IDATALOOP
  N:0000H         SYMBOL        PBPSTACK
  N:0100H         SYMBOL        PBPSTACKTOP
  N:0000H         SYMBOL        PDATALEN
  N:0000H         SYMBOL        PDATASTART
  N:0000H         SYMBOL        PPAGE
  N:0000H         SYMBOL        PPAGEENABLE
  D:00A0H         SYMBOL        PPAGE_SFR
  D:0081H         SYMBOL        SP
  C:0902H         SYMBOL        STARTUP1
  N:0000H         SYMBOL        XBPSTACK
  N:0000H         SYMBOL        XBPSTACKTOP
  N:0000H         SYMBOL        XDATALEN
  N:0000H         SYMBOL        XDATASTART
  C:0000H         LINE#         126
  C:0902H         LINE#         133
  C:0904H         LINE#         134
  C:0905H         LINE#         135
  C:0906H         LINE#         136
  C:0908H         LINE#         185
  C:090BH         LINE#         196
  -------         ENDMOD        ?C_STARTUP

  -------         MODULE        MAIN
  C:0000H         SYMBOL        _ICE_DUMMY_
  D:0080H         PUBLIC        P0
  D:0090H         PUBLIC        P1
  D:00A0H         PUBLIC        P2
  D:00B0H         PUBLIC        P3
  D:00C0H         PUBLIC        P4
  D:00C8H         PUBLIC        P5
  D:00E8H         PUBLIC        P6
  D:00F8H         PUBLIC        P7
  D:0009H         PUBLIC        segcnt
  D:00A8H         PUBLIC        IE
  D:000AH         PUBLIC        keycnt
  B:0020H.0       PUBLIC        vflag
  D:000BH         PUBLIC        Ncnt
  C:075FH         PUBLIC        KBD_Process
BL51 BANKED LINKER/LOCATER V6.22.2.0                                                  03/16/2024  14:33:30  PAGE 5


  D:00B8H         PUBLIC        IP
  C:0AC7H         PUBLIC        LED_Process
  C:0509H         PUBLIC        SEG_Process
  D:00D8H         PUBLIC        CCON
  C:0A4CH         PUBLIC        main
  D:000FH         PUBLIC        mode
  D:0010H         PUBLIC        vtemp
  D:0011H         PUBLIC        icnt
  D:0098H         PUBLIC        SCON
  D:0088H         PUBLIC        TCON
  D:0012H         PUBLIC        nkey
  C:098EH         PUBLIC        mInfo_Process
  B:0020H.1       PUBLIC        flag5s
  D:0013H         PUBLIC        vin
  D:0017H         PUBLIC        time5s
  D:0019H         PUBLIC        vp
  C:084FH         PUBLIC        T2ISR
  D:00D0H         PUBLIC        PSW
  D:001DH         PUBLIC        ledcnt
  -------         PROC          MINFO_PROCESS
  C:098EH         LINE#         19
  C:098EH         LINE#         20
  C:098EH         LINE#         22
  C:0992H         LINE#         23
  C:0995H         LINE#         25
  C:09B3H         LINE#         27
  C:09C3H         LINE#         28
  C:09C5H         LINE#         29
  C:09DAH         LINE#         30
  C:09EFH         LINE#         31
  C:09F0H         LINE#         32
  C:0A05H         LINE#         33
  C:0A07H         LINE#         34
  -------         ENDPROC       MINFO_PROCESS
  -------         PROC          KBD_PROCESS
  C:075FH         LINE#         37
  C:075FH         LINE#         38
  C:075FH         LINE#         39
  C:0766H         LINE#         40
  C:0769H         LINE#         42
  C:076CH         LINE#         44
  C:0772H         LINE#         45
  C:0774H         LINE#         47
  C:077AH         LINE#         48
  C:0790H         LINE#         49
  C:079EH         LINE#         50
  C:079EH         LINE#         52
  C:07A8H         LINE#         53
  C:07ABH         LINE#         55
  C:07ABH         LINE#         56
  C:07BAH         LINE#         57
  C:07BCH         LINE#         58
  C:07C5H         LINE#         60
  C:07C5H         LINE#         61
  C:07D1H         LINE#         62
  C:07D3H         LINE#         63
  C:07F9H         LINE#         64
BL51 BANKED LINKER/LOCATER V6.22.2.0                                                  03/16/2024  14:33:30  PAGE 6


  C:0803H         LINE#         66
  C:0803H         LINE#         67
  C:080FH         LINE#         68
  C:0811H         LINE#         69
  C:083CH         LINE#         70
  C:0848H         LINE#         72
  C:0848H         LINE#         73
  C:0848H         LINE#         74
  C:084CH         LINE#         75
  C:084EH         LINE#         76
  C:084EH         LINE#         77
  -------         ENDPROC       KBD_PROCESS
  -------         PROC          SEG_PROCESS
  -------         DO            
  D:002AH         SYMBOL        i
  D:002BH         SYMBOL        buf
  -------         ENDDO         
  C:0509H         LINE#         79
  C:0509H         LINE#         80
  C:0509H         LINE#         81
  C:050CH         LINE#         84
  C:0513H         LINE#         85
  C:0516H         LINE#         87
  C:0522H         LINE#         88
  C:0525H         LINE#         89
  C:0528H         LINE#         90
  C:052BH         LINE#         91
  C:052EH         LINE#         92
  C:052EH         LINE#         93
  C:0541H         LINE#         94
  C:0541H         LINE#         95
  C:0544H         LINE#         96
  C:055EH         LINE#         97
  C:0588H         LINE#         98
  C:0597H         LINE#         99
  C:0599H         LINE#         101
  C:0599H         LINE#         102
  C:059CH         LINE#         103
  C:05B6H         LINE#         104
  C:05E0H         LINE#         105
  C:060AH         LINE#         106
  C:060BH         LINE#         108
  C:060BH         LINE#         109
  C:060EH         LINE#         111
  C:0638H         LINE#         112
  C:0662H         LINE#         113
  C:068BH         LINE#         114
  C:06B4H         LINE#         115
  C:06DCH         LINE#         116
  C:0704H         LINE#         117
  C:0723H         LINE#         119
  C:0734H         LINE#         120
  C:0736H         LINE#         121
  C:073EH         LINE#         122
  C:073EH         LINE#         124
  C:074CH         LINE#         125
  C:075AH         LINE#         126
BL51 BANKED LINKER/LOCATER V6.22.2.0                                                  03/16/2024  14:33:30  PAGE 7


  C:075EH         LINE#         127
  C:075EH         LINE#         128
  C:075EH         LINE#         129
  -------         ENDPROC       SEG_PROCESS
  -------         PROC          LED_PROCESS
  -------         DO            
  D:0008H         SYMBOL        led_old
  D:0003H         SYMBOL        led
  -------         ENDDO         
  C:0AC7H         LINE#         131
  C:0AC7H         LINE#         132
  C:0AC7H         LINE#         134
  C:0AC9H         LINE#         136
  C:0ACDH         LINE#         137
  C:0AD0H         LINE#         139
  C:0AD3H         LINE#         140
  C:0AD4H         LINE#         142
  C:0ADFH         LINE#         143
  C:0AE2H         LINE#         145
  C:0AEDH         LINE#         146
  C:0AF0H         LINE#         148
  C:0AF5H         LINE#         149
  C:0AF7H         LINE#         150
  C:0AFEH         LINE#         151
  C:0AFEH         LINE#         152
  -------         ENDPROC       LED_PROCESS
  -------         PROC          MAIN
  C:0A4CH         LINE#         156
  C:0A4CH         LINE#         157
  C:0A4CH         LINE#         158
  C:0A4FH         LINE#         159
  C:0A52H         LINE#         160
  C:0A57H         LINE#         161
  C:0A65H         LINE#         162
  C:0A7EH         LINE#         164
  C:0A7EH         LINE#         165
  C:0A7EH         LINE#         166
  C:0A81H         LINE#         168
  C:0A84H         LINE#         169
  C:0A87H         LINE#         170
  C:0A8AH         LINE#         171
  -------         ENDPROC       MAIN
  -------         PROC          T2ISR
  C:084FH         LINE#         174
  C:086CH         LINE#         176
  C:086FH         LINE#         178
  C:087FH         LINE#         179
  C:088FH         LINE#         180
  C:089FH         LINE#         181
  C:08AFH         LINE#         183
  C:08C4H         LINE#         184
  C:08CCH         LINE#         185
  C:08D5H         LINE#         186
  C:08DBH         LINE#         187
  C:08DDH         LINE#         188
  C:08DDH         LINE#         189
  C:08DFH         LINE#         190
BL51 BANKED LINKER/LOCATER V6.22.2.0                                                  03/16/2024  14:33:30  PAGE 8


  C:08DFH         LINE#         191
  C:08E5H         LINE#         192
  C:08E7H         LINE#         193
  C:08E7H         LINE#         194
  -------         ENDPROC       T2ISR
  -------         ENDMOD        MAIN

  -------         MODULE        TIMER
  C:0000H         SYMBOL        _ICE_DUMMY_
  D:0080H         PUBLIC        P0
  D:0090H         PUBLIC        P1
  D:00A0H         PUBLIC        P2
  D:00B0H         PUBLIC        P3
  D:00C0H         PUBLIC        P4
  D:00C8H         PUBLIC        P5
  D:00E8H         PUBLIC        P6
  D:00F8H         PUBLIC        P7
  D:00A8H         PUBLIC        IE
  D:00B8H         PUBLIC        IP
  D:00D8H         PUBLIC        CCON
  C:0C47H         PUBLIC        Timer2_Init
  D:0098H         PUBLIC        SCON
  D:0088H         PUBLIC        TCON
  D:008EH         PUBLIC        AUXR
  D:00D6H         PUBLIC        T2H
  D:00D7H         PUBLIC        T2L
  D:00D0H         PUBLIC        PSW
  -------         PROC          TIMER2_INIT
  C:0C47H         LINE#         3
  C:0C47H         LINE#         4
  C:0C47H         LINE#         5
  C:0C4AH         LINE#         6
  C:0C4DH         LINE#         7
  C:0C50H         LINE#         8
  C:0C53H         LINE#         9
  -------         ENDPROC       TIMER2_INIT
  -------         ENDMOD        TIMER

  -------         MODULE        DEVICE
  C:0000H         SYMBOL        _ICE_DUMMY_
  D:0080H         PUBLIC        P0
  D:0090H         PUBLIC        P1
  D:00A0H         PUBLIC        P2
  D:00B0H         PUBLIC        P3
  D:00C0H         PUBLIC        P4
  D:00C8H         PUBLIC        P5
  D:00E8H         PUBLIC        P6
  B:00A8H.7       PUBLIC        EA
  D:00F8H         PUBLIC        P7
  D:00A8H         PUBLIC        IE
  D:00B8H         PUBLIC        IP
  D:00D8H         PUBLIC        CCON
  D:0098H         PUBLIC        SCON
  D:0088H         PUBLIC        TCON
  D:00AFH         PUBLIC        IE2
  C:0BF4H         PUBLIC        Device_Init
  C:0C54H         PUBLIC        _Device_Ctrl
BL51 BANKED LINKER/LOCATER V6.22.2.0                                                  03/16/2024  14:33:30  PAGE 9


  D:00D0H         PUBLIC        PSW
  -------         PROC          _DEVICE_CTRL
  D:0007H         SYMBOL        p2data
  D:0005H         SYMBOL        p0data
  C:0C54H         LINE#         3
  C:0C54H         LINE#         4
  C:0C54H         LINE#         5
  C:0C5BH         LINE#         6
  C:0C5DH         LINE#         7
  C:0C60H         LINE#         8
  -------         ENDPROC       _DEVICE_CTRL
  -------         PROC          DEVICE_INIT
  C:0BF4H         LINE#         10
  C:0BF4H         LINE#         11
  C:0BF4H         LINE#         12
  C:0BFBH         LINE#         13
  C:0C02H         LINE#         15
  C:0C05H         LINE#         16
  C:0C07H         LINE#         17
  -------         ENDPROC       DEVICE_INIT
  -------         ENDMOD        DEVICE

  -------         MODULE        IIC
  C:0000H         SYMBOL        _ICE_DUMMY_
  D:0080H         PUBLIC        P0
  D:0090H         PUBLIC        P1
  D:00A0H         PUBLIC        P2
  D:00B0H         PUBLIC        P3
  D:00C0H         PUBLIC        P4
  D:00C8H         PUBLIC        P5
  D:00E8H         PUBLIC        P6
  D:00F8H         PUBLIC        P7
  D:00A8H         PUBLIC        IE
  C:005BH         SYMBOL        _I2C_Delay
  D:00B8H         PUBLIC        IP
  C:0B92H         PUBLIC        I2CReceiveByte
  D:00D8H         PUBLIC        CCON
  D:0098H         PUBLIC        SCON
  D:0088H         PUBLIC        TCON
  B:00A0H.1       PUBLIC        sda
  B:00A0H.0       PUBLIC        scl
  C:0C2AH         PUBLIC        I2CStart
  C:0BDDH         PUBLIC        I2CSendAck
  C:0AFFH         PUBLIC        _I2CSendByte
  C:0C08H         PUBLIC        I2CWaitAck
  C:0C61H         PUBLIC        I2CStop
  D:00D0H         PUBLIC        PSW
  C:0057H         SYMBOL        L?0021
  -------         PROC          L?0020
  -------         ENDPROC       L?0020
  C:0057H         SYMBOL        L?0021
  -------         PROC          _I2C_DELAY
  D:0007H         SYMBOL        n
  C:005BH         LINE#         10
  C:005BH         LINE#         11
  C:005BH         LINE#         12
  C:005CH         LINE#         13
BL51 BANKED LINKER/LOCATER V6.22.2.0                                                  03/16/2024  14:33:30  PAGE 10


  C:0062H         LINE#         14
  -------         ENDPROC       _I2C_DELAY
  -------         PROC          I2CSTART
  C:0C2AH         LINE#         17
  C:0C2AH         LINE#         18
  C:0C2AH         LINE#         19
  C:0C2CH         LINE#         20
  C:0C2CH         LINE#         21
  C:0C2FH         LINE#         22
  C:0C31H         LINE#         23
  C:0C36H         LINE#         24
  C:0C38H         LINE#         25
  -------         ENDPROC       I2CSTART
  -------         PROC          I2CSTOP
  C:0C61H         LINE#         28
  C:0C61H         LINE#         29
  C:0C61H         LINE#         30
  C:0C63H         LINE#         31
  C:0C63H         LINE#         32
  C:0C66H         LINE#         33
  C:0C68H         LINE#         34
  -------         ENDPROC       I2CSTOP
  -------         PROC          _I2CSENDBYTE
  D:0005H         SYMBOL        byt
  -------         DO            
  D:0004H         SYMBOL        i
  -------         ENDDO         
  C:0AFFH         LINE#         38
  C:0B01H         LINE#         39
  C:0B01H         LINE#         42
  C:0B0DH         LINE#         43
  C:0B0FH         LINE#         44
  C:0B14H         LINE#         45
  C:0B18H         LINE#         46
  C:0B1AH         LINE#         47
  C:0B1CH         LINE#         48
  C:0B1CH         LINE#         49
  C:0B1EH         LINE#         50
  C:0B1EH         LINE#         51
  C:0B23H         LINE#         52
  C:0B25H         LINE#         53
  C:0B29H         LINE#         54
  C:0B2EH         LINE#         55
  C:0B31H         LINE#         57
  C:0B33H         LINE#         58
  -------         ENDPROC       _I2CSENDBYTE
  -------         PROC          I2CRECEIVEBYTE
  -------         DO            
  D:0005H         SYMBOL        da
  D:0004H         SYMBOL        i
  -------         ENDDO         
  C:0B92H         LINE#         61
  C:0B92H         LINE#         62
  C:0B92H         LINE#         65
  C:0B9EH         LINE#         66
  C:0B9EH         LINE#         67
  C:0BA1H         LINE#         68
BL51 BANKED LINKER/LOCATER V6.22.2.0                                                  03/16/2024  14:33:30  PAGE 11


  C:0BA5H         LINE#         69
  C:0BA8H         LINE#         70
  C:0BABH         LINE#         71
  C:0BADH         LINE#         72
  C:0BB2H         LINE#         73
  C:0BB5H         LINE#         74
  C:0BB7H         LINE#         75
  -------         ENDPROC       I2CRECEIVEBYTE
  -------         PROC          I2CWAITACK
  -------         DO            
  D:0005H         SYMBOL        ackbit
  -------         ENDDO         
  C:0C08H         LINE#         78
  C:0C08H         LINE#         79
  C:0C08H         LINE#         82
  C:0C08H         LINE#         83
  C:0C0BH         LINE#         84
  C:0C10H         LINE#         85
  C:0C12H         LINE#         86
  C:0C17H         LINE#         88
  C:0C19H         LINE#         89
  -------         ENDPROC       I2CWAITACK
  -------         PROC          I2CSENDACK
  B:0020H.2       SYMBOL        ackbit
  C:0BDDH         LINE#         92
  C:0BDDH         LINE#         93
  C:0BDDH         LINE#         94
  C:0BDFH         LINE#         95
  C:0BE3H         LINE#         96
  C:0BE8H         LINE#         97
  C:0BE8H         LINE#         98
  C:0BEBH         LINE#         99
  C:0BEDH         LINE#         100
  C:0BEFH         LINE#         101
  -------         ENDPROC       I2CSENDACK
  -------         ENDMOD        IIC

  -------         MODULE        KBD
  C:0000H         SYMBOL        _ICE_DUMMY_
  D:0080H         PUBLIC        P0
  D:0090H         PUBLIC        P1
  D:00A0H         PUBLIC        P2
  D:00B0H         PUBLIC        P3
  D:00C0H         PUBLIC        P4
  D:00C8H         PUBLIC        P5
  D:00E8H         PUBLIC        P6
  D:00F8H         PUBLIC        P7
  D:00A8H         PUBLIC        IE
  D:00B8H         PUBLIC        IP
  D:00D8H         PUBLIC        CCON
  C:0C39H         PUBLIC        KBD_Read
  B:00B0H.0       PUBLIC        P30
  B:00B0H.1       PUBLIC        P31
  D:0098H         PUBLIC        SCON
  B:00B0H.2       PUBLIC        P32
  D:0088H         PUBLIC        TCON
  D:001EH         PUBLIC        cont
BL51 BANKED LINKER/LOCATER V6.22.2.0                                                  03/16/2024  14:33:30  PAGE 12


  B:00C0H.2       PUBLIC        P42
  B:00B0H.3       PUBLIC        P33
  B:00B0H.4       PUBLIC        P34
  B:00C0H.4       PUBLIC        P44
  B:00B0H.5       PUBLIC        P35
  D:001FH         PUBLIC        pres
  C:0A8CH         PUBLIC        KBD_IO
  D:00D0H         PUBLIC        PSW
  -------         PROC          KBD_IO
  -------         DO            
  D:0007H         SYMBOL        io
  -------         ENDDO         
  C:0A8CH         LINE#         3
  C:0A8CH         LINE#         4
  C:0A8CH         LINE#         5
  C:0A8EH         LINE#         7
  C:0A94H         LINE#         8
  C:0A99H         LINE#         9
  C:0A9EH         LINE#         10
  C:0AA3H         LINE#         11
  C:0AA8H         LINE#         13
  C:0AAEH         LINE#         14
  C:0AB4H         LINE#         15
  C:0ABAH         LINE#         16
  C:0AC0H         LINE#         17
  C:0AC6H         LINE#         19
  C:0AC6H         LINE#         20
  -------         ENDPROC       KBD_IO
  -------         PROC          KBD_READ
  -------         DO            
  D:0007H         SYMBOL        state
  -------         ENDDO         
  C:0C39H         LINE#         23
  C:0C39H         LINE#         24
  C:0C39H         LINE#         25
  C:0C3FH         LINE#         26
  C:0C44H         LINE#         27
  C:0C46H         LINE#         28
  -------         ENDPROC       KBD_READ
  -------         ENDMOD        KBD

  -------         MODULE        SEG
  C:0000H         SYMBOL        _ICE_DUMMY_
  D:0080H         PUBLIC        P0
  D:0090H         PUBLIC        P1
  D:00A0H         PUBLIC        P2
  D:00B0H         PUBLIC        P3
  D:00C0H         PUBLIC        P4
  D:00C8H         PUBLIC        P5
  D:00E8H         PUBLIC        P6
  D:00F8H         PUBLIC        P7
  D:00A8H         PUBLIC        IE
  D:00B8H         PUBLIC        IP
  C:0B64H         PUBLIC        SEG_Display
  D:00D8H         PUBLIC        CCON
  D:0098H         PUBLIC        SCON
  D:0088H         PUBLIC        TCON
BL51 BANKED LINKER/LOCATER V6.22.2.0                                                  03/16/2024  14:33:30  PAGE 13


  C:0C1AH         PUBLIC        tab
  D:0022H         PUBLIC        seg_buf
  D:00D0H         PUBLIC        PSW
  -------         PROC          SEG_DISPLAY
  -------         DO            
  D:0021H         SYMBOL        i
  -------         ENDDO         
  C:0B64H         LINE#         24
  C:0B64H         LINE#         25
  C:0B64H         LINE#         27
  C:0B6BH         LINE#         28
  C:0B77H         LINE#         29
  C:0B8AH         LINE#         30
  C:0B91H         LINE#         31
  -------         ENDPROC       SEG_DISPLAY
  -------         ENDMOD        SEG

  -------         MODULE        ADDA
  C:0000H         SYMBOL        _ICE_DUMMY_
  D:0080H         PUBLIC        P0
  D:0090H         PUBLIC        P1
  D:00A0H         PUBLIC        P2
  D:00B0H         PUBLIC        P3
  D:00C0H         PUBLIC        P4
  D:00C8H         PUBLIC        P5
  D:00E8H         PUBLIC        P6
  D:00F8H         PUBLIC        P7
  D:00A8H         PUBLIC        IE
  D:00B8H         PUBLIC        IP
  D:00D8H         PUBLIC        CCON
  D:0098H         PUBLIC        SCON
  D:0088H         PUBLIC        TCON
  C:0B34H         PUBLIC        _AD_Read
  D:00D0H         PUBLIC        PSW
  -------         PROC          _AD_READ
  D:002AH         SYMBOL        addr
  -------         DO            
  D:002BH         SYMBOL        dat
  -------         ENDDO         
  C:0B34H         LINE#         5
  C:0B36H         LINE#         6
  C:0B36H         LINE#         8
  C:0B39H         LINE#         9
  C:0B3EH         LINE#         10
  C:0B41H         LINE#         11
  C:0B46H         LINE#         12
  C:0B49H         LINE#         14
  C:0B4CH         LINE#         15
  C:0B51H         LINE#         16
  C:0B54H         LINE#         17
  C:0B59H         LINE#         18
  C:0B5EH         LINE#         19
  C:0B61H         LINE#         21
  C:0B63H         LINE#         22
  -------         ENDPROC       _AD_READ
  -------         ENDMOD        ADDA

BL51 BANKED LINKER/LOCATER V6.22.2.0                                                  03/16/2024  14:33:30  PAGE 14


  -------         MODULE        EEPROM
  C:0000H         SYMBOL        _ICE_DUMMY_
  D:0080H         PUBLIC        P0
  D:0090H         PUBLIC        P1
  D:00A0H         PUBLIC        P2
  D:00B0H         PUBLIC        P3
  D:00C0H         PUBLIC        P4
  D:00C8H         PUBLIC        P5
  D:00E8H         PUBLIC        P6
  D:00F8H         PUBLIC        P7
  D:00A8H         PUBLIC        IE
  C:0C6DH         SYMBOL        _I2C_Delay
  D:00B8H         PUBLIC        IP
  D:00D8H         PUBLIC        CCON
  C:0003H         PUBLIC        _EEPROM_Read
  D:0098H         PUBLIC        SCON
  D:0088H         PUBLIC        TCON
  C:0A08H         PUBLIC        _EEPROM_Write
  D:00D0H         PUBLIC        PSW
  -------         PROC          _I2C_DELAY
  D:0007H         SYMBOL        n
  C:0C6DH         LINE#         3
  C:0C6DH         LINE#         4
  C:0C6DH         LINE#         5
  C:0C6EH         LINE#         6
  C:0C74H         LINE#         7
  -------         ENDPROC       _I2C_DELAY
  -------         PROC          _EEPROM_WRITE
  D:002AH         SYMBOL        dat
  D:002DH         SYMBOL        addr
  D:002EH         SYMBOL        num
  C:0A08H         LINE#         9
  C:0A10H         LINE#         10
  C:0A10H         LINE#         11
  C:0A13H         LINE#         12
  C:0A18H         LINE#         13
  C:0A1BH         LINE#         15
  C:0A20H         LINE#         16
  C:0A23H         LINE#         18
  C:0A2AH         LINE#         19
  C:0A3FH         LINE#         20
  C:0A42H         LINE#         21
  C:0A47H         LINE#         22
  C:0A49H         LINE#         24
  -------         ENDPROC       _EEPROM_WRITE
  -------         PROC          _EEPROM_READ
  D:002AH         SYMBOL        dat
  D:002DH         SYMBOL        addr
  D:002EH         SYMBOL        num
  C:0003H         LINE#         27
  C:000BH         LINE#         28
  C:000BH         LINE#         29
  C:000EH         LINE#         30
  C:0013H         LINE#         31
  C:0016H         LINE#         33
  C:001BH         LINE#         34
  C:001EH         LINE#         36
BL51 BANKED LINKER/LOCATER V6.22.2.0                                                  03/16/2024  14:33:30  PAGE 15


  C:0021H         LINE#         37
  C:0026H         LINE#         38
  C:0029H         LINE#         40
  C:0030H         LINE#         41
  C:0045H         LINE#         42
  C:004DH         LINE#         43
  C:0052H         LINE#         44
  C:0054H         LINE#         46
  -------         ENDPROC       _EEPROM_READ
  -------         ENDMOD        EEPROM

  -------         MODULE        ?C?FPADD
  C:006DH         PUBLIC        ?C?FPADD
  C:0069H         PUBLIC        ?C?FPSUB
  -------         ENDMOD        ?C?FPADD

  -------         MODULE        ?C?FPMUL
  C:015EH         PUBLIC        ?C?FPMUL
  -------         ENDMOD        ?C?FPMUL

  -------         MODULE        ?C?FPCMP
  C:0266H         PUBLIC        ?C?FPCMP
  C:0264H         PUBLIC        ?C?FPCMP3
  -------         ENDMOD        ?C?FPCMP

  -------         MODULE        ?C?FCAST
  C:02E7H         PUBLIC        ?C?FCASTC
  C:02E2H         PUBLIC        ?C?FCASTI
  C:02DDH         PUBLIC        ?C?FCASTL
  -------         ENDMOD        ?C?FCAST

  -------         MODULE        ?C?CASTF
  C:031BH         PUBLIC        ?C?CASTF
  -------         ENDMOD        ?C?CASTF

  -------         MODULE        ?C?CLDPTR
  C:039CH         PUBLIC        ?C?CLDPTR
  -------         ENDMOD        ?C?CLDPTR

  -------         MODULE        ?C?CSTPTR
  C:03B5H         PUBLIC        ?C?CSTPTR
  -------         ENDMOD        ?C?CSTPTR

  -------         MODULE        ?C?UIDIV
  C:03C7H         PUBLIC        ?C?UIDIV
  -------         ENDMOD        ?C?UIDIV

  -------         MODULE        ?C?ULDIV
  C:0458H         PUBLIC        ?C?ULDIV
  -------         ENDMOD        ?C?ULDIV

  -------         MODULE        ?C?LNEG
  C:04EAH         PUBLIC        ?C?LNEG
  -------         ENDMOD        ?C?LNEG

  -------         MODULE        ?C?ULCMP
  C:04F8H         PUBLIC        ?C?ULCMP
BL51 BANKED LINKER/LOCATER V6.22.2.0                                                  03/16/2024  14:33:30  PAGE 16


  -------         ENDMOD        ?C?ULCMP

Program Size: data=51.3 xdata=0 code=3189
LINK/LOCATE RUN COMPLETE.  0 WARNING(S),  0 ERROR(S)
