C51 COMPILER V9.56.0.0   ADDA                                                              03/10/2024 15:34:46 PAGE 1   


C51 COMPILER V9.56.0.0, COMPILATION OF MODULE ADDA
OBJECT MODULE PLACED IN .\Objects\ADDA.obj
COMPILER INVOKED BY: D:\C51\BIN\C51.EXE ADDA.c OPTIMIZE(8,SPEED) BROWSE DEBUG OBJECTEXTEND PRINT(.\Listings\ADDA.lst) TA
                    -BS(2) OBJECT(.\Objects\ADDA.obj)

line level    source

   1          #include "ADDA.h"
   2          //控制字 启用DAC：0x40 光敏(AIN1)0x41，Rb2(AIN3)0x43 同时获取需要调换！
   3          //8591写地址：0x90；读地址：0x91
   4          
   5          u8 AD_Read(u8 addr)//AD转换，入口参数控制字
   6          {
   7   1        u8 dat;
   8   1        I2CStart();
   9   1        I2CSendByte(0x90);
  10   1        I2CWaitAck();
  11   1        I2CSendByte(addr);
  12   1        I2CWaitAck();
  13   1        
  14   1        I2CStart();
  15   1        I2CSendByte(0x91);
  16   1        I2CWaitAck();
  17   1        dat = I2CReceiveByte();
  18   1        I2CSendAck(1);
  19   1        I2CStop();
  20   1        
  21   1        return dat;
  22   1      }
  23          
  24          //void DA_Write(u8 addr)//DA转换，入口参数模拟量(0~255对应0~5v)
  25          //{
  26          //  I2CStart();
  27          //  I2CSendByte(0x90);
  28          //  I2CWaitAck();
  29          //  I2CSendByte(0x40);
  30          //  I2CWaitAck();
  31          //  I2CSendByte(addr);
  32          //  I2CWaitAck();
  33          //  I2CStop();
  34          //}


MODULE INFORMATION:   STATIC OVERLAYABLE
   CODE SIZE        =     48    ----
   CONSTANT SIZE    =   ----    ----
   XDATA SIZE       =   ----    ----
   PDATA SIZE       =   ----    ----
   DATA SIZE        =   ----       2
   IDATA SIZE       =   ----    ----
   BIT SIZE         =   ----    ----
END OF MODULE INFORMATION.


C51 COMPILATION COMPLETE.  0 WARNING(S),  0 ERROR(S)
