BL51 BANKED LINKER/LOCATER V6.22.2.0                                                    04/20/2024  22:47:13  PAGE 1


BL51 BANKED LINKER/LOCATER V6.22.2.0, INVOKED BY:
D:\UV4\C51\BIN\BL51.EXE .\Objects\STARTUP.obj, .\Objects\main.obj, .\Objects\Timer.obj, .\Objects\Device.obj, .\Objects\
>> iic.obj, .\Objects\onewire.obj, .\Objects\KBD.obj, .\Objects\SEG.obj, .\Objects\ds1302.obj, .\Objects\DS18B20.obj, .\
>> Objects\ADDA.obj, .\Objects\EEPROM.obj, .\Objects\Usonic.obj TO .\Objects\15318178 PRINT (.\Listings\15318178.m51) RA
>> MSIZE (256)


MEMORY MODEL: SMALL WITH FLOATING POINT ARITHMETIC


INPUT MODULES INCLUDED:
  .\Objects\STARTUP.obj (?C_STARTUP)
  .\Objects\main.obj (MAIN)
  .\Objects\Timer.obj (TIMER)
  .\Objects\Device.obj (DEVICE)
  .\Objects\iic.obj (IIC)
  .\Objects\onewire.obj (ONEWIRE)
  .\Objects\KBD.obj (KBD)
  .\Objects\SEG.obj (SEG)
  .\Objects\ds1302.obj (DS1302)
  .\Objects\DS18B20.obj (DS18B20)
  .\Objects\ADDA.obj (ADDA)
  .\Objects\EEPROM.obj (EEPROM)
  .\Objects\Usonic.obj (USONIC)
  D:\UV4\C51\LIB\C51FPS.LIB (?C?FPMUL)
  D:\UV4\C51\LIB\C51FPS.LIB (?C?FPDIV)
  D:\UV4\C51\LIB\C51FPS.LIB (?C?FCAST)
  D:\UV4\C51\LIB\C51FPS.LIB (?C?CASTF)
  D:\UV4\C51\LIB\C51FPS.LIB (?C?FPGETOPN)
  D:\UV4\C51\LIB\C51S.LIB (?C_INIT)
  D:\UV4\C51\LIB\C51S.LIB (?C?CLDPTR)
  D:\UV4\C51\LIB\C51S.LIB (?C?CLDOPTR)
  D:\UV4\C51\LIB\C51S.LIB (?C?CSTPTR)
  D:\UV4\C51\LIB\C51S.LIB (?C?CSTOPTR)
  D:\UV4\C51\LIB\C51S.LIB (?C?LNEG)


LINK MAP OF MODULE:  .\Objects\15318178 (?C_STARTUP)


            TYPE    BASE      LENGTH    RELOCATION   SEGMENT NAME
            -----------------------------------------------------

            * * * * * * *   D A T A   M E M O R Y   * * * * * * *
            REG     0000H     0008H     ABSOLUTE     "REG BANK 0"
            DATA    0008H     0017H     UNIT         ?DT?MAIN
                    001FH     0001H                  *** GAP ***
            BIT     0020H.0   0000H.1   UNIT         _BIT_GROUP_
                    0020H.1   0000H.7                *** GAP ***
            DATA    0021H     0009H     UNIT         ?DT?SEG
            DATA    002AH     0005H     UNIT         _DATA_GROUP_
            DATA    002FH     0003H     UNIT         ?DT?KBD
            IDATA   0032H     0001H     UNIT         ?STACK

            * * * * * * *   C O D E   M E M O R Y   * * * * * * *
            CODE    0000H     0003H     ABSOLUTE     
            CODE    0003H     005BH     UNIT         ?PR?T2ISR?MAIN
                    005EH     0005H                  *** GAP ***
BL51 BANKED LINKER/LOCATER V6.22.2.0                                                  04/20/2024  22:47:13  PAGE 2


            CODE    0063H     0003H     ABSOLUTE     
            CODE    0066H     02EDH     UNIT         ?C?LIB_CODE
            CODE    0353H     008CH     UNIT         ?C_C51STARTUP
            CODE    03DFH     0058H     UNIT         ?PR?MINFO_PROCESS?MAIN
            CODE    0437H     0058H     UNIT         ?PR?SEG_PROCESS?MAIN
            CODE    048FH     0054H     UNIT         ?PR?_EEPROM_READ?EEPROM
            CODE    04E3H     004FH     UNIT         ?PR?KBD_IO?KBD
            CODE    0532H     0044H     UNIT         ?PR?_EEPROM_WRITE?EEPROM
            CODE    0576H     003EH     UNIT         ?PR?KBD_PROCESS?MAIN
            CODE    05B4H     003EH     UNIT         ?PR?_DS1302_SET?DS1302
            CODE    05F2H     003EH     UNIT         ?PR?ULTRA_READ?USONIC
            CODE    0630H     003DH     UNIT         ?PR?_READ_DS1302_BYTE?DS1302
            CODE    066DH     0037H     UNIT         ?PR?MAIN?MAIN
            CODE    06A4H     0035H     UNIT         ?PR?_I2CSENDBYTE?IIC
            CODE    06D9H     0034H     UNIT         ?PR?READ_TEMPER?DS18B20
            CODE    070DH     0031H     UNIT         ?PR?_DS1302_READ?DS1302
            CODE    073EH     0030H     UNIT         ?PR?_AD_READ?ADDA
            CODE    076EH     002EH     UNIT         ?PR?SEG_DISPLAY?SEG
            CODE    079CH     0027H     UNIT         ?PR?_WRITE_DS18B20?ONEWIRE
            CODE    07C3H     0027H     UNIT         ?PR?INIT_DS18B20?ONEWIRE
            CODE    07EAH     0026H     UNIT         ?PR?I2CRECEIVEBYTE?IIC
            CODE    0810H     0023H     UNIT         ?PR?READ_DS18B20?ONEWIRE
            CODE    0833H     0020H     UNIT         ?PR?_DA_WRITE?ADDA
            CODE    0853H     001EH     UNIT         ?PR?_DELAY_ONEWIRE?ONEWIRE
            CODE    0871H     001CH     UNIT         ?PR?_WRITE_DS1302?DS1302
            CODE    088DH     001AH     UNIT         ?PR?_I2C_DELAY?IIC
            CODE    08A7H     001AH     UNIT         ?PR?ULTRA_INIT?USONIC
            CODE    08C1H     0018H     UNIT         ?PR?_I2CSENDACK?IIC
            CODE    08D9H     0014H     UNIT         ?PR?DEVICE_INIT?DEVICE
            CODE    08EDH     0014H     UNIT         ?PR?KBD_READ?KBD
            CODE    0901H     0014H     UNIT         ?PR?_WRITE_DS1302_BYTE?DS1302
            CODE    0915H     0013H     UNIT         ?C_INITSEG
            CODE    0928H     0012H     UNIT         ?PR?I2CWAITACK?IIC
            CODE    093AH     0010H     UNIT         ?CO?SEG
            CODE    094AH     000FH     UNIT         ?PR?DELAY750MS?MAIN
            CODE    0959H     000FH     UNIT         ?PR?I2CSTART?IIC
            CODE    0968H     000DH     UNIT         ?PR?TIMER2_INIT?TIMER
            CODE    0975H     000DH     UNIT         ?PR?_DEVICE_CTRL?DEVICE
            CODE    0982H     000CH     UNIT         ?PR?I2CSTOP?IIC
            CODE    098EH     0007H     UNIT         ?PR?DELAY12US?USONIC



OVERLAY MAP OF MODULE:   .\Objects\15318178 (?C_STARTUP)


SEGMENT                                  BIT_GROUP          DATA_GROUP 
  +--> CALLED SEGMENT                 START    LENGTH     START    LENGTH
-------------------------------------------------------------------------
?C_C51STARTUP                         -----    -----      -----    -----
  +--> ?PR?MAIN?MAIN
  +--> ?C_INITSEG

?PR?MAIN?MAIN                         -----    -----      -----    -----
  +--> ?PR?TIMER2_INIT?TIMER
  +--> ?PR?DEVICE_INIT?DEVICE
  +--> ?PR?READ_TEMPER?DS18B20
BL51 BANKED LINKER/LOCATER V6.22.2.0                                                  04/20/2024  22:47:13  PAGE 3


  +--> ?PR?DELAY750MS?MAIN
  +--> ?PR?_DS1302_SET?DS1302
  +--> ?PR?_DS1302_READ?DS1302
  +--> ?PR?_EEPROM_READ?EEPROM
  +--> ?PR?MINFO_PROCESS?MAIN
  +--> ?PR?KBD_PROCESS?MAIN
  +--> ?PR?SEG_PROCESS?MAIN

?PR?DEVICE_INIT?DEVICE                -----    -----      -----    -----
  +--> ?PR?_DEVICE_CTRL?DEVICE

?PR?READ_TEMPER?DS18B20               -----    -----      002AH    0001H
  +--> ?PR?INIT_DS18B20?ONEWIRE
  +--> ?PR?_WRITE_DS18B20?ONEWIRE
  +--> ?PR?READ_DS18B20?ONEWIRE

?PR?INIT_DS18B20?ONEWIRE              0020H.0  0000H.1    -----    -----
  +--> ?PR?_DELAY_ONEWIRE?ONEWIRE

?PR?_WRITE_DS18B20?ONEWIRE            -----    -----      -----    -----
  +--> ?PR?_DELAY_ONEWIRE?ONEWIRE

?PR?READ_DS18B20?ONEWIRE              -----    -----      -----    -----
  +--> ?PR?_DELAY_ONEWIRE?ONEWIRE

?PR?_DS1302_SET?DS1302                -----    -----      002AH    0003H
  +--> ?PR?_WRITE_DS1302_BYTE?DS1302

?PR?_WRITE_DS1302_BYTE?DS1302         -----    -----      -----    -----
  +--> ?PR?_WRITE_DS1302?DS1302

?PR?_DS1302_READ?DS1302               -----    -----      002AH    0003H
  +--> ?PR?_READ_DS1302_BYTE?DS1302

?PR?_READ_DS1302_BYTE?DS1302          -----    -----      -----    -----
  +--> ?PR?_WRITE_DS1302?DS1302

?PR?_EEPROM_READ?EEPROM               -----    -----      002AH    0005H
  +--> ?PR?I2CSTART?IIC
  +--> ?PR?_I2CSENDBYTE?IIC
  +--> ?PR?I2CWAITACK?IIC
  +--> ?PR?I2CRECEIVEBYTE?IIC
  +--> ?PR?_I2CSENDACK?IIC
  +--> ?PR?I2CSTOP?IIC

?PR?I2CSTART?IIC                      -----    -----      -----    -----
  +--> ?PR?_I2C_DELAY?IIC

?PR?_I2CSENDBYTE?IIC                  -----    -----      -----    -----
  +--> ?PR?_I2C_DELAY?IIC

?PR?I2CWAITACK?IIC                    -----    -----      -----    -----
  +--> ?PR?_I2C_DELAY?IIC

?PR?I2CRECEIVEBYTE?IIC                -----    -----      -----    -----
  +--> ?PR?_I2C_DELAY?IIC

BL51 BANKED LINKER/LOCATER V6.22.2.0                                                  04/20/2024  22:47:13  PAGE 4


?PR?_I2CSENDACK?IIC                   -----    -----      -----    -----
  +--> ?PR?_I2C_DELAY?IIC

?PR?I2CSTOP?IIC                       -----    -----      -----    -----
  +--> ?PR?_I2C_DELAY?IIC

?PR?MINFO_PROCESS?MAIN                -----    -----      -----    -----
  +--> ?PR?_DA_WRITE?ADDA
  +--> ?PR?_AD_READ?ADDA
  +--> ?PR?ULTRA_READ?USONIC

?PR?_DA_WRITE?ADDA                    -----    -----      002AH    0001H
  +--> ?PR?I2CSTART?IIC
  +--> ?PR?_I2CSENDBYTE?IIC
  +--> ?PR?I2CWAITACK?IIC
  +--> ?PR?I2CSTOP?IIC

?PR?_AD_READ?ADDA                     -----    -----      002AH    0002H
  +--> ?PR?I2CSTART?IIC
  +--> ?PR?_I2CSENDBYTE?IIC
  +--> ?PR?I2CWAITACK?IIC
  +--> ?PR?I2CRECEIVEBYTE?IIC
  +--> ?PR?_I2CSENDACK?IIC
  +--> ?PR?I2CSTOP?IIC

?PR?ULTRA_READ?USONIC                 -----    -----      -----    -----
  +--> ?PR?ULTRA_INIT?USONIC

?PR?ULTRA_INIT?USONIC                 -----    -----      -----    -----
  +--> ?PR?DELAY12US?USONIC

?PR?KBD_PROCESS?MAIN                  -----    -----      -----    -----
  +--> ?PR?KBD_READ?KBD
  +--> ?PR?_EEPROM_WRITE?EEPROM
  +--> ?PR?_EEPROM_READ?EEPROM

?PR?KBD_READ?KBD                      -----    -----      -----    -----
  +--> ?PR?KBD_IO?KBD

?PR?_EEPROM_WRITE?EEPROM              -----    -----      002AH    0005H
  +--> ?PR?I2CSTART?IIC
  +--> ?PR?_I2CSENDBYTE?IIC
  +--> ?PR?I2CWAITACK?IIC
  +--> ?PR?_I2C_DELAY?IIC
  +--> ?PR?I2CSTOP?IIC

?PR?SEG_PROCESS?MAIN                  -----    -----      -----    -----
  +--> ?CO?SEG

*** NEW ROOT ***************************************************

?PR?T2ISR?MAIN                        -----    -----      -----    -----
  +--> ?PR?SEG_DISPLAY?SEG

?PR?SEG_DISPLAY?SEG                   -----    -----      -----    -----
  +--> ?PR?_DEVICE_CTRL?DEVICE

BL51 BANKED LINKER/LOCATER V6.22.2.0                                                  04/20/2024  22:47:13  PAGE 5




SYMBOL TABLE OF MODULE:  .\Objects\15318178 (?C_STARTUP)

  VALUE           TYPE          NAME
  ----------------------------------

  -------         MODULE        ?C_STARTUP
  C:0353H         SEGMENT       ?C_C51STARTUP
  I:0032H         SEGMENT       ?STACK
  C:0000H         PUBLIC        ?C_STARTUP
  D:00E0H         SYMBOL        ACC
  D:00F0H         SYMBOL        B
  D:0083H         SYMBOL        DPH
  D:0082H         SYMBOL        DPL
  N:0000H         SYMBOL        IBPSTACK
  N:0100H         SYMBOL        IBPSTACKTOP
  N:0080H         SYMBOL        IDATALEN
  C:0356H         SYMBOL        IDATALOOP
  N:0000H         SYMBOL        PBPSTACK
  N:0100H         SYMBOL        PBPSTACKTOP
  N:0000H         SYMBOL        PDATALEN
  N:0000H         SYMBOL        PDATASTART
  N:0000H         SYMBOL        PPAGE
  N:0000H         SYMBOL        PPAGEENABLE
  D:00A0H         SYMBOL        PPAGE_SFR
  D:0081H         SYMBOL        SP
  C:0353H         SYMBOL        STARTUP1
  N:0000H         SYMBOL        XBPSTACK
  N:0000H         SYMBOL        XBPSTACKTOP
  N:0000H         SYMBOL        XDATALEN
  N:0000H         SYMBOL        XDATASTART
  C:0000H         LINE#         126
  C:0353H         LINE#         133
  C:0355H         LINE#         134
  C:0356H         LINE#         135
  C:0357H         LINE#         136
  C:0359H         LINE#         185
  C:035CH         LINE#         196
  -------         ENDMOD        ?C_STARTUP

  -------         MODULE        MAIN
  C:0000H         SYMBOL        _ICE_DUMMY_
  D:0080H         PUBLIC        P0
  D:0090H         PUBLIC        P1
  D:00A0H         PUBLIC        P2
  D:00B0H         PUBLIC        P3
  D:00C0H         PUBLIC        P4
  D:00C8H         PUBLIC        P5
  D:00E8H         PUBLIC        P6
  D:00F8H         PUBLIC        P7
  D:0008H         PUBLIC        AIN1
  D:000CH         PUBLIC        AIN3
  D:00A8H         PUBLIC        IE
  D:0010H         PUBLIC        temper
  D:0014H         PUBLIC        keycnt
  C:0576H         PUBLIC        KBD_Process
BL51 BANKED LINKER/LOCATER V6.22.2.0                                                  04/20/2024  22:47:13  PAGE 6


  D:00B8H         PUBLIC        IP
  C:0437H         PUBLIC        SEG_Process
  D:00D8H         PUBLIC        CCON
  C:066DH         PUBLIC        main
  D:0015H         PUBLIC        icnt
  D:0098H         PUBLIC        SCON
  D:0088H         PUBLIC        TCON
  D:0016H         PUBLIC        dist
  C:03DFH         PUBLIC        mInfo_Process
  D:001AH         PUBLIC        rtc
  D:001DH         PUBLIC        sx
  C:094AH         PUBLIC        Delay750ms
  C:0003H         PUBLIC        T2ISR
  D:001EH         PUBLIC        x
  D:00D0H         PUBLIC        PSW
  -------         PROC          MINFO_PROCESS
  C:03DFH         LINE#         15
  C:03DFH         LINE#         16
  C:03DFH         LINE#         17
  C:03E3H         LINE#         18
  C:03E6H         LINE#         24
  C:03EBH         LINE#         25
  C:0408H         LINE#         26
  C:0425H         LINE#         28
  C:0436H         LINE#         29
  -------         ENDPROC       MINFO_PROCESS
  -------         PROC          KBD_PROCESS
  C:0576H         LINE#         32
  C:0576H         LINE#         33
  C:0576H         LINE#         34
  C:057AH         LINE#         35
  C:057DH         LINE#         37
  C:0580H         LINE#         39
  C:058BH         LINE#         40
  C:0593H         LINE#         41
  C:0599H         LINE#         42
  C:05A5H         LINE#         43
  C:05B3H         LINE#         44
  C:05B3H         LINE#         45
  -------         ENDPROC       KBD_PROCESS
  -------         PROC          SEG_PROCESS
  -------         DO            
  D:0007H         SYMBOL        i
  -------         ENDDO         
  C:0437H         LINE#         47
  C:0437H         LINE#         48
  C:0437H         LINE#         51
  C:0443H         LINE#         52
  C:0449H         LINE#         53
  C:044CH         LINE#         54
  C:0468H         LINE#         55
  C:0476H         LINE#         56
  C:048EH         LINE#         97
  -------         ENDPROC       SEG_PROCESS
  -------         PROC          DELAY750MS
  -------         DO            
  D:0007H         SYMBOL        i
BL51 BANKED LINKER/LOCATER V6.22.2.0                                                  04/20/2024  22:47:13  PAGE 7


  D:0006H         SYMBOL        j
  D:0005H         SYMBOL        k
  -------         ENDDO         
  C:094AH         LINE#         99
  C:094AH         LINE#         100
  C:094AH         LINE#         103
  C:094BH         LINE#         104
  C:094CH         LINE#         105
  C:094EH         LINE#         106
  C:0950H         LINE#         107
  C:0952H         LINE#         109
  C:0952H         LINE#         111
  C:0952H         LINE#         112
  C:0954H         LINE#         113
  C:0956H         LINE#         114
  C:0958H         LINE#         115
  -------         ENDPROC       DELAY750MS
  -------         PROC          MAIN
  C:066DH         LINE#         116
  C:066DH         LINE#         117
  C:066DH         LINE#         118
  C:0670H         LINE#         119
  C:0673H         LINE#         120
  C:0676H         LINE#         121
  C:0679H         LINE#         123
  C:0682H         LINE#         124
  C:068BH         LINE#         126
  C:0699H         LINE#         128
  C:0699H         LINE#         129
  C:0699H         LINE#         130
  C:069CH         LINE#         132
  C:069FH         LINE#         133
  C:06A2H         LINE#         134
  -------         ENDPROC       MAIN
  -------         PROC          T2ISR
  C:0003H         LINE#         137
  C:0020H         LINE#         139
  C:0023H         LINE#         141
  C:0033H         LINE#         142
  C:0043H         LINE#         143
  -------         ENDPROC       T2ISR
  -------         ENDMOD        MAIN

  -------         MODULE        TIMER
  C:0000H         SYMBOL        _ICE_DUMMY_
  D:0080H         PUBLIC        P0
  D:0090H         PUBLIC        P1
  D:00A0H         PUBLIC        P2
  D:00B0H         PUBLIC        P3
  D:00C0H         PUBLIC        P4
  D:00C8H         PUBLIC        P5
  D:00E8H         PUBLIC        P6
  D:00F8H         PUBLIC        P7
  D:00A8H         PUBLIC        IE
  D:00B8H         PUBLIC        IP
  D:00D8H         PUBLIC        CCON
  C:0968H         PUBLIC        Timer2_Init
BL51 BANKED LINKER/LOCATER V6.22.2.0                                                  04/20/2024  22:47:13  PAGE 8


  D:0098H         PUBLIC        SCON
  D:0088H         PUBLIC        TCON
  D:008EH         PUBLIC        AUXR
  D:00D6H         PUBLIC        T2H
  D:00D7H         PUBLIC        T2L
  D:00D0H         PUBLIC        PSW
  -------         PROC          TIMER2_INIT
  C:0968H         LINE#         3
  C:0968H         LINE#         4
  C:0968H         LINE#         5
  C:096BH         LINE#         6
  C:096EH         LINE#         7
  C:0971H         LINE#         8
  C:0974H         LINE#         9
  -------         ENDPROC       TIMER2_INIT
  -------         ENDMOD        TIMER

  -------         MODULE        DEVICE
  C:0000H         SYMBOL        _ICE_DUMMY_
  D:0080H         PUBLIC        P0
  D:0090H         PUBLIC        P1
  D:00A0H         PUBLIC        P2
  D:00B0H         PUBLIC        P3
  D:00C0H         PUBLIC        P4
  D:00C8H         PUBLIC        P5
  D:00E8H         PUBLIC        P6
  B:00A8H.7       PUBLIC        EA
  D:00F8H         PUBLIC        P7
  D:00A8H         PUBLIC        IE
  D:00B8H         PUBLIC        IP
  D:00D8H         PUBLIC        CCON
  D:0098H         PUBLIC        SCON
  D:0088H         PUBLIC        TCON
  D:00AFH         PUBLIC        IE2
  C:08D9H         PUBLIC        Device_Init
  C:0975H         PUBLIC        _Device_Ctrl
  D:00D0H         PUBLIC        PSW
  -------         PROC          _DEVICE_CTRL
  D:0007H         SYMBOL        p2data
  D:0005H         SYMBOL        p0data
  C:0975H         LINE#         3
  C:0975H         LINE#         4
  C:0975H         LINE#         5
  C:097CH         LINE#         6
  C:097EH         LINE#         7
  C:0981H         LINE#         8
  -------         ENDPROC       _DEVICE_CTRL
  -------         PROC          DEVICE_INIT
  C:08D9H         LINE#         10
  C:08D9H         LINE#         11
  C:08D9H         LINE#         12
  C:08E0H         LINE#         13
  C:08E7H         LINE#         15
  C:08EAH         LINE#         16
  C:08ECH         LINE#         17
  -------         ENDPROC       DEVICE_INIT
  -------         ENDMOD        DEVICE
BL51 BANKED LINKER/LOCATER V6.22.2.0                                                  04/20/2024  22:47:13  PAGE 9



  -------         MODULE        IIC
  C:0000H         SYMBOL        _ICE_DUMMY_
  D:0080H         PUBLIC        P0
  D:0090H         PUBLIC        P1
  D:00A0H         PUBLIC        P2
  D:00B0H         PUBLIC        P3
  D:00C0H         PUBLIC        P4
  D:00C8H         PUBLIC        P5
  D:00E8H         PUBLIC        P6
  D:00F8H         PUBLIC        P7
  D:00A8H         PUBLIC        IE
  C:0891H         PUBLIC        _I2C_Delay
  D:00B8H         PUBLIC        IP
  C:07EAH         PUBLIC        I2CReceiveByte
  D:00D8H         PUBLIC        CCON
  D:0098H         PUBLIC        SCON
  D:0088H         PUBLIC        TCON
  B:00A0H.1       PUBLIC        sda
  B:00A0H.0       PUBLIC        scl
  C:0959H         PUBLIC        I2CStart
  C:08C1H         PUBLIC        _I2CSendAck
  C:06A4H         PUBLIC        _I2CSendByte
  C:0928H         PUBLIC        I2CWaitAck
  C:0982H         PUBLIC        I2CStop
  D:00D0H         PUBLIC        PSW
  C:088DH         SYMBOL        L?0021
  -------         PROC          L?0020
  -------         ENDPROC       L?0020
  C:088DH         SYMBOL        L?0021
  -------         PROC          _I2C_DELAY
  D:0007H         SYMBOL        n
  C:0891H         LINE#         11
  C:0891H         LINE#         12
  C:0891H         LINE#         14
  C:0891H         LINE#         15
  C:0896H         LINE#         16
  C:089BH         LINE#         17
  C:08A0H         LINE#         18
  C:08A0H         LINE#         19
  C:08A6H         LINE#         20
  -------         ENDPROC       _I2C_DELAY
  -------         PROC          I2CSTART
  C:0959H         LINE#         23
  C:0959H         LINE#         24
  C:0959H         LINE#         25
  C:095BH         LINE#         26
  C:095BH         LINE#         27
  C:095EH         LINE#         28
  C:0960H         LINE#         29
  C:0965H         LINE#         30
  C:0967H         LINE#         31
  -------         ENDPROC       I2CSTART
  -------         PROC          I2CSTOP
  C:0982H         LINE#         34
  C:0982H         LINE#         35
  C:0982H         LINE#         36
BL51 BANKED LINKER/LOCATER V6.22.2.0                                                  04/20/2024  22:47:13  PAGE 10


  C:0984H         LINE#         37
  C:0984H         LINE#         38
  C:0987H         LINE#         39
  C:0989H         LINE#         40
  -------         ENDPROC       I2CSTOP
  -------         PROC          _I2CSENDBYTE
  D:0005H         SYMBOL        byt
  -------         DO            
  D:0004H         SYMBOL        i
  -------         ENDDO         
  C:06A4H         LINE#         44
  C:06A6H         LINE#         45
  C:06A6H         LINE#         48
  C:06B2H         LINE#         49
  C:06B4H         LINE#         50
  C:06B9H         LINE#         51
  C:06BDH         LINE#         52
  C:06BFH         LINE#         53
  C:06C1H         LINE#         54
  C:06C1H         LINE#         55
  C:06C3H         LINE#         56
  C:06C3H         LINE#         57
  C:06C8H         LINE#         58
  C:06CAH         LINE#         59
  C:06CEH         LINE#         60
  C:06D3H         LINE#         61
  C:06D6H         LINE#         63
  C:06D8H         LINE#         64
  -------         ENDPROC       _I2CSENDBYTE
  -------         PROC          I2CRECEIVEBYTE
  -------         DO            
  D:0005H         SYMBOL        da
  D:0004H         SYMBOL        i
  -------         ENDDO         
  C:07EAH         LINE#         67
  C:07EAH         LINE#         68
  C:07EAH         LINE#         71
  C:07F6H         LINE#         72
  C:07F6H         LINE#         73
  C:07F9H         LINE#         74
  C:07FDH         LINE#         75
  C:0800H         LINE#         76
  C:0803H         LINE#         77
  C:0805H         LINE#         78
  C:080AH         LINE#         79
  C:080DH         LINE#         80
  C:080FH         LINE#         81
  -------         ENDPROC       I2CRECEIVEBYTE
  -------         PROC          I2CWAITACK
  -------         DO            
  D:0005H         SYMBOL        ackbit
  -------         ENDDO         
  C:0928H         LINE#         84
  C:0928H         LINE#         85
  C:0928H         LINE#         88
  C:0928H         LINE#         89
  C:092BH         LINE#         90
BL51 BANKED LINKER/LOCATER V6.22.2.0                                                  04/20/2024  22:47:13  PAGE 11


  C:0930H         LINE#         91
  C:0932H         LINE#         92
  C:0937H         LINE#         94
  C:0939H         LINE#         95
  -------         ENDPROC       I2CWAITACK
  -------         PROC          _I2CSENDACK
  D:0007H         SYMBOL        ackbit
  C:08C1H         LINE#         98
  C:08C1H         LINE#         99
  C:08C1H         LINE#         100
  C:08C3H         LINE#         101
  C:08C8H         LINE#         102
  C:08CDH         LINE#         103
  C:08CDH         LINE#         104
  C:08D0H         LINE#         105
  C:08D2H         LINE#         106
  C:08D4H         LINE#         107
  -------         ENDPROC       _I2CSENDACK
  -------         ENDMOD        IIC

  -------         MODULE        ONEWIRE
  C:0000H         SYMBOL        _ICE_DUMMY_
  D:0080H         PUBLIC        P0
  D:0090H         PUBLIC        P1
  D:00A0H         PUBLIC        P2
  D:00B0H         PUBLIC        P3
  D:00C0H         PUBLIC        P4
  C:0810H         PUBLIC        Read_DS18B20
  D:00C8H         PUBLIC        P5
  D:00E8H         PUBLIC        P6
  D:00F8H         PUBLIC        P7
  D:00A8H         PUBLIC        IE
  C:0857H         PUBLIC        _Delay_OneWire
  C:079CH         PUBLIC        _Write_DS18B20
  B:0090H.4       PUBLIC        DQ
  D:00B8H         PUBLIC        IP
  C:07C3H         PUBLIC        init_ds18b20
  D:00D8H         PUBLIC        CCON
  D:0098H         PUBLIC        SCON
  D:0088H         PUBLIC        TCON
  D:00D0H         PUBLIC        PSW
  C:0853H         SYMBOL        L?0019
  -------         PROC          L?0018
  -------         ENDPROC       L?0018
  C:0853H         SYMBOL        L?0019
  -------         PROC          _DELAY_ONEWIRE
  D:0006H         SYMBOL        t
  -------         DO            
  D:0005H         SYMBOL        i
  -------         ENDDO         
  C:0857H         LINE#         9
  C:0857H         LINE#         10
  C:0857H         LINE#         12
  C:0861H         LINE#         13
  C:0870H         LINE#         14
  C:0870H         LINE#         15
  -------         ENDPROC       _DELAY_ONEWIRE
BL51 BANKED LINKER/LOCATER V6.22.2.0                                                  04/20/2024  22:47:13  PAGE 12


  -------         PROC          _WRITE_DS18B20
  D:0001H         SYMBOL        dat
  -------         DO            
  D:0003H         SYMBOL        i
  -------         ENDDO         
  C:079CH         LINE#         18
  C:079EH         LINE#         19
  C:079EH         LINE#         21
  C:07AAH         LINE#         22
  C:07AAH         LINE#         23
  C:07ACH         LINE#         24
  C:07B0H         LINE#         25
  C:07B3H         LINE#         26
  C:07B5H         LINE#         27
  C:07B9H         LINE#         28
  C:07BCH         LINE#         29
  -------         ENDPROC       _WRITE_DS18B20
  -------         PROC          READ_DS18B20
  -------         DO            
  D:0003H         SYMBOL        i
  D:0004H         SYMBOL        dat
  -------         ENDDO         
  C:0810H         LINE#         33
  C:0810H         LINE#         34
  C:0810H         LINE#         38
  C:081CH         LINE#         39
  C:081CH         LINE#         40
  C:081EH         LINE#         41
  C:0822H         LINE#         42
  C:0824H         LINE#         43
  C:0827H         LINE#         44
  C:0827H         LINE#         45
  C:082AH         LINE#         46
  C:082AH         LINE#         47
  C:082DH         LINE#         48
  C:0830H         LINE#         49
  C:0832H         LINE#         50
  -------         ENDPROC       READ_DS18B20
  -------         PROC          INIT_DS18B20
  -------         DO            
  B:0020H.0       SYMBOL        initflag
  -------         ENDDO         
  C:07C3H         LINE#         53
  C:07C3H         LINE#         54
  C:07C3H         LINE#         55
  C:07C5H         LINE#         57
  C:07C7H         LINE#         58
  C:07CEH         LINE#         59
  C:07D0H         LINE#         60
  C:07D7H         LINE#         61
  C:07D9H         LINE#         62
  C:07E0H         LINE#         63
  C:07E4H         LINE#         64
  C:07E7H         LINE#         66
  C:07E9H         LINE#         67
  -------         ENDPROC       INIT_DS18B20
  -------         ENDMOD        ONEWIRE
BL51 BANKED LINKER/LOCATER V6.22.2.0                                                  04/20/2024  22:47:13  PAGE 13



  -------         MODULE        KBD
  C:0000H         SYMBOL        _ICE_DUMMY_
  D:0080H         PUBLIC        P0
  D:0090H         PUBLIC        P1
  D:00A0H         PUBLIC        P2
  D:00B0H         PUBLIC        P3
  D:00C0H         PUBLIC        P4
  D:00C8H         PUBLIC        P5
  D:00E8H         PUBLIC        P6
  D:00F8H         PUBLIC        P7
  D:00A8H         PUBLIC        IE
  D:00B8H         PUBLIC        IP
  D:00D8H         PUBLIC        CCON
  C:08EDH         PUBLIC        KBD_Read
  B:00B0H.0       PUBLIC        P30
  B:00B0H.1       PUBLIC        P31
  D:0098H         PUBLIC        SCON
  B:00B0H.2       PUBLIC        P32
  D:0088H         PUBLIC        TCON
  D:002FH         PUBLIC        cont
  B:00C0H.2       PUBLIC        P42
  B:00B0H.3       PUBLIC        P33
  B:00B0H.4       PUBLIC        P34
  D:0030H         PUBLIC        rels
  B:00C0H.4       PUBLIC        P44
  B:00B0H.5       PUBLIC        P35
  D:0031H         PUBLIC        pres
  C:04E3H         PUBLIC        KBD_IO
  D:00D0H         PUBLIC        PSW
  -------         PROC          KBD_IO
  -------         DO            
  D:0007H         SYMBOL        io
  -------         ENDDO         
  C:04E3H         LINE#         3
  C:04E3H         LINE#         4
  C:04E3H         LINE#         5
  C:04E5H         LINE#         7
  C:04EDH         LINE#         8
  C:04F5H         LINE#         9
  C:04FAH         LINE#         10
  C:04FFH         LINE#         11
  C:0504H         LINE#         12
  C:0509H         LINE#         14
  C:0511H         LINE#         15
  C:0519H         LINE#         16
  C:051FH         LINE#         17
  C:0525H         LINE#         18
  C:052BH         LINE#         19
  C:0531H         LINE#         21
  C:0531H         LINE#         22
  -------         ENDPROC       KBD_IO
  -------         PROC          KBD_READ
  -------         DO            
  D:0007H         SYMBOL        state
  -------         ENDDO         
  C:08EDH         LINE#         25
BL51 BANKED LINKER/LOCATER V6.22.2.0                                                  04/20/2024  22:47:13  PAGE 14


  C:08EDH         LINE#         26
  C:08EDH         LINE#         27
  C:08F3H         LINE#         28
  C:08F9H         LINE#         29
  C:08FEH         LINE#         30
  C:0900H         LINE#         31
  -------         ENDPROC       KBD_READ
  -------         ENDMOD        KBD

  -------         MODULE        SEG
  C:0000H         SYMBOL        _ICE_DUMMY_
  D:0080H         PUBLIC        P0
  D:0090H         PUBLIC        P1
  D:00A0H         PUBLIC        P2
  D:00B0H         PUBLIC        P3
  D:00C0H         PUBLIC        P4
  D:00C8H         PUBLIC        P5
  D:00E8H         PUBLIC        P6
  D:00F8H         PUBLIC        P7
  D:00A8H         PUBLIC        IE
  D:00B8H         PUBLIC        IP
  C:076EH         PUBLIC        SEG_Display
  D:00D8H         PUBLIC        CCON
  D:0098H         PUBLIC        SCON
  D:0088H         PUBLIC        TCON
  C:093AH         PUBLIC        tab
  D:0022H         PUBLIC        seg_buf
  D:00D0H         PUBLIC        PSW
  -------         PROC          SEG_DISPLAY
  -------         DO            
  D:0021H         SYMBOL        i
  -------         ENDDO         
  C:076EH         LINE#         24
  C:076EH         LINE#         25
  C:076EH         LINE#         27
  C:0775H         LINE#         28
  C:0781H         LINE#         29
  C:0794H         LINE#         30
  C:079BH         LINE#         31
  -------         ENDPROC       SEG_DISPLAY
  -------         ENDMOD        SEG

  -------         MODULE        DS1302
  C:0000H         SYMBOL        _ICE_DUMMY_
  D:0080H         PUBLIC        P0
  D:0090H         PUBLIC        P1
  D:00A0H         PUBLIC        P2
  D:00B0H         PUBLIC        P3
  D:00C0H         PUBLIC        P4
  D:00C8H         PUBLIC        P5
  D:00E8H         PUBLIC        P6
  D:00F8H         PUBLIC        P7
  D:00A8H         PUBLIC        IE
  D:00B8H         PUBLIC        IP
  D:00D8H         PUBLIC        CCON
  D:0098H         PUBLIC        SCON
  D:0088H         PUBLIC        TCON
BL51 BANKED LINKER/LOCATER V6.22.2.0                                                  04/20/2024  22:47:13  PAGE 15


  C:070DH         PUBLIC        _DS1302_Read
  C:0630H         PUBLIC        _Read_Ds1302_Byte
  B:00A0H.3       PUBLIC        SDA
  B:0090H.7       PUBLIC        SCK
  C:0901H         PUBLIC        _Write_Ds1302_Byte
  C:05B4H         PUBLIC        _DS1302_Set
  C:0871H         PUBLIC        _Write_Ds1302
  B:0090H.3       PUBLIC        RST
  D:00D0H         PUBLIC        PSW
  -------         PROC          _WRITE_DS1302
  D:0007H         SYMBOL        temp
  -------         DO            
  D:0006H         SYMBOL        i
  -------         ENDDO         
  C:0871H         LINE#         9
  C:0871H         LINE#         10
  C:0871H         LINE#         12
  C:087DH         LINE#         13
  C:087DH         LINE#         14
  C:087FH         LINE#         15
  C:0883H         LINE#         16
  C:0887H         LINE#         17
  C:0889H         LINE#         18
  C:088CH         LINE#         19
  -------         ENDPROC       _WRITE_DS1302
  -------         PROC          _WRITE_DS1302_BYTE
  D:0007H         SYMBOL        address
  D:0005H         SYMBOL        dat
  C:0901H         LINE#         22
  C:0901H         LINE#         23
  C:0901H         LINE#         24
  C:0904H         LINE#         25
  C:0907H         LINE#         26
  C:090AH         LINE#         27
  C:090DH         LINE#         28
  C:0912H         LINE#         29
  C:0914H         LINE#         30
  -------         ENDPROC       _WRITE_DS1302_BYTE
  -------         PROC          _READ_DS1302_BYTE
  D:0007H         SYMBOL        address
  -------         DO            
  D:0007H         SYMBOL        i
  D:0005H         SYMBOL        temp
  -------         ENDDO         
  C:0630H         LINE#         33
  C:0630H         LINE#         34
  C:0630H         LINE#         35
  C:0632H         LINE#         36
  C:0635H         LINE#         37
  C:0638H         LINE#         38
  C:063BH         LINE#         39
  C:063EH         LINE#         40
  C:064AH         LINE#         41
  C:064AH         LINE#         42
  C:064CH         LINE#         43
  C:0650H         LINE#         44
  C:0653H         LINE#         45
BL51 BANKED LINKER/LOCATER V6.22.2.0                                                  04/20/2024  22:47:13  PAGE 16


  C:0656H         LINE#         46
  C:0658H         LINE#         47
  C:065BH         LINE#         48
  C:065EH         LINE#         49
  C:0661H         LINE#         50
  C:0664H         LINE#         51
  C:0667H         LINE#         52
  C:066AH         LINE#         53
  C:066CH         LINE#         54
  -------         ENDPROC       _READ_DS1302_BYTE
  -------         PROC          _DS1302_SET
  D:002AH         SYMBOL        time
  -------         DO            
  D:0004H         SYMBOL        i
  -------         ENDDO         
  C:05B4H         LINE#         56
  C:05BAH         LINE#         57
  C:05BAH         LINE#         60
  C:05C1H         LINE#         62
  C:05CDH         LINE#         63
  C:05E8H         LINE#         64
  C:05EBH         LINE#         66
  -------         ENDPROC       _DS1302_SET
  -------         PROC          _DS1302_READ
  D:002AH         SYMBOL        time
  -------         DO            
  D:0004H         SYMBOL        i
  -------         ENDDO         
  C:070DH         LINE#         69
  C:0713H         LINE#         70
  C:0713H         LINE#         73
  C:071FH         LINE#         74
  C:073AH         LINE#         75
  C:073DH         LINE#         76
  -------         ENDPROC       _DS1302_READ
  -------         ENDMOD        DS1302

  -------         MODULE        DS18B20
  C:0000H         SYMBOL        _ICE_DUMMY_
  D:0080H         PUBLIC        P0
  D:0090H         PUBLIC        P1
  D:00A0H         PUBLIC        P2
  D:00B0H         PUBLIC        P3
  D:00C0H         PUBLIC        P4
  D:00C8H         PUBLIC        P5
  D:00E8H         PUBLIC        P6
  D:00F8H         PUBLIC        P7
  D:00A8H         PUBLIC        IE
  D:00B8H         PUBLIC        IP
  D:00D8H         PUBLIC        CCON
  D:0098H         PUBLIC        SCON
  D:0088H         PUBLIC        TCON
  C:06D9H         PUBLIC        Read_Temper
  D:00D0H         PUBLIC        PSW
  -------         PROC          READ_TEMPER
  -------         DO            
  D:002AH         SYMBOL        l
BL51 BANKED LINKER/LOCATER V6.22.2.0                                                  04/20/2024  22:47:13  PAGE 17


  D:0007H         SYMBOL        h
  -------         ENDDO         
  C:06D9H         LINE#         3
  C:06D9H         LINE#         4
  C:06D9H         LINE#         7
  C:06DCH         LINE#         8
  C:06E1H         LINE#         9
  C:06E6H         LINE#         11
  C:06E9H         LINE#         12
  C:06EEH         LINE#         13
  C:06F3H         LINE#         15
  C:06F8H         LINE#         16
  C:06FBH         LINE#         18
  -------         ENDPROC       READ_TEMPER
  -------         ENDMOD        DS18B20

  -------         MODULE        ADDA
  C:0000H         SYMBOL        _ICE_DUMMY_
  D:0080H         PUBLIC        P0
  D:0090H         PUBLIC        P1
  D:00A0H         PUBLIC        P2
  D:00B0H         PUBLIC        P3
  D:00C0H         PUBLIC        P4
  D:00C8H         PUBLIC        P5
  D:00E8H         PUBLIC        P6
  D:00F8H         PUBLIC        P7
  D:00A8H         PUBLIC        IE
  D:00B8H         PUBLIC        IP
  D:00D8H         PUBLIC        CCON
  D:0098H         PUBLIC        SCON
  D:0088H         PUBLIC        TCON
  C:073EH         PUBLIC        _AD_Read
  C:0833H         PUBLIC        _DA_Write
  D:00D0H         PUBLIC        PSW
  -------         PROC          _AD_READ
  D:002AH         SYMBOL        addr
  -------         DO            
  D:002BH         SYMBOL        dat
  -------         ENDDO         
  C:073EH         LINE#         3
  C:0740H         LINE#         4
  C:0740H         LINE#         7
  C:0743H         LINE#         8
  C:0748H         LINE#         9
  C:074BH         LINE#         10
  C:0750H         LINE#         11
  C:0753H         LINE#         13
  C:0756H         LINE#         14
  C:075BH         LINE#         15
  C:075EH         LINE#         16
  C:0763H         LINE#         17
  C:0768H         LINE#         18
  C:076BH         LINE#         20
  C:076DH         LINE#         21
  -------         ENDPROC       _AD_READ
  -------         PROC          _DA_WRITE
  D:002AH         SYMBOL        dat
BL51 BANKED LINKER/LOCATER V6.22.2.0                                                  04/20/2024  22:47:13  PAGE 18


  C:0833H         LINE#         23
  C:0835H         LINE#         24
  C:0835H         LINE#         25
  C:0838H         LINE#         26
  C:083DH         LINE#         27
  C:0840H         LINE#         28
  C:0845H         LINE#         29
  C:0848H         LINE#         30
  C:084DH         LINE#         31
  C:0850H         LINE#         32
  -------         ENDPROC       _DA_WRITE
  -------         ENDMOD        ADDA

  -------         MODULE        EEPROM
  C:0000H         SYMBOL        _ICE_DUMMY_
  D:0080H         PUBLIC        P0
  D:0090H         PUBLIC        P1
  D:00A0H         PUBLIC        P2
  D:00B0H         PUBLIC        P3
  D:00C0H         PUBLIC        P4
  D:00C8H         PUBLIC        P5
  D:00E8H         PUBLIC        P6
  D:00F8H         PUBLIC        P7
  D:00A8H         PUBLIC        IE
  D:00B8H         PUBLIC        IP
  D:00D8H         PUBLIC        CCON
  C:048FH         PUBLIC        _EEPROM_Read
  D:0098H         PUBLIC        SCON
  D:0088H         PUBLIC        TCON
  C:0532H         PUBLIC        _EEPROM_Write
  D:00D0H         PUBLIC        PSW
  -------         PROC          _EEPROM_WRITE
  D:002AH         SYMBOL        dat
  D:002DH         SYMBOL        addr
  D:002EH         SYMBOL        num
  C:0532H         LINE#         3
  C:053AH         LINE#         4
  C:053AH         LINE#         5
  C:053DH         LINE#         6
  C:0542H         LINE#         7
  C:0545H         LINE#         9
  C:054AH         LINE#         10
  C:054DH         LINE#         12
  C:0554H         LINE#         13
  C:0569H         LINE#         14
  C:056CH         LINE#         15
  C:0571H         LINE#         16
  C:0573H         LINE#         18
  -------         ENDPROC       _EEPROM_WRITE
  -------         PROC          _EEPROM_READ
  D:002AH         SYMBOL        dat
  D:002DH         SYMBOL        addr
  D:002EH         SYMBOL        num
  C:048FH         LINE#         21
  C:0497H         LINE#         22
  C:0497H         LINE#         23
  C:049AH         LINE#         24
BL51 BANKED LINKER/LOCATER V6.22.2.0                                                  04/20/2024  22:47:13  PAGE 19


  C:049FH         LINE#         25
  C:04A2H         LINE#         27
  C:04A7H         LINE#         28
  C:04AAH         LINE#         30
  C:04ADH         LINE#         31
  C:04B2H         LINE#         32
  C:04B5H         LINE#         34
  C:04BCH         LINE#         35
  C:04D1H         LINE#         36
  C:04D9H         LINE#         37
  C:04DEH         LINE#         38
  C:04E0H         LINE#         40
  -------         ENDPROC       _EEPROM_READ
  -------         ENDMOD        EEPROM

  -------         MODULE        USONIC
  C:0000H         SYMBOL        _ICE_DUMMY_
  D:0080H         PUBLIC        P0
  D:0090H         PUBLIC        P1
  C:08A7H         PUBLIC        Ultra_Init
  D:00A0H         PUBLIC        P2
  D:00B0H         PUBLIC        P3
  D:00C0H         PUBLIC        P4
  D:00C8H         PUBLIC        P5
  D:00E8H         PUBLIC        P6
  B:00A8H.7       PUBLIC        EA
  D:00F8H         PUBLIC        P7
  B:00D8H.7       PUBLIC        CF
  D:00F9H         PUBLIC        CH
  D:00A8H         PUBLIC        IE
  D:00E9H         PUBLIC        CL
  B:00D8H.6       PUBLIC        CR
  D:00B8H         PUBLIC        IP
  D:00D8H         PUBLIC        CCON
  D:0098H         PUBLIC        SCON
  D:0088H         PUBLIC        TCON
  C:098EH         PUBLIC        Delay12us
  B:0090H.1       PUBLIC        Rx
  B:0090H.0       PUBLIC        Tx
  C:05F2H         PUBLIC        Ultra_Read
  D:00D0H         PUBLIC        PSW
  -------         PROC          DELAY12US
  -------         DO            
  D:0007H         SYMBOL        i
  -------         ENDDO         
  C:098EH         LINE#         3
  C:098EH         LINE#         4
  C:098EH         LINE#         7
  C:098FH         LINE#         8
  C:0990H         LINE#         9
  C:0992H         LINE#         10
  C:0994H         LINE#         11
  -------         ENDPROC       DELAY12US
  -------         PROC          ULTRA_INIT
  -------         DO            
  D:0006H         SYMBOL        i
  -------         ENDDO         
BL51 BANKED LINKER/LOCATER V6.22.2.0                                                  04/20/2024  22:47:13  PAGE 20


  C:08A7H         LINE#         13
  C:08A7H         LINE#         14
  C:08A7H         LINE#         17
  C:08B3H         LINE#         18
  C:08B5H         LINE#         19
  C:08B8H         LINE#         20
  C:08BAH         LINE#         21
  C:08BDH         LINE#         22
  C:08C0H         LINE#         23
  -------         ENDPROC       ULTRA_INIT
  -------         PROC          ULTRA_READ
  -------         DO            
  D:0006H         SYMBOL        t
  -------         ENDDO         
  C:05F2H         LINE#         25
  C:05F2H         LINE#         26
  C:05F2H         LINE#         29
  C:05F7H         LINE#         30
  C:05F9H         LINE#         32
  C:05FBH         LINE#         33
  C:05FEH         LINE#         34
  C:0600H         LINE#         36
  C:0602H         LINE#         37
  C:060AH         LINE#         38
  C:060CH         LINE#         39
  C:060FH         LINE#         40
  C:0617H         LINE#         41
  C:062BH         LINE#         42
  C:062BH         LINE#         43
  C:062BH         LINE#         44
  C:062DH         LINE#         45
  C:062FH         LINE#         46
  C:062FH         LINE#         47
  -------         ENDPROC       ULTRA_READ
  -------         ENDMOD        USONIC

  -------         MODULE        ?C?FPMUL
  C:0066H         PUBLIC        ?C?FPMUL
  -------         ENDMOD        ?C?FPMUL

  -------         MODULE        ?C?FPDIV
  C:016FH         PUBLIC        ?C?FPDIV
  -------         ENDMOD        ?C?FPDIV

  -------         MODULE        ?C?FCAST
  C:0216H         PUBLIC        ?C?FCASTC
  C:0211H         PUBLIC        ?C?FCASTI
  C:020CH         PUBLIC        ?C?FCASTL
  -------         ENDMOD        ?C?FCAST

  -------         MODULE        ?C?CASTF
  C:024AH         PUBLIC        ?C?CASTF
  -------         ENDMOD        ?C?CASTF

  -------         MODULE        ?C?CLDPTR
  C:02CBH         PUBLIC        ?C?CLDPTR
  -------         ENDMOD        ?C?CLDPTR
BL51 BANKED LINKER/LOCATER V6.22.2.0                                                  04/20/2024  22:47:13  PAGE 21



  -------         MODULE        ?C?CLDOPTR
  C:02E4H         PUBLIC        ?C?CLDOPTR
  -------         ENDMOD        ?C?CLDOPTR

  -------         MODULE        ?C?CSTPTR
  C:0311H         PUBLIC        ?C?CSTPTR
  -------         ENDMOD        ?C?CSTPTR

  -------         MODULE        ?C?CSTOPTR
  C:0323H         PUBLIC        ?C?CSTOPTR
  -------         ENDMOD        ?C?CSTOPTR

  -------         MODULE        ?C?LNEG
  C:0345H         PUBLIC        ?C?LNEG
  -------         ENDMOD        ?C?LNEG

Program Size: data=49.1 xdata=0 code=2448
LINK/LOCATE RUN COMPLETE.  0 WARNING(S),  0 ERROR(S)
